
> diamond@0.1.0 build
> next build

 ⚠ Warning: Next.js inferred your workspace root, but it may not be correct.
 We detected multiple lockfiles and selected the directory of /Users/atef/package-lock.json as the root directory.
 To silence this warning, set `outputFileTracingRoot` in your Next.js config, or consider removing one of the lockfiles if it's not needed.
   See https://nextjs.org/docs/app/api-reference/config/next-config-js/output#caveats for more information.
 Detected additional lockfiles: 
   * /Users/atef/Downloads/DiamondV Finale/package-lock.json

   ▲ Next.js 15.5.4
   - Environments: .env
   - Experiments (use with caution):
     · optimizePackageImports

   Creating an optimized production build ...
 ✓ Compiled successfully in 2.0s
   Linting and checking validity of types ...

Failed to compile.

./src/app/(auth)/signin/page.tsx
45:19  Error: Unexpected any. Specify a different type.  @typescript-eslint/no-explicit-any
57:13  Warning: Using `<img>` could result in slower LCP and higher bandwidth. Consider using `<Image />` from `next/image` or a custom image loader to automatically optimize images. This may incur additional usage or cost from your provider. See: https://nextjs.org/docs/messages/no-img-element  @next/next/no-img-element

./src/app/(auth)/signup/page.tsx
76:15  Warning: 'data' is assigned a value but never used.  @typescript-eslint/no-unused-vars
170:28  Error: `'` can be escaped with `&apos;`, `&lsquo;`, `&#39;`, `&rsquo;`.  react/no-unescaped-entities
541:22  Error: `'` can be escaped with `&apos;`, `&lsquo;`, `&#39;`, `&rsquo;`.  react/no-unescaped-entities
560:22  Error: `'` can be escaped with `&apos;`, `&lsquo;`, `&#39;`, `&rsquo;`.  react/no-unescaped-entities
563:22  Error: `'` can be escaped with `&apos;`, `&lsquo;`, `&#39;`, `&rsquo;`.  react/no-unescaped-entities

./src/app/(dashboard)/admin/page.tsx
26:46  Error: Unexpected any. Specify a different type.  @typescript-eslint/no-explicit-any

./src/app/(dashboard)/ajouter-patient/page.tsx
3:38  Warning: 'useRef' is defined but never used.  @typescript-eslint/no-unused-vars
10:10  Warning: 'Badge' is defined but never used.  @typescript-eslint/no-unused-vars
11:80  Warning: 'Plus' is defined but never used.  @typescript-eslint/no-unused-vars
19:3  Warning: 'DiamondCardHeader' is defined but never used.  @typescript-eslint/no-unused-vars
20:3  Warning: 'DiamondCardTitle' is defined but never used.  @typescript-eslint/no-unused-vars
24:3  Warning: 'Form' is defined but never used.  @typescript-eslint/no-unused-vars
25:3  Warning: 'FormControl' is defined but never used.  @typescript-eslint/no-unused-vars
26:3  Warning: 'FormField' is defined but never used.  @typescript-eslint/no-unused-vars
27:3  Warning: 'FormItem' is defined but never used.  @typescript-eslint/no-unused-vars
28:3  Warning: 'FormLabel' is defined but never used.  @typescript-eslint/no-unused-vars
29:3  Warning: 'FormMessage' is defined but never used.  @typescript-eslint/no-unused-vars
32:3  Warning: 'Select' is defined but never used.  @typescript-eslint/no-unused-vars
33:3  Warning: 'SelectContent' is defined but never used.  @typescript-eslint/no-unused-vars
34:3  Warning: 'SelectItem' is defined but never used.  @typescript-eslint/no-unused-vars
35:3  Warning: 'SelectTrigger' is defined but never used.  @typescript-eslint/no-unused-vars
36:3  Warning: 'SelectValue' is defined but never used.  @typescript-eslint/no-unused-vars
175:18  Error: Unexpected any. Specify a different type.  @typescript-eslint/no-explicit-any
188:10  Warning: 'isLoading' is assigned a value but never used.  @typescript-eslint/no-unused-vars
188:21  Warning: 'setIsLoading' is assigned a value but never used.  @typescript-eslint/no-unused-vars
189:10  Warning: 'completedSteps' is assigned a value but never used.  @typescript-eslint/no-unused-vars
189:26  Warning: 'setCompletedSteps' is assigned a value but never used.  @typescript-eslint/no-unused-vars
190:10  Warning: 'otherPhotosCount' is assigned a value but never used.  @typescript-eslint/no-unused-vars
190:28  Warning: 'setOtherPhotosCount' is assigned a value but never used.  @typescript-eslint/no-unused-vars
208:9  Warning: 'patientTypeForm' is assigned a value but never used.  @typescript-eslint/no-unused-vars
216:9  Warning: 'patientDetailsForm' is assigned a value but never used.  @typescript-eslint/no-unused-vars
334:35  Error: Unexpected any. Specify a different type.  @typescript-eslint/no-explicit-any
419:29  Warning: Using `<img>` could result in slower LCP and higher bandwidth. Consider using `<Image />` from `next/image` or a custom image loader to automatically optimize images. This may incur additional usage or cost from your provider. See: https://nextjs.org/docs/messages/no-img-element  @next/next/no-img-element
479:23  Warning: Using `<img>` could result in slower LCP and higher bandwidth. Consider using `<Image />` from `next/image` or a custom image loader to automatically optimize images. This may incur additional usage or cost from your provider. See: https://nextjs.org/docs/messages/no-img-element  @next/next/no-img-element
494:43  Error: `'` can be escaped with `&apos;`, `&lsquo;`, `&#39;`, `&rsquo;`.  react/no-unescaped-entities
686:70  Error: `'` can be escaped with `&apos;`, `&lsquo;`, `&#39;`, `&rsquo;`.  react/no-unescaped-entities
687:77  Error: `'` can be escaped with `&apos;`, `&lsquo;`, `&#39;`, `&rsquo;`.  react/no-unescaped-entities
749:66  Error: `'` can be escaped with `&apos;`, `&lsquo;`, `&#39;`, `&rsquo;`.  react/no-unescaped-entities
974:43  Error: `'` can be escaped with `&apos;`, `&lsquo;`, `&#39;`, `&rsquo;`.  react/no-unescaped-entities

./src/app/(dashboard)/billing/page.tsx
7:3  Warning: 'Plus' is defined but never used.  @typescript-eslint/no-unused-vars
8:3  Warning: 'MoreHorizontal' is defined but never used.  @typescript-eslint/no-unused-vars
10:3  Warning: 'Send' is defined but never used.  @typescript-eslint/no-unused-vars
14:3  Warning: 'AlertCircle' is defined but never used.  @typescript-eslint/no-unused-vars
19:3  Warning: 'DropdownMenu' is defined but never used.  @typescript-eslint/no-unused-vars
20:3  Warning: 'DropdownMenuContent' is defined but never used.  @typescript-eslint/no-unused-vars
21:3  Warning: 'DropdownMenuItem' is defined but never used.  @typescript-eslint/no-unused-vars
22:3  Warning: 'DropdownMenuTrigger' is defined but never used.  @typescript-eslint/no-unused-vars

./src/app/(dashboard)/dashboard/page.tsx
21:3  Warning: 'Check' is defined but never used.  @typescript-eslint/no-unused-vars
52:9  Error: Unexpected any. Specify a different type.  @typescript-eslint/no-explicit-any
57:15  Error: Unexpected any. Specify a different type.  @typescript-eslint/no-explicit-any
213:59  Error: Unexpected any. Specify a different type.  @typescript-eslint/no-explicit-any
228:13  Error: Unexpected any. Specify a different type.  @typescript-eslint/no-explicit-any
237:29  Error: Unexpected any. Specify a different type.  @typescript-eslint/no-explicit-any
361:6  Warning: React Hook useEffect has missing dependencies: 'language' and 't'. Either include them or remove the dependency array.  react-hooks/exhaustive-deps
363:35  Error: Unexpected any. Specify a different type.  @typescript-eslint/no-explicit-any
377:35  Error: Unexpected any. Specify a different type.  @typescript-eslint/no-explicit-any

./src/app/(dashboard)/demo/page.tsx
12:3  Error: Use "@ts-expect-error" instead of "@ts-ignore", as "@ts-ignore" will do nothing if the following line is error-free.  @typescript-eslint/ban-ts-comment
14:3  Error: Use "@ts-expect-error" instead of "@ts-ignore", as "@ts-ignore" will do nothing if the following line is error-free.  @typescript-eslint/ban-ts-comment
16:3  Error: Use "@ts-expect-error" instead of "@ts-ignore", as "@ts-ignore" will do nothing if the following line is error-free.  @typescript-eslint/ban-ts-comment
22:3  Warning: 'DiamondCardDescription' is defined but never used.  @typescript-eslint/no-unused-vars
23:3  Warning: 'DiamondCardHeader' is defined but never used.  @typescript-eslint/no-unused-vars
24:3  Warning: 'DiamondCardTitle' is defined but never used.  @typescript-eslint/no-unused-vars
32:3  Warning: 'Activity' is defined but never used.  @typescript-eslint/no-unused-vars
33:3  Warning: 'Box' is defined but never used.  @typescript-eslint/no-unused-vars
34:3  Warning: 'BrainCircuit' is defined but never used.  @typescript-eslint/no-unused-vars
39:3  Warning: 'Info' is defined but never used.  @typescript-eslint/no-unused-vars
43:3  Warning: 'PlayCircle' is defined but never used.  @typescript-eslint/no-unused-vars
159:5  Error: Use "@ts-expect-error" instead of "@ts-ignore", as "@ts-ignore" will do nothing if the following line is error-free.  @typescript-eslint/ban-ts-comment
160:121  Error: Unexpected any. Specify a different type.  @typescript-eslint/no-explicit-any
164:5  Error: Use "@ts-expect-error" instead of "@ts-ignore", as "@ts-ignore" will do nothing if the following line is error-free.  @typescript-eslint/ban-ts-comment
165:77  Error: Unexpected any. Specify a different type.  @typescript-eslint/no-explicit-any
231:18  Warning: The ref value 'mountRef.current' will likely have changed by the time this effect cleanup function runs. If this ref points to a node rendered by React, copy 'mountRef.current' to a variable inside the effect, and use that variable in the cleanup function.  react-hooks/exhaustive-deps
325:19  Warning: Using `<img>` could result in slower LCP and higher bandwidth. Consider using `<Image />` from `next/image` or a custom image loader to automatically optimize images. This may incur additional usage or cost from your provider. See: https://nextjs.org/docs/messages/no-img-element  @next/next/no-img-element
413:33  Warning: Using `<img>` could result in slower LCP and higher bandwidth. Consider using `<Image />` from `next/image` or a custom image loader to automatically optimize images. This may incur additional usage or cost from your provider. See: https://nextjs.org/docs/messages/no-img-element  @next/next/no-img-element
420:33  Warning: Using `<img>` could result in slower LCP and higher bandwidth. Consider using `<Image />` from `next/image` or a custom image loader to automatically optimize images. This may incur additional usage or cost from your provider. See: https://nextjs.org/docs/messages/no-img-element  @next/next/no-img-element
451:13  Warning: Using `<img>` could result in slower LCP and higher bandwidth. Consider using `<Image />` from `next/image` or a custom image loader to automatically optimize images. This may incur additional usage or cost from your provider. See: https://nextjs.org/docs/messages/no-img-element  @next/next/no-img-element

./src/app/(dashboard)/diamond-academy/page.tsx
7:5  Warning: 'DiamondCardDescription' is defined but never used.  @typescript-eslint/no-unused-vars
8:5  Warning: 'DiamondCardHeader' is defined but never used.  @typescript-eslint/no-unused-vars
9:5  Warning: 'DiamondCardTitle' is defined but never used.  @typescript-eslint/no-unused-vars
30:5  Warning: 'Trophy' is defined but never used.  @typescript-eslint/no-unused-vars
193:99  Error: `'` can be escaped with `&apos;`, `&lsquo;`, `&#39;`, `&rsquo;`.  react/no-unescaped-entities
249:45  Warning: Using `<img>` could result in slower LCP and higher bandwidth. Consider using `<Image />` from `next/image` or a custom image loader to automatically optimize images. This may incur additional usage or cost from your provider. See: https://nextjs.org/docs/messages/no-img-element  @next/next/no-img-element
306:29  Warning: Using `<img>` could result in slower LCP and higher bandwidth. Consider using `<Image />` from `next/image` or a custom image loader to automatically optimize images. This may incur additional usage or cost from your provider. See: https://nextjs.org/docs/messages/no-img-element  @next/next/no-img-element
379:37  Warning: Using `<img>` could result in slower LCP and higher bandwidth. Consider using `<Image />` from `next/image` or a custom image loader to automatically optimize images. This may incur additional usage or cost from your provider. See: https://nextjs.org/docs/messages/no-img-element  @next/next/no-img-element
433:68  Error: `'` can be escaped with `&apos;`, `&lsquo;`, `&#39;`, `&rsquo;`.  react/no-unescaped-entities

./src/app/(dashboard)/diamond-purity/page.tsx
11:10  Warning: 'Progress' is defined but never used.  @typescript-eslint/no-unused-vars
14:10  Warning: 'Badge' is defined but never used.  @typescript-eslint/no-unused-vars
15:18  Warning: 'Star' is defined but never used.  @typescript-eslint/no-unused-vars
16:8  Warning: 'Image' is defined but never used.  @typescript-eslint/no-unused-vars
112:6  Warning: React Hook useEffect has missing dependencies: 'levels' and 'stats'. Either include them or remove the dependency array.  react-hooks/exhaustive-deps

./src/app/(dashboard)/diamond-purity/simulator/page.tsx
3:27  Warning: 'useEffect' is defined but never used.  @typescript-eslint/no-unused-vars
111:114  Error: `'` can be escaped with `&apos;`, `&lsquo;`, `&#39;`, `&rsquo;`.  react/no-unescaped-entities
144:79  Error: `'` can be escaped with `&apos;`, `&lsquo;`, `&#39;`, `&rsquo;`.  react/no-unescaped-entities

./src/app/(dashboard)/events/page.tsx
7:5  Warning: 'DiamondCardDescription' is defined but never used.  @typescript-eslint/no-unused-vars
8:5  Warning: 'DiamondCardHeader' is defined but never used.  @typescript-eslint/no-unused-vars
9:5  Warning: 'DiamondCardTitle' is defined but never used.  @typescript-eslint/no-unused-vars
22:5  Warning: 'Users' is defined but never used.  @typescript-eslint/no-unused-vars
134:25  Warning: Using `<img>` could result in slower LCP and higher bandwidth. Consider using `<Image />` from `next/image` or a custom image loader to automatically optimize images. This may incur additional usage or cost from your provider. See: https://nextjs.org/docs/messages/no-img-element  @next/next/no-img-element
211:29  Warning: Using `<img>` could result in slower LCP and higher bandwidth. Consider using `<Image />` from `next/image` or a custom image loader to automatically optimize images. This may incur additional usage or cost from your provider. See: https://nextjs.org/docs/messages/no-img-element  @next/next/no-img-element
253:38  Error: `'` can be escaped with `&apos;`, `&lsquo;`, `&#39;`, `&rsquo;`.  react/no-unescaped-entities

./src/app/(dashboard)/layout.tsx
6:41  Warning: 'SidebarTrigger' is defined but never used.  @typescript-eslint/no-unused-vars
9:3  Warning: 'Select' is defined but never used.  @typescript-eslint/no-unused-vars
10:3  Warning: 'SelectContent' is defined but never used.  @typescript-eslint/no-unused-vars
11:3  Warning: 'SelectItem' is defined but never used.  @typescript-eslint/no-unused-vars
12:3  Warning: 'SelectTrigger' is defined but never used.  @typescript-eslint/no-unused-vars
13:3  Warning: 'SelectValue' is defined but never used.  @typescript-eslint/no-unused-vars
15:8  Warning: 'Image' is defined but never used.  @typescript-eslint/no-unused-vars
20:7  Warning: 'languageOptions' is assigned a value but never used.  @typescript-eslint/no-unused-vars
39:10  Warning: 'isLoading' is assigned a value but never used.  @typescript-eslint/no-unused-vars
39:21  Warning: 'setIsLoading' is assigned a value but never used.  @typescript-eslint/no-unused-vars
40:10  Warning: 'isAuthenticated' is assigned a value but never used.  @typescript-eslint/no-unused-vars
40:27  Warning: 'setIsAuthenticated' is assigned a value but never used.  @typescript-eslint/no-unused-vars
42:11  Warning: 'language' is assigned a value but never used.  @typescript-eslint/no-unused-vars
42:21  Warning: 'setLanguage' is assigned a value but never used.  @typescript-eslint/no-unused-vars
43:11  Warning: 't' is assigned a value but never used.  @typescript-eslint/no-unused-vars
47:9  Warning: 'isNewPatientPage' is assigned a value but never used.  @typescript-eslint/no-unused-vars

./src/app/(dashboard)/patients/[id]/page.tsx
5:10  Warning: 'auth' is defined but never used.  @typescript-eslint/no-unused-vars
6:26  Warning: 'getDoc' is defined but never used.  @typescript-eslint/no-unused-vars
7:10  Warning: 'onAuthStateChanged' is defined but never used.  @typescript-eslint/no-unused-vars
54:3  Warning: 'DiamondCardDescription' is defined but never used.  @typescript-eslint/no-unused-vars
57:3  Warning: 'DiamondCardFooter' is defined but never used.  @typescript-eslint/no-unused-vars
62:3  Warning: 'Calendar' is defined but never used.  @typescript-eslint/no-unused-vars
65:3  Warning: 'Eye' is defined but never used.  @typescript-eslint/no-unused-vars
70:3  Warning: 'Upload' is defined but never used.  @typescript-eslint/no-unused-vars
73:3  Warning: 'Clock' is defined but never used.  @typescript-eslint/no-unused-vars
74:3  Warning: 'TrendingUp' is defined but never used.  @typescript-eslint/no-unused-vars
90:8  Warning: 'clipLogo' is defined but never used.  @typescript-eslint/no-unused-vars
92:10  Warning: 'Card' is defined but never used.  @typescript-eslint/no-unused-vars
92:16  Warning: 'CardContent' is defined but never used.  @typescript-eslint/no-unused-vars
106:12  Error: Unexpected any. Specify a different type.  @typescript-eslint/no-explicit-any
107:19  Error: Unexpected any. Specify a different type.  @typescript-eslint/no-explicit-any
108:11  Error: Unexpected any. Specify a different type.  @typescript-eslint/no-explicit-any
109:13  Error: Unexpected any. Specify a different type.  @typescript-eslint/no-explicit-any
134:25  Error: Unexpected any. Specify a different type.  @typescript-eslint/no-explicit-any
156:41  Error: Unexpected any. Specify a different type.  @typescript-eslint/no-explicit-any
161:10  Warning: 'showPhotosModal' is assigned a value but never used.  @typescript-eslint/no-unused-vars
161:27  Warning: 'setShowPhotosModal' is assigned a value but never used.  @typescript-eslint/no-unused-vars
162:10  Warning: 'showRadiosModal' is assigned a value but never used.  @typescript-eslint/no-unused-vars
162:27  Warning: 'setShowRadiosModal' is assigned a value but never used.  @typescript-eslint/no-unused-vars
203:28  Warning: 'setOtherPhotosCount' is assigned a value but never used.  @typescript-eslint/no-unused-vars
311:9  Warning: 'handleReject' is assigned a value but never used.  @typescript-eslint/no-unused-vars
366:71  Error: Unexpected any. Specify a different type.  @typescript-eslint/no-explicit-any
367:36  Error: Unexpected any. Specify a different type.  @typescript-eslint/no-explicit-any
367:70  Error: Unexpected any. Specify a different type.  @typescript-eslint/no-explicit-any
367:106  Error: Unexpected any. Specify a different type.  @typescript-eslint/no-explicit-any
386:34  Error: Unexpected any. Specify a different type.  @typescript-eslint/no-explicit-any
389:23  Error: Unexpected any. Specify a different type.  @typescript-eslint/no-explicit-any
396:47  Error: Unexpected any. Specify a different type.  @typescript-eslint/no-explicit-any
396:82  Error: Unexpected any. Specify a different type.  @typescript-eslint/no-explicit-any
396:117  Error: Unexpected any. Specify a different type.  @typescript-eslint/no-explicit-any
400:34  Error: Unexpected any. Specify a different type.  @typescript-eslint/no-explicit-any
401:38  Error: Unexpected any. Specify a different type.  @typescript-eslint/no-explicit-any
413:52  Error: Unexpected any. Specify a different type.  @typescript-eslint/no-explicit-any
419:6  Warning: React Hook useEffect has a missing dependency: 'initialTpChecksList'. Either include it or remove the dependency array.  react-hooks/exhaustive-deps
419:7  Warning: React Hook useEffect has a complex expression in the dependency array. Extract it to a separate variable so it can be statically checked.  react-hooks/exhaustive-deps
419:23  Error: Unexpected any. Specify a different type.  @typescript-eslint/no-explicit-any
421:9  Warning: 'isLivred' is assigned a value but never used.  @typescript-eslint/no-unused-vars
421:36  Error: Unexpected any. Specify a different type.  @typescript-eslint/no-explicit-any
425:45  Error: Unexpected any. Specify a different type.  @typescript-eslint/no-explicit-any
425:78  Error: Unexpected any. Specify a different type.  @typescript-eslint/no-explicit-any
429:43  Error: Unexpected any. Specify a different type.  @typescript-eslint/no-explicit-any
451:107  Error: Unexpected any. Specify a different type.  @typescript-eslint/no-explicit-any
452:23  Error: Unexpected any. Specify a different type.  @typescript-eslint/no-explicit-any
466:112  Error: Unexpected any. Specify a different type.  @typescript-eslint/no-explicit-any
467:23  Error: Unexpected any. Specify a different type.  @typescript-eslint/no-explicit-any
480:9  Warning: 'openGallery' is assigned a value but never used.  @typescript-eslint/no-unused-vars
504:6  Warning: React Hook useEffect has missing dependencies: 'nextPhoto' and 'prevPhoto'. Either include them or remove the dependency array.  react-hooks/exhaustive-deps
537:9  Warning: 'sparkPoints' is assigned a value but never used.  @typescript-eslint/no-unused-vars
629:14  Warning: 'e' is defined but never used.  @typescript-eslint/no-unused-vars
632:6  Warning: React Hook useEffect has a missing dependency: 'allowedAdvIds'. Either include it or remove the dependency array.  react-hooks/exhaustive-deps
639:14  Warning: 'e' is defined but never used.  @typescript-eslint/no-unused-vars
832:33  Error: Unexpected any. Specify a different type.  @typescript-eslint/no-explicit-any
833:42  Error: Unexpected any. Specify a different type.  @typescript-eslint/no-explicit-any
833:112  Error: Unexpected any. Specify a different type.  @typescript-eslint/no-explicit-any
836:38  Error: Unexpected any. Specify a different type.  @typescript-eslint/no-explicit-any
837:14  Error: Unexpected any. Specify a different type.  @typescript-eslint/no-explicit-any
841:6  Warning: React Hook useEffect has a missing dependency: 'fetchedPatient'. Either include it or remove the dependency array.  react-hooks/exhaustive-deps
841:7  Warning: React Hook useEffect has a complex expression in the dependency array. Extract it to a separate variable so it can be statically checked.  react-hooks/exhaustive-deps
841:25  Error: Unexpected any. Specify a different type.  @typescript-eslint/no-explicit-any
943:75  Error: Unexpected any. Specify a different type.  @typescript-eslint/no-explicit-any
1043:31  Warning: 'formattedDate' is assigned a value but never used.  @typescript-eslint/no-unused-vars
1113:44  Error: Unexpected any. Specify a different type.  @typescript-eslint/no-explicit-any
1186:75  Error: `'` can be escaped with `&apos;`, `&lsquo;`, `&#39;`, `&rsquo;`.  react/no-unescaped-entities
1238:167  Error: `'` can be escaped with `&apos;`, `&lsquo;`, `&#39;`, `&rsquo;`.  react/no-unescaped-entities
1266:55  Error: Unexpected any. Specify a different type.  @typescript-eslint/no-explicit-any
1266:60  Warning: 'index' is defined but never used.  @typescript-eslint/no-unused-vars
1271:73  Error: Unexpected any. Specify a different type.  @typescript-eslint/no-explicit-any
1754:56  Error: Unexpected any. Specify a different type.  @typescript-eslint/no-explicit-any
1754:84  Error: Unexpected any. Specify a different type.  @typescript-eslint/no-explicit-any
1846:23  Warning: Image elements must have an alt prop, either with meaningful text, or an empty string for decorative images.  jsx-a11y/alt-text
1884:31  Warning: Using `<img>` could result in slower LCP and higher bandwidth. Consider using `<Image />` from `next/image` or a custom image loader to automatically optimize images. This may incur additional usage or cost from your provider. See: https://nextjs.org/docs/messages/no-img-element  @next/next/no-img-element
1900:31  Warning: Using `<img>` could result in slower LCP and higher bandwidth. Consider using `<Image />` from `next/image` or a custom image loader to automatically optimize images. This may incur additional usage or cost from your provider. See: https://nextjs.org/docs/messages/no-img-element  @next/next/no-img-element
1960:31  Warning: Using `<img>` could result in slower LCP and higher bandwidth. Consider using `<Image />` from `next/image` or a custom image loader to automatically optimize images. This may incur additional usage or cost from your provider. See: https://nextjs.org/docs/messages/no-img-element  @next/next/no-img-element
1975:29  Warning: Using `<img>` could result in slower LCP and higher bandwidth. Consider using `<Image />` from `next/image` or a custom image loader to automatically optimize images. This may incur additional usage or cost from your provider. See: https://nextjs.org/docs/messages/no-img-element  @next/next/no-img-element
2018:55  Error: Unexpected any. Specify a different type.  @typescript-eslint/no-explicit-any
2030:57  Error: Unexpected any. Specify a different type.  @typescript-eslint/no-explicit-any
2050:68  Error: Unexpected any. Specify a different type.  @typescript-eslint/no-explicit-any
2053:59  Error: Unexpected any. Specify a different type.  @typescript-eslint/no-explicit-any
2054:66  Error: Unexpected any. Specify a different type.  @typescript-eslint/no-explicit-any
2054:89  Error: Unexpected any. Specify a different type.  @typescript-eslint/no-explicit-any
2058:55  Error: Unexpected any. Specify a different type.  @typescript-eslint/no-explicit-any
2059:35  Warning: Using `<img>` could result in slower LCP and higher bandwidth. Consider using `<Image />` from `next/image` or a custom image loader to automatically optimize images. This may incur additional usage or cost from your provider. See: https://nextjs.org/docs/messages/no-img-element  @next/next/no-img-element
2059:51  Error: Unexpected any. Specify a different type.  @typescript-eslint/no-explicit-any
2059:72  Error: Unexpected any. Specify a different type.  @typescript-eslint/no-explicit-any
2069:61  Error: Unexpected any. Specify a different type.  @typescript-eslint/no-explicit-any
2070:68  Error: Unexpected any. Specify a different type.  @typescript-eslint/no-explicit-any
2070:91  Error: Unexpected any. Specify a different type.  @typescript-eslint/no-explicit-any
2077:48  Error: Unexpected any. Specify a different type.  @typescript-eslint/no-explicit-any
2194:98  Error: `'` can be escaped with `&apos;`, `&lsquo;`, `&#39;`, `&rsquo;`.  react/no-unescaped-entities
2217:19  Warning: Image elements must have an alt prop, either with meaningful text, or an empty string for decorative images.  jsx-a11y/alt-text
2232:23  Warning: Image elements must have an alt prop, either with meaningful text, or an empty string for decorative images.  jsx-a11y/alt-text
2244:27  Warning: Using `<img>` could result in slower LCP and higher bandwidth. Consider using `<Image />` from `next/image` or a custom image loader to automatically optimize images. This may incur additional usage or cost from your provider. See: https://nextjs.org/docs/messages/no-img-element  @next/next/no-img-element
2306:31  Warning: Using `<img>` could result in slower LCP and higher bandwidth. Consider using `<Image />` from `next/image` or a custom image loader to automatically optimize images. This may incur additional usage or cost from your provider. See: https://nextjs.org/docs/messages/no-img-element  @next/next/no-img-element
2371:38  Error: Unexpected any. Specify a different type.  @typescript-eslint/no-explicit-any
2374:80  Warning: 'label' is defined but never used.  @typescript-eslint/no-unused-vars
2419:37  Error: Unexpected any. Specify a different type.  @typescript-eslint/no-explicit-any
2618:33  Warning: Using `<img>` could result in slower LCP and higher bandwidth. Consider using `<Image />` from `next/image` or a custom image loader to automatically optimize images. This may incur additional usage or cost from your provider. See: https://nextjs.org/docs/messages/no-img-element  @next/next/no-img-element
2672:29  Warning: Using `<img>` could result in slower LCP and higher bandwidth. Consider using `<Image />` from `next/image` or a custom image loader to automatically optimize images. This may incur additional usage or cost from your provider. See: https://nextjs.org/docs/messages/no-img-element  @next/next/no-img-element
2685:29  Warning: Using `<img>` could result in slower LCP and higher bandwidth. Consider using `<Image />` from `next/image` or a custom image loader to automatically optimize images. This may incur additional usage or cost from your provider. See: https://nextjs.org/docs/messages/no-img-element  @next/next/no-img-element
2754:21  Warning: Using `<img>` could result in slower LCP and higher bandwidth. Consider using `<Image />` from `next/image` or a custom image loader to automatically optimize images. This may incur additional usage or cost from your provider. See: https://nextjs.org/docs/messages/no-img-element  @next/next/no-img-element
2789:25  Warning: Using `<img>` could result in slower LCP and higher bandwidth. Consider using `<Image />` from `next/image` or a custom image loader to automatically optimize images. This may incur additional usage or cost from your provider. See: https://nextjs.org/docs/messages/no-img-element  @next/next/no-img-element
2814:21  Warning: Using `<img>` could result in slower LCP and higher bandwidth. Consider using `<Image />` from `next/image` or a custom image loader to automatically optimize images. This may incur additional usage or cost from your provider. See: https://nextjs.org/docs/messages/no-img-element  @next/next/no-img-element
2822:21  Warning: Using `<img>` could result in slower LCP and higher bandwidth. Consider using `<Image />` from `next/image` or a custom image loader to automatically optimize images. This may incur additional usage or cost from your provider. See: https://nextjs.org/docs/messages/no-img-element  @next/next/no-img-element

./src/app/(dashboard)/patients/add/page.tsx
24:35  Warning: 'Calendar' is defined but never used.  @typescript-eslint/no-unused-vars
24:45  Warning: 'MapPin' is defined but never used.  @typescript-eslint/no-unused-vars
24:60  Warning: 'Mail' is defined but never used.  @typescript-eslint/no-unused-vars

./src/app/(dashboard)/patients/new/page.tsx
10:10  Warning: 'Badge' is defined but never used.  @typescript-eslint/no-unused-vars
16:8  Warning: 'rightSideImg' is defined but never used.  @typescript-eslint/no-unused-vars
17:8  Warning: 'leftSideImg' is defined but never used.  @typescript-eslint/no-unused-vars
18:8  Warning: 'frontTeethImg' is defined but never used.  @typescript-eslint/no-unused-vars
19:8  Warning: 'lowerScanImg' is defined but never used.  @typescript-eslint/no-unused-vars
32:3  Warning: 'DiamondCardHeader' is defined but never used.  @typescript-eslint/no-unused-vars
33:3  Warning: 'DiamondCardTitle' is defined but never used.  @typescript-eslint/no-unused-vars
34:3  Warning: 'DiamondCardDescription' is defined but never used.  @typescript-eslint/no-unused-vars
46:3  Warning: 'Select' is defined but never used.  @typescript-eslint/no-unused-vars
47:3  Warning: 'SelectContent' is defined but never used.  @typescript-eslint/no-unused-vars
48:3  Warning: 'SelectItem' is defined but never used.  @typescript-eslint/no-unused-vars
49:3  Warning: 'SelectTrigger' is defined but never used.  @typescript-eslint/no-unused-vars
50:3  Warning: 'SelectValue' is defined but never used.  @typescript-eslint/no-unused-vars
52:10  Warning: 'Textarea' is defined but never used.  @typescript-eslint/no-unused-vars
68:1  Error: Use "@ts-expect-error" instead of "@ts-ignore", as "@ts-ignore" will do nothing if the following line is error-free.  @typescript-eslint/ban-ts-comment
104:22  Error: Unexpected any. Specify a different type.  @typescript-eslint/no-explicit-any
228:10  Warning: 'completedSteps' is assigned a value but never used.  @typescript-eslint/no-unused-vars
228:26  Warning: 'setCompletedSteps' is assigned a value but never used.  @typescript-eslint/no-unused-vars
341:9  Warning: 'patientDetailsForm' is assigned a value but never used.  @typescript-eslint/no-unused-vars
514:48  Error: Unexpected any. Specify a different type.  @typescript-eslint/no-explicit-any
516:23  Error: Unexpected any. Specify a different type.  @typescript-eslint/no-explicit-any
572:19  Error: Unexpected any. Specify a different type.  @typescript-eslint/no-explicit-any
603:50  Error: Unexpected any. Specify a different type.  @typescript-eslint/no-explicit-any
605:25  Error: Unexpected any. Specify a different type.  @typescript-eslint/no-explicit-any
661:21  Error: Unexpected any. Specify a different type.  @typescript-eslint/no-explicit-any
709:69  Error: Unexpected any. Specify a different type.  @typescript-eslint/no-explicit-any
872:29  Warning: Using `<img>` could result in slower LCP and higher bandwidth. Consider using `<Image />` from `next/image` or a custom image loader to automatically optimize images. This may incur additional usage or cost from your provider. See: https://nextjs.org/docs/messages/no-img-element  @next/next/no-img-element
926:27  Warning: Using `<img>` could result in slower LCP and higher bandwidth. Consider using `<Image />` from `next/image` or a custom image loader to automatically optimize images. This may incur additional usage or cost from your provider. See: https://nextjs.org/docs/messages/no-img-element  @next/next/no-img-element
1104:87  Error: Unexpected any. Specify a different type.  @typescript-eslint/no-explicit-any
1180:29  Warning: Using `<img>` could result in slower LCP and higher bandwidth. Consider using `<Image />` from `next/image` or a custom image loader to automatically optimize images. This may incur additional usage or cost from your provider. See: https://nextjs.org/docs/messages/no-img-element  @next/next/no-img-element
1196:29  Warning: Using `<img>` could result in slower LCP and higher bandwidth. Consider using `<Image />` from `next/image` or a custom image loader to automatically optimize images. This may incur additional usage or cost from your provider. See: https://nextjs.org/docs/messages/no-img-element  @next/next/no-img-element
1251:27  Warning: Using `<img>` could result in slower LCP and higher bandwidth. Consider using `<Image />` from `next/image` or a custom image loader to automatically optimize images. This may incur additional usage or cost from your provider. See: https://nextjs.org/docs/messages/no-img-element  @next/next/no-img-element
1267:27  Warning: Using `<img>` could result in slower LCP and higher bandwidth. Consider using `<Image />` from `next/image` or a custom image loader to automatically optimize images. This may incur additional usage or cost from your provider. See: https://nextjs.org/docs/messages/no-img-element  @next/next/no-img-element
1300:27  Warning: Using `<img>` could result in slower LCP and higher bandwidth. Consider using `<Image />` from `next/image` or a custom image loader to automatically optimize images. This may incur additional usage or cost from your provider. See: https://nextjs.org/docs/messages/no-img-element  @next/next/no-img-element
1316:27  Warning: Using `<img>` could result in slower LCP and higher bandwidth. Consider using `<Image />` from `next/image` or a custom image loader to automatically optimize images. This may incur additional usage or cost from your provider. See: https://nextjs.org/docs/messages/no-img-element  @next/next/no-img-element
1437:23  Warning: Using `<img>` could result in slower LCP and higher bandwidth. Consider using `<Image />` from `next/image` or a custom image loader to automatically optimize images. This may incur additional usage or cost from your provider. See: https://nextjs.org/docs/messages/no-img-element  @next/next/no-img-element
1485:23  Warning: Using `<img>` could result in slower LCP and higher bandwidth. Consider using `<Image />` from `next/image` or a custom image loader to automatically optimize images. This may incur additional usage or cost from your provider. See: https://nextjs.org/docs/messages/no-img-element  @next/next/no-img-element
1534:87  Error: Unexpected any. Specify a different type.  @typescript-eslint/no-explicit-any
1536:87  Error: Unexpected any. Specify a different type.  @typescript-eslint/no-explicit-any
1933:21  Warning: Using `<img>` could result in slower LCP and higher bandwidth. Consider using `<Image />` from `next/image` or a custom image loader to automatically optimize images. This may incur additional usage or cost from your provider. See: https://nextjs.org/docs/messages/no-img-element  @next/next/no-img-element

./src/app/(dashboard)/patients/page.tsx
5:10  Warning: 'auth' is defined but never used.  @typescript-eslint/no-unused-vars
7:3  Warning: 'collection' is defined but never used.  @typescript-eslint/no-unused-vars
8:3  Warning: 'query' is defined but never used.  @typescript-eslint/no-unused-vars
9:3  Warning: 'where' is defined but never used.  @typescript-eslint/no-unused-vars
10:3  Warning: 'getDocs' is defined but never used.  @typescript-eslint/no-unused-vars
24:3  Warning: 'Eye' is defined but never used.  @typescript-eslint/no-unused-vars
25:3  Warning: 'Edit' is defined but never used.  @typescript-eslint/no-unused-vars
40:10  Warning: 'usePatientStep' is defined but never used.  @typescript-eslint/no-unused-vars
53:3  Warning: 'DialogHeader' is defined but never used.  @typescript-eslint/no-unused-vars
54:3  Warning: 'DialogTitle' is defined but never used.  @typescript-eslint/no-unused-vars
86:12  Error: Unexpected any. Specify a different type.  @typescript-eslint/no-explicit-any
227:6  Warning: React Hook React.useMemo has a missing dependency: 'categoryOf'. Either include it or remove the dependency array.  react-hooks/exhaustive-deps
237:64  Error: Unexpected any. Specify a different type.  @typescript-eslint/no-explicit-any
237:79  Error: Unexpected any. Specify a different type.  @typescript-eslint/no-explicit-any
240:37  Error: Unexpected any. Specify a different type.  @typescript-eslint/no-explicit-any
273:60  Error: Unexpected any. Specify a different type.  @typescript-eslint/no-explicit-any
274:60  Error: Unexpected any. Specify a different type.  @typescript-eslint/no-explicit-any
309:6  Warning: React Hook useEffect has a missing dependency: 't'. Either include it or remove the dependency array.  react-hooks/exhaustive-deps

./src/app/(dashboard)/settings/components/DataTab.tsx
38:121  Error: `'` can be escaped with `&apos;`, `&lsquo;`, `&#39;`, `&rsquo;`.  react/no-unescaped-entities

./src/app/(dashboard)/settings/components/NotificationsTab.tsx
11:16  Warning: 'Mail' is defined but never used.  @typescript-eslint/no-unused-vars
11:47  Warning: 'Activity' is defined but never used.  @typescript-eslint/no-unused-vars

./src/app/(dashboard)/settings/components/SecurityTab.tsx
13:10  Warning: 'Shield' is defined but never used.  @typescript-eslint/no-unused-vars

./src/app/(dashboard)/settings/page.tsx
27:10  Warning: 'Tabs' is defined but never used.  @typescript-eslint/no-unused-vars
27:16  Warning: 'TabsContent' is defined but never used.  @typescript-eslint/no-unused-vars
27:29  Warning: 'TabsList' is defined but never used.  @typescript-eslint/no-unused-vars
27:39  Warning: 'TabsTrigger' is defined but never used.  @typescript-eslint/no-unused-vars
28:10  Warning: 'Separator' is defined but never used.  @typescript-eslint/no-unused-vars

./src/app/(dashboard)/statistiques/page.tsx
8:3  Warning: 'Calendar' is defined but never used.  @typescript-eslint/no-unused-vars
14:3  Warning: 'Filter' is defined but never used.  @typescript-eslint/no-unused-vars
19:3  Warning: 'XCircle' is defined but never used.  @typescript-eslint/no-unused-vars
53:11  Warning: 'ChartData' is defined but never used.  @typescript-eslint/no-unused-vars
236:62  Error: Unexpected any. Specify a different type.  @typescript-eslint/no-explicit-any

./src/app/(dashboard)/store/page.tsx
7:5  Warning: 'DiamondCardDescription' is defined but never used.  @typescript-eslint/no-unused-vars
8:5  Warning: 'DiamondCardHeader' is defined but never used.  @typescript-eslint/no-unused-vars
9:5  Warning: 'DiamondCardTitle' is defined but never used.  @typescript-eslint/no-unused-vars
19:5  Warning: 'Filter' is defined but never used.  @typescript-eslint/no-unused-vars
229:29  Warning: Using `<img>` could result in slower LCP and higher bandwidth. Consider using `<Image />` from `next/image` or a custom image loader to automatically optimize images. This may incur additional usage or cost from your provider. See: https://nextjs.org/docs/messages/no-img-element  @next/next/no-img-element

./src/app/(dashboard)/support/page.tsx
6:3  Warning: 'HelpCircle' is defined but never used.  @typescript-eslint/no-unused-vars
12:3  Warning: 'FileText' is defined but never used.  @typescript-eslint/no-unused-vars
21:3  Warning: 'Download' is defined but never used.  @typescript-eslint/no-unused-vars
25:3  Warning: 'Info' is defined but never used.  @typescript-eslint/no-unused-vars
36:10  Warning: 'Tabs' is defined but never used.  @typescript-eslint/no-unused-vars
36:16  Warning: 'TabsContent' is defined but never used.  @typescript-eslint/no-unused-vars
36:29  Warning: 'TabsList' is defined but never used.  @typescript-eslint/no-unused-vars
36:39  Warning: 'TabsTrigger' is defined but never used.  @typescript-eslint/no-unused-vars
569:25  Warning: Using `<img>` could result in slower LCP and higher bandwidth. Consider using `<Image />` from `next/image` or a custom image loader to automatically optimize images. This may incur additional usage or cost from your provider. See: https://nextjs.org/docs/messages/no-img-element  @next/next/no-img-element

./src/app/api/fix/route.ts
41:17  Error: Unexpected any. Specify a different type.  @typescript-eslint/no-explicit-any

./src/app/api/upload/route.ts
22:23  Error: Unexpected any. Specify a different type.  @typescript-eslint/no-explicit-any
38:21  Error: Unexpected any. Specify a different type.  @typescript-eslint/no-explicit-any

./src/assets/js/main.js
28:7  Warning: Expected an assignment or function call and instead saw an expression.  @typescript-eslint/no-unused-expressions
163:7  Warning: Expected an assignment or function call and instead saw an expression.  @typescript-eslint/no-unused-expressions
176:9  Warning: 'glightbox' is assigned a value but never used.  @typescript-eslint/no-unused-vars

./src/assets/js/profile.js
142:71  Warning: 'e' is defined but never used.  @typescript-eslint/no-unused-vars

./src/assets/vendor/aos/aos.cjs.js
5:32  Error: A `require()` style import is forbidden.  @typescript-eslint/no-require-imports
6:32  Error: A `require()` style import is forbidden.  @typescript-eslint/no-require-imports
203:7  Warning: 'data' is assigned a value but never used.  @typescript-eslint/no-unused-vars
248:42  Warning: 'i' is defined but never used.  @typescript-eslint/no-unused-vars
357:7  Warning: 'windowHeight' is assigned a value but never used.  @typescript-eslint/no-unused-vars
374:35  Warning: 'i' is defined but never used.  @typescript-eslint/no-unused-vars
502:38  Warning: 'i' is defined but never used.  @typescript-eslint/no-unused-vars

./src/assets/vendor/aos/aos.esm.js
199:7  Warning: 'data' is assigned a value but never used.  @typescript-eslint/no-unused-vars
244:42  Warning: 'i' is defined but never used.  @typescript-eslint/no-unused-vars
353:7  Warning: 'windowHeight' is assigned a value but never used.  @typescript-eslint/no-unused-vars
370:35  Warning: 'i' is defined but never used.  @typescript-eslint/no-unused-vars
498:38  Warning: 'i' is defined but never used.  @typescript-eslint/no-unused-vars

./src/assets/vendor/aos/aos.js
1:1  Warning: Expected an assignment or function call and instead saw an expression.  @typescript-eslint/no-unused-expressions
1:16  Warning: Expected an assignment or function call and instead saw an expression.  @typescript-eslint/no-unused-expressions
1:1075  Error: Unexpected aliasing of 'this' to local variable.  @typescript-eslint/no-this-alias
1:1374  Warning: Expected an assignment or function call and instead saw an expression.  @typescript-eslint/no-unused-expressions
1:3326  Error: Unexpected aliasing of 'this' to local variable.  @typescript-eslint/no-this-alias
1:3625  Warning: Expected an assignment or function call and instead saw an expression.  @typescript-eslint/no-unused-expressions
1:3752  Warning: Expected an assignment or function call and instead saw an expression.  @typescript-eslint/no-unused-expressions
1:4253  Warning: Expected an assignment or function call and instead saw an expression.  @typescript-eslint/no-unused-expressions
1:4493  Warning: Expected an assignment or function call and instead saw an expression.  @typescript-eslint/no-unused-expressions
1:4769  Warning: Expected an assignment or function call and instead saw an expression.  @typescript-eslint/no-unused-expressions
1:9462  Warning: 't' is defined but never used.  @typescript-eslint/no-unused-vars
1:9545  Warning: Expected an assignment or function call and instead saw an expression.  @typescript-eslint/no-unused-expressions
1:9572  Warning: Expected an assignment or function call and instead saw an expression.  @typescript-eslint/no-unused-expressions
1:9727  Warning: Expected an assignment or function call and instead saw an expression.  @typescript-eslint/no-unused-expressions
1:9794  Warning: Expected an assignment or function call and instead saw an expression.  @typescript-eslint/no-unused-expressions
1:10070  Warning: Expected an assignment or function call and instead saw an expression.  @typescript-eslint/no-unused-expressions
1:10384  Warning: 'n' is defined but never used.  @typescript-eslint/no-unused-vars
1:10614  Warning: Expected an assignment or function call and instead saw an expression.  @typescript-eslint/no-unused-expressions
1:10811  Warning: Expected an assignment or function call and instead saw an expression.  @typescript-eslint/no-unused-expressions
1:11323  Warning: Expected an assignment or function call and instead saw an expression.  @typescript-eslint/no-unused-expressions
1:12039  Warning: Expected an assignment or function call and instead saw an expression.  @typescript-eslint/no-unused-expressions
1:12310  Warning: 't' is defined but never used.  @typescript-eslint/no-unused-vars
1:12313  Warning: Expected an assignment or function call and instead saw an expression.  @typescript-eslint/no-unused-expressions

./src/assets/vendor/bootstrap/js/bootstrap.bundle.js
7:3  Warning: Expected an assignment or function call and instead saw an expression.  @typescript-eslint/no-unused-expressions
34:9  Warning: Unused eslint-disable directive (no problems were reported from 'no-console').
211:5  Warning: Expected an assignment or function call and instead saw an expression.  @typescript-eslint/no-unused-expressions
211:27  Warning: Unused eslint-disable directive (no problems were reported from 'no-unused-expressions').
516:16  Warning: '_unused' is defined but never used.  @typescript-eslint/no-unused-vars
553:14  Warning: '_unused' is defined but never used.  @typescript-eslint/no-unused-vars
1827:5  Warning: Unused eslint-disable directive (no problems were reported from 'import/no-unused-modules').
2142:5  Warning: Unused eslint-disable directive (no problems were reported from 'import/no-unused-modules').
2309:5  Warning: Unused eslint-disable directive (no problems were reported from 'import/no-unused-modules').
2356:5  Warning: Unused eslint-disable directive (no problems were reported from 'import/no-unused-modules').
2862:5  Warning: Unused eslint-disable directive (no problems were reported from 'import/no-unused-modules').
2924:5  Warning: Unused eslint-disable directive (no problems were reported from 'import/no-unused-modules').
2976:5  Warning: Unused eslint-disable directive (no problems were reported from 'import/no-unused-modules').
3000:5  Warning: Unused eslint-disable directive (no problems were reported from 'import/no-unused-modules').
3135:5  Warning: Unused eslint-disable directive (no problems were reported from 'import/no-unused-modules').
3472:56  Warning: Unused eslint-disable directive (no problems were reported from 'import/no-unused-modules').
3477:7  Warning: Unused eslint-disable directive (no problems were reported from 'import/no-unused-modules').
3482:7  Warning: Unused eslint-disable directive (no problems were reported from 'import/no-unused-modules').
4805:3  Error: Definition for rule 'unicorn/better-regex' was not found.  unicorn/better-regex

./src/assets/vendor/bootstrap/js/bootstrap.esm.js
30:7  Warning: Unused eslint-disable directive (no problems were reported from 'no-console').
207:3  Warning: Expected an assignment or function call and instead saw an expression.  @typescript-eslint/no-unused-expressions
207:25  Warning: Unused eslint-disable directive (no problems were reported from 'no-unused-expressions').
512:14  Warning: '_unused' is defined but never used.  @typescript-eslint/no-unused-vars
549:12  Warning: '_unused' is defined but never used.  @typescript-eslint/no-unused-vars
2962:1  Error: Definition for rule 'unicorn/better-regex' was not found.  unicorn/better-regex

./src/assets/vendor/bootstrap/js/bootstrap.esm.min.js
6:81  Warning: Expected an assignment or function call and instead saw an expression.  @typescript-eslint/no-unused-expressions
6:152  Warning: Expected an assignment or function call and instead saw an expression.  @typescript-eslint/no-unused-expressions
6:434  Warning: Expected an assignment or function call and instead saw an expression.  @typescript-eslint/no-unused-expressions
6:481  Warning: 'MAX_UID' is assigned a value but never used.  @typescript-eslint/no-unused-vars
6:493  Warning: 'MILLISECONDS_MULTIPLIER' is assigned a value but never used.  @typescript-eslint/no-unused-vars
6:2164  Warning: Expected an assignment or function call and instead saw an expression.  @typescript-eslint/no-unused-expressions
6:2329  Warning: Expected an assignment or function call and instead saw an expression.  @typescript-eslint/no-unused-expressions
6:2681  Warning: Expected an assignment or function call and instead saw an expression.  @typescript-eslint/no-unused-expressions
6:2983  Warning: Expected an assignment or function call and instead saw an expression.  @typescript-eslint/no-unused-expressions
6:3049  Warning: Expected an assignment or function call and instead saw an expression.  @typescript-eslint/no-unused-expressions
6:3103  Warning: Expected an assignment or function call and instead saw an expression.  @typescript-eslint/no-unused-expressions
6:5412  Warning: Expected an assignment or function call and instead saw an expression.  @typescript-eslint/no-unused-expressions
6:5576  Warning: Expected an assignment or function call and instead saw an expression.  @typescript-eslint/no-unused-expressions
6:5738  Warning: Expected an assignment or function call and instead saw an expression.  @typescript-eslint/no-unused-expressions
6:6293  Warning: Expected an assignment or function call and instead saw an expression.  @typescript-eslint/no-unused-expressions
6:6537  Warning: Expected an assignment or function call and instead saw an expression.  @typescript-eslint/no-unused-expressions
6:6922  Warning: 't' is defined but never used.  @typescript-eslint/no-unused-vars
6:7223  Warning: 't' is defined but never used.  @typescript-eslint/no-unused-vars
6:7667  Warning: Expected an assignment or function call and instead saw an expression.  @typescript-eslint/no-unused-expressions
6:8682  Warning: 'VERSION' is assigned a value but never used.  @typescript-eslint/no-unused-vars
6:8750  Warning: Expected an assignment or function call and instead saw an expression.  @typescript-eslint/no-unused-expressions
6:8892  Warning: Expected an assignment or function call and instead saw an expression.  @typescript-eslint/no-unused-expressions
6:9747  Warning: Expected an assignment or function call and instead saw an expression.  @typescript-eslint/no-unused-expressions
6:10225  Warning: Expected an assignment or function call and instead saw an expression.  @typescript-eslint/no-unused-expressions
6:11359  Warning: 'DATA_KEY$a' is assigned a value but never used.  @typescript-eslint/no-unused-vars
6:11381  Warning: 'EVENT_KEY$b' is assigned a value but never used.  @typescript-eslint/no-unused-vars
6:11465  Warning: 'CLASS_NAME_FADE$5' is assigned a value but never used.  @typescript-eslint/no-unused-vars
6:11490  Warning: 'CLASS_NAME_SHOW$8' is assigned a value but never used.  @typescript-eslint/no-unused-vars
6:11836  Warning: Expected an assignment or function call and instead saw an expression.  @typescript-eslint/no-unused-expressions
6:12158  Warning: Expected an assignment or function call and instead saw an expression.  @typescript-eslint/no-unused-expressions
6:12294  Warning: 'DATA_API_KEY$6' is assigned a value but never used.  @typescript-eslint/no-unused-vars
6:12321  Warning: 'CLASS_NAME_ACTIVE$3' is assigned a value but never used.  @typescript-eslint/no-unused-vars
6:12711  Warning: Expected an assignment or function call and instead saw an expression.  @typescript-eslint/no-unused-expressions
6:12736  Warning: Expected an assignment or function call and instead saw an expression.  @typescript-eslint/no-unused-expressions
6:12970  Warning: 'EVENT_KEY$9' is assigned a value but never used.  @typescript-eslint/no-unused-vars
6:13183  Warning: 'POINTER_TYPE_TOUCH' is assigned a value but never used.  @typescript-eslint/no-unused-vars
6:13210  Warning: 'POINTER_TYPE_PEN' is assigned a value but never used.  @typescript-eslint/no-unused-vars
6:13233  Warning: 'CLASS_NAME_POINTER_EVENT' is assigned a value but never used.  @typescript-eslint/no-unused-vars
6:13274  Warning: 'SWIPE_THRESHOLD' is assigned a value but never used.  @typescript-eslint/no-unused-vars
6:13512  Warning: Expected an assignment or function call and instead saw an expression.  @typescript-eslint/no-unused-expressions
6:13864  Warning: Expected an assignment or function call and instead saw an expression.  @typescript-eslint/no-unused-expressions
6:13991  Warning: Expected an assignment or function call and instead saw an expression.  @typescript-eslint/no-unused-expressions
6:14289  Warning: Expected an assignment or function call and instead saw an expression.  @typescript-eslint/no-unused-expressions
6:14387  Warning: Expected an assignment or function call and instead saw an expression.  @typescript-eslint/no-unused-expressions
6:15082  Warning: 'DATA_API_KEY$5' is assigned a value but never used.  @typescript-eslint/no-unused-vars
6:15109  Warning: 'ARROW_LEFT_KEY$1' is assigned a value but never used.  @typescript-eslint/no-unused-vars
6:15138  Warning: 'ARROW_RIGHT_KEY$1' is assigned a value but never used.  @typescript-eslint/no-unused-vars
6:15169  Warning: 'TOUCHEVENT_COMPAT_WAIT' is assigned a value but never used.  @typescript-eslint/no-unused-vars
6:15196  Warning: 'ORDER_NEXT' is assigned a value but never used.  @typescript-eslint/no-unused-vars
6:15214  Warning: 'ORDER_PREV' is assigned a value but never used.  @typescript-eslint/no-unused-vars
6:15232  Warning: 'DIRECTION_LEFT' is assigned a value but never used.  @typescript-eslint/no-unused-vars
6:15254  Warning: 'DIRECTION_RIGHT' is assigned a value but never used.  @typescript-eslint/no-unused-vars
6:15625  Warning: 'CLASS_NAME_CAROUSEL' is assigned a value but never used.  @typescript-eslint/no-unused-vars
6:15656  Warning: 'CLASS_NAME_ACTIVE$2' is assigned a value but never used.  @typescript-eslint/no-unused-vars
6:15685  Warning: 'CLASS_NAME_SLIDE' is assigned a value but never used.  @typescript-eslint/no-unused-vars
6:15858  Warning: 'SELECTOR_ACTIVE' is assigned a value but never used.  @typescript-eslint/no-unused-vars
6:16475  Warning: Expected an assignment or function call and instead saw an expression.  @typescript-eslint/no-unused-expressions
6:16910  Warning: Expected an assignment or function call and instead saw an expression.  @typescript-eslint/no-unused-expressions
6:17001  Warning: Expected an assignment or function call and instead saw an expression.  @typescript-eslint/no-unused-expressions
6:17084  Warning: Expected an assignment or function call and instead saw an expression.  @typescript-eslint/no-unused-expressions
6:17228  Warning: Expected an assignment or function call and instead saw an expression.  @typescript-eslint/no-unused-expressions
6:17608  Warning: Expected an assignment or function call and instead saw an expression.  @typescript-eslint/no-unused-expressions
6:17751  Warning: Expected an assignment or function call and instead saw an expression.  @typescript-eslint/no-unused-expressions
6:18401  Warning: Expected an assignment or function call and instead saw an expression.  @typescript-eslint/no-unused-expressions
6:18726  Warning: Expected an assignment or function call and instead saw an expression.  @typescript-eslint/no-unused-expressions
6:18972  Warning: Expected an assignment or function call and instead saw an expression.  @typescript-eslint/no-unused-expressions
6:19119  Warning: Expected an assignment or function call and instead saw an expression.  @typescript-eslint/no-unused-expressions
6:19797  Warning: Expected an assignment or function call and instead saw an expression.  @typescript-eslint/no-unused-expressions
6:19964  Warning: Expected an assignment or function call and instead saw an expression.  @typescript-eslint/no-unused-expressions
6:20057  Warning: Expected an assignment or function call and instead saw an expression.  @typescript-eslint/no-unused-expressions
6:20440  Warning: Expected an assignment or function call and instead saw an expression.  @typescript-eslint/no-unused-expressions
6:20954  Warning: Expected an assignment or function call and instead saw an expression.  @typescript-eslint/no-unused-expressions
6:21669  Warning: 'DATA_API_KEY$4' is assigned a value but never used.  @typescript-eslint/no-unused-vars
6:21892  Warning: 'CLASS_NAME_SHOW$7' is assigned a value but never used.  @typescript-eslint/no-unused-vars
6:21917  Warning: 'CLASS_NAME_COLLAPSE' is assigned a value but never used.  @typescript-eslint/no-unused-vars
6:21948  Warning: 'CLASS_NAME_COLLAPSING' is assigned a value but never used.  @typescript-eslint/no-unused-vars
6:21983  Warning: 'CLASS_NAME_COLLAPSED' is assigned a value but never used.  @typescript-eslint/no-unused-vars
6:22072  Warning: 'CLASS_NAME_HORIZONTAL' is assigned a value but never used.  @typescript-eslint/no-unused-vars
6:22400  Warning: Expected an assignment or function call and instead saw an expression.  @typescript-eslint/no-unused-expressions
6:22633  Warning: Expected an assignment or function call and instead saw an expression.  @typescript-eslint/no-unused-expressions
6:22680  Warning: Expected an assignment or function call and instead saw an expression.  @typescript-eslint/no-unused-expressions
6:22955  Warning: Expected an assignment or function call and instead saw an expression.  @typescript-eslint/no-unused-expressions
6:23389  Warning: Expected an assignment or function call and instead saw an expression.  @typescript-eslint/no-unused-expressions
6:23627  Warning: Expected an assignment or function call and instead saw an expression.  @typescript-eslint/no-unused-expressions
6:23653  Warning: Expected an assignment or function call and instead saw an expression.  @typescript-eslint/no-unused-expressions
6:24075  Warning: Expected an assignment or function call and instead saw an expression.  @typescript-eslint/no-unused-expressions
6:24344  Warning: Expected an assignment or function call and instead saw an expression.  @typescript-eslint/no-unused-expressions
6:24405  Warning: Expected an assignment or function call and instead saw an expression.  @typescript-eslint/no-unused-expressions
6:24482  Warning: Expected an assignment or function call and instead saw an expression.  @typescript-eslint/no-unused-expressions
6:25084  Warning: Expected an assignment or function call and instead saw an expression.  @typescript-eslint/no-unused-expressions
6:25381  Warning: Expected an assignment or function call and instead saw an expression.  @typescript-eslint/no-unused-expressions
6:25713  Warning: Expected an assignment or function call and instead saw an expression.  @typescript-eslint/no-unused-expressions
6:25797  Warning: Expected an assignment or function call and instead saw an expression.  @typescript-eslint/no-unused-expressions
6:26123  Warning: 'DATA_API_KEY$3' is assigned a value but never used.  @typescript-eslint/no-unused-vars
6:26150  Warning: 'ESCAPE_KEY$2' is assigned a value but never used.  @typescript-eslint/no-unused-vars
6:26172  Warning: 'TAB_KEY$1' is assigned a value but never used.  @typescript-eslint/no-unused-vars
6:26242  Warning: 'RIGHT_MOUSE_BUTTON' is assigned a value but never used.  @typescript-eslint/no-unused-vars
6:26567  Warning: 'CLASS_NAME_SHOW$6' is assigned a value but never used.  @typescript-eslint/no-unused-vars
6:26592  Warning: 'CLASS_NAME_DROPUP' is assigned a value but never used.  @typescript-eslint/no-unused-vars
6:26619  Warning: 'CLASS_NAME_DROPEND' is assigned a value but never used.  @typescript-eslint/no-unused-vars
6:26648  Warning: 'CLASS_NAME_DROPSTART' is assigned a value but never used.  @typescript-eslint/no-unused-vars
6:26681  Warning: 'CLASS_NAME_DROPUP_CENTER' is assigned a value but never used.  @typescript-eslint/no-unused-vars
6:26722  Warning: 'CLASS_NAME_DROPDOWN_CENTER' is assigned a value but never used.  @typescript-eslint/no-unused-vars
6:26941  Warning: 'SELECTOR_NAVBAR' is assigned a value but never used.  @typescript-eslint/no-unused-vars
6:26967  Warning: 'SELECTOR_NAVBAR_NAV' is assigned a value but never used.  @typescript-eslint/no-unused-vars
6:27387  Warning: 'PLACEMENT_TOPCENTER' is assigned a value but never used.  @typescript-eslint/no-unused-vars
6:27413  Warning: 'PLACEMENT_BOTTOMCENTER' is assigned a value but never used.  @typescript-eslint/no-unused-vars
6:27816  Warning: Expected an assignment or function call and instead saw an expression.  @typescript-eslint/no-unused-expressions
6:28621  Warning: Expected an assignment or function call and instead saw an expression.  @typescript-eslint/no-unused-expressions
6:28943  Warning: Expected an assignment or function call and instead saw an expression.  @typescript-eslint/no-unused-expressions
6:29005  Warning: Expected an assignment or function call and instead saw an expression.  @typescript-eslint/no-unused-expressions
6:29300  Warning: Expected an assignment or function call and instead saw an expression.  @typescript-eslint/no-unused-expressions
6:30006  Warning: Expected an assignment or function call and instead saw an expression.  @typescript-eslint/no-unused-expressions
6:31537  Warning: Expected an assignment or function call and instead saw an expression.  @typescript-eslint/no-unused-expressions
6:32362  Warning: Expected an assignment or function call and instead saw an expression.  @typescript-eslint/no-unused-expressions
6:32953  Warning: Expected an assignment or function call and instead saw an expression.  @typescript-eslint/no-unused-expressions
6:33009  Warning: Expected an assignment or function call and instead saw an expression.  @typescript-eslint/no-unused-expressions
6:33426  Warning: Expected an assignment or function call and instead saw an expression.  @typescript-eslint/no-unused-expressions
6:33545  Warning: 'CLASS_NAME_FADE$4' is assigned a value but never used.  @typescript-eslint/no-unused-vars
6:33570  Warning: 'CLASS_NAME_SHOW$5' is assigned a value but never used.  @typescript-eslint/no-unused-vars
6:33924  Warning: Expected an assignment or function call and instead saw an expression.  @typescript-eslint/no-unused-expressions
6:34219  Warning: Expected an assignment or function call and instead saw an expression.  @typescript-eslint/no-unused-expressions
6:34329  Warning: Expected an assignment or function call and instead saw an expression.  @typescript-eslint/no-unused-expressions
6:34426  Warning: Expected an assignment or function call and instead saw an expression.  @typescript-eslint/no-unused-expressions
6:34477  Warning: Expected an assignment or function call and instead saw an expression.  @typescript-eslint/no-unused-expressions
6:34659  Warning: Expected an assignment or function call and instead saw an expression.  @typescript-eslint/no-unused-expressions
6:34914  Warning: Expected an assignment or function call and instead saw an expression.  @typescript-eslint/no-unused-expressions
6:35305  Warning: 'TAB_KEY' is assigned a value but never used.  @typescript-eslint/no-unused-vars
6:35319  Warning: 'TAB_NAV_FORWARD' is assigned a value but never used.  @typescript-eslint/no-unused-vars
6:35345  Warning: 'TAB_NAV_BACKWARD' is assigned a value but never used.  @typescript-eslint/no-unused-vars
6:35519  Warning: Expected an assignment or function call and instead saw an expression.  @typescript-eslint/no-unused-expressions
6:35735  Warning: Expected an assignment or function call and instead saw an expression.  @typescript-eslint/no-unused-expressions
6:36022  Warning: Expected an assignment or function call and instead saw an expression.  @typescript-eslint/no-unused-expressions
6:36259  Warning: Expected an assignment or function call and instead saw an expression.  @typescript-eslint/no-unused-expressions
6:36374  Warning: Expected an assignment or function call and instead saw an expression.  @typescript-eslint/no-unused-expressions
6:36531  Warning: 'SELECTOR_STICKY_CONTENT' is assigned a value but never used.  @typescript-eslint/no-unused-vars
6:36569  Warning: 'PROPERTY_PADDING' is assigned a value but never used.  @typescript-eslint/no-unused-vars
6:36602  Warning: 'PROPERTY_MARGIN' is assigned a value but never used.  @typescript-eslint/no-unused-vars
6:36821  Warning: Expected an assignment or function call and instead saw an expression.  @typescript-eslint/no-unused-expressions
6:37062  Warning: Expected an assignment or function call and instead saw an expression.  @typescript-eslint/no-unused-expressions
6:37365  Warning: Expected an assignment or function call and instead saw an expression.  @typescript-eslint/no-unused-expressions
6:37818  Warning: Expected an assignment or function call and instead saw an expression.  @typescript-eslint/no-unused-expressions
6:37967  Warning: Expected an assignment or function call and instead saw an expression.  @typescript-eslint/no-unused-expressions
6:38206  Warning: 'DATA_KEY$4' is assigned a value but never used.  @typescript-eslint/no-unused-vars
6:38228  Warning: 'EVENT_KEY$4' is assigned a value but never used.  @typescript-eslint/no-unused-vars
6:38252  Warning: 'DATA_API_KEY$2' is assigned a value but never used.  @typescript-eslint/no-unused-vars
6:38279  Warning: 'ESCAPE_KEY$1' is assigned a value but never used.  @typescript-eslint/no-unused-vars
6:38702  Warning: 'CLASS_NAME_OPEN' is assigned a value but never used.  @typescript-eslint/no-unused-vars
6:38731  Warning: 'CLASS_NAME_FADE$3' is assigned a value but never used.  @typescript-eslint/no-unused-vars
6:38756  Warning: 'CLASS_NAME_SHOW$4' is assigned a value but never used.  @typescript-eslint/no-unused-vars
6:38781  Warning: 'CLASS_NAME_STATIC' is assigned a value but never used.  @typescript-eslint/no-unused-vars
6:38814  Warning: 'OPEN_SELECTOR$1' is assigned a value but never used.  @typescript-eslint/no-unused-vars
6:38844  Warning: 'SELECTOR_DIALOG' is assigned a value but never used.  @typescript-eslint/no-unused-vars
6:38876  Warning: 'SELECTOR_MODAL_BODY' is assigned a value but never used.  @typescript-eslint/no-unused-vars
6:39135  Warning: Expected an assignment or function call and instead saw an expression.  @typescript-eslint/no-unused-expressions
6:39583  Warning: Expected an assignment or function call and instead saw an expression.  @typescript-eslint/no-unused-expressions
6:39891  Warning: Expected an assignment or function call and instead saw an expression.  @typescript-eslint/no-unused-expressions
6:40199  Warning: Expected an assignment or function call and instead saw an expression.  @typescript-eslint/no-unused-expressions
6:40590  Warning: Expected an assignment or function call and instead saw an expression.  @typescript-eslint/no-unused-expressions
6:40919  Warning: Expected an assignment or function call and instead saw an expression.  @typescript-eslint/no-unused-expressions
6:41022  Warning: Expected an assignment or function call and instead saw an expression.  @typescript-eslint/no-unused-expressions
6:41218  Warning: Expected an assignment or function call and instead saw an expression.  @typescript-eslint/no-unused-expressions
6:41277  Warning: Expected an assignment or function call and instead saw an expression.  @typescript-eslint/no-unused-expressions
6:41412  Warning: Expected an assignment or function call and instead saw an expression.  @typescript-eslint/no-unused-expressions
6:41590  Warning: Expected an assignment or function call and instead saw an expression.  @typescript-eslint/no-unused-expressions
6:41765  Warning: Expected an assignment or function call and instead saw an expression.  @typescript-eslint/no-unused-expressions
6:41978  Warning: Expected an assignment or function call and instead saw an expression.  @typescript-eslint/no-unused-expressions
6:42408  Warning: Expected an assignment or function call and instead saw an expression.  @typescript-eslint/no-unused-expressions
6:42587  Warning: Expected an assignment or function call and instead saw an expression.  @typescript-eslint/no-unused-expressions
6:43066  Warning: Expected an assignment or function call and instead saw an expression.  @typescript-eslint/no-unused-expressions
6:43335  Warning: Expected an assignment or function call and instead saw an expression.  @typescript-eslint/no-unused-expressions
6:43471  Warning: Expected an assignment or function call and instead saw an expression.  @typescript-eslint/no-unused-expressions
6:43564  Warning: Expected an assignment or function call and instead saw an expression.  @typescript-eslint/no-unused-expressions
6:43624  Warning: Expected an assignment or function call and instead saw an expression.  @typescript-eslint/no-unused-expressions
6:43706  Warning: Expected an assignment or function call and instead saw an expression.  @typescript-eslint/no-unused-expressions
6:43916  Warning: 'DATA_API_KEY$1' is assigned a value but never used.  @typescript-eslint/no-unused-vars
6:43995  Warning: 'ESCAPE_KEY' is assigned a value but never used.  @typescript-eslint/no-unused-vars
6:44015  Warning: 'CLASS_NAME_SHOW$3' is assigned a value but never used.  @typescript-eslint/no-unused-vars
6:44040  Warning: 'CLASS_NAME_SHOWING$1' is assigned a value but never used.  @typescript-eslint/no-unused-vars
6:44071  Warning: 'CLASS_NAME_HIDING' is assigned a value but never used.  @typescript-eslint/no-unused-vars
6:44743  Warning: Expected an assignment or function call and instead saw an expression.  @typescript-eslint/no-unused-expressions
6:45063  Warning: Expected an assignment or function call and instead saw an expression.  @typescript-eslint/no-unused-expressions
6:45406  Warning: Expected an assignment or function call and instead saw an expression.  @typescript-eslint/no-unused-expressions
6:45652  Warning: Expected an assignment or function call and instead saw an expression.  @typescript-eslint/no-unused-expressions
6:45889  Warning: Expected an assignment or function call and instead saw an expression.  @typescript-eslint/no-unused-expressions
6:46153  Warning: Expected an assignment or function call and instead saw an expression.  @typescript-eslint/no-unused-expressions
6:46419  Warning: Expected an assignment or function call and instead saw an expression.  @typescript-eslint/no-unused-expressions
6:46680  Warning: Expected an assignment or function call and instead saw an expression.  @typescript-eslint/no-unused-expressions
6:47035  Warning: Expected an assignment or function call and instead saw an expression.  @typescript-eslint/no-unused-expressions
6:47294  Warning: Expected an assignment or function call and instead saw an expression.  @typescript-eslint/no-unused-expressions
6:47373  Warning: Expected an assignment or function call and instead saw an expression.  @typescript-eslint/no-unused-expressions
6:47733  Warning: Expected an assignment or function call and instead saw an expression.  @typescript-eslint/no-unused-expressions
6:49049  Warning: Expected an assignment or function call and instead saw an expression.  @typescript-eslint/no-unused-expressions
6:49584  Warning: Expected an assignment or function call and instead saw an expression.  @typescript-eslint/no-unused-expressions
6:50329  Warning: Expected an assignment or function call and instead saw an expression.  @typescript-eslint/no-unused-expressions
6:50556  Warning: Expected an assignment or function call and instead saw an expression.  @typescript-eslint/no-unused-expressions
6:51108  Warning: 'CLASS_NAME_FADE$2' is assigned a value but never used.  @typescript-eslint/no-unused-vars
6:51133  Warning: 'CLASS_NAME_MODAL' is assigned a value but never used.  @typescript-eslint/no-unused-vars
6:51158  Warning: 'CLASS_NAME_SHOW$2' is assigned a value but never used.  @typescript-eslint/no-unused-vars
6:51183  Warning: 'SELECTOR_TOOLTIP_INNER' is assigned a value but never used.  @typescript-eslint/no-unused-vars
6:51223  Warning: 'SELECTOR_MODAL' is assigned a value but never used.  @typescript-eslint/no-unused-vars
6:51247  Warning: 'EVENT_MODAL_HIDE' is assigned a value but never used.  @typescript-eslint/no-unused-vars
6:51280  Warning: 'TRIGGER_HOVER' is assigned a value but never used.  @typescript-eslint/no-unused-vars
6:51302  Warning: 'TRIGGER_FOCUS' is assigned a value but never used.  @typescript-eslint/no-unused-vars
6:51324  Warning: 'TRIGGER_CLICK' is assigned a value but never used.  @typescript-eslint/no-unused-vars
6:51346  Warning: 'TRIGGER_MANUAL' is assigned a value but never used.  @typescript-eslint/no-unused-vars
6:51370  Warning: 'EVENT_HIDE$2' is assigned a value but never used.  @typescript-eslint/no-unused-vars
6:51390  Warning: 'EVENT_HIDDEN$2' is assigned a value but never used.  @typescript-eslint/no-unused-vars
6:51414  Warning: 'EVENT_SHOW$2' is assigned a value but never used.  @typescript-eslint/no-unused-vars
6:51434  Warning: 'EVENT_SHOWN$2' is assigned a value but never used.  @typescript-eslint/no-unused-vars
6:51456  Warning: 'EVENT_INSERTED' is assigned a value but never used.  @typescript-eslint/no-unused-vars
6:51482  Warning: 'EVENT_CLICK$1' is assigned a value but never used.  @typescript-eslint/no-unused-vars
6:51504  Warning: 'EVENT_FOCUSIN$1' is assigned a value but never used.  @typescript-eslint/no-unused-vars
6:51530  Warning: 'EVENT_FOCUSOUT$1' is assigned a value but never used.  @typescript-eslint/no-unused-vars
6:51558  Warning: 'EVENT_MOUSEENTER' is assigned a value but never used.  @typescript-eslint/no-unused-vars
6:51588  Warning: 'EVENT_MOUSELEAVE' is assigned a value but never used.  @typescript-eslint/no-unused-vars
6:52760  Warning: Expected an assignment or function call and instead saw an expression.  @typescript-eslint/no-unused-expressions
6:53223  Warning: Expected an assignment or function call and instead saw an expression.  @typescript-eslint/no-unused-expressions
6:53349  Warning: Expected an assignment or function call and instead saw an expression.  @typescript-eslint/no-unused-expressions
6:54537  Warning: Expected an assignment or function call and instead saw an expression.  @typescript-eslint/no-unused-expressions
6:54992  Warning: Expected an assignment or function call and instead saw an expression.  @typescript-eslint/no-unused-expressions
6:55126  Warning: Expected an assignment or function call and instead saw an expression.  @typescript-eslint/no-unused-expressions
6:55360  Warning: Expected an assignment or function call and instead saw an expression.  @typescript-eslint/no-unused-expressions
6:55656  Warning: Expected an assignment or function call and instead saw an expression.  @typescript-eslint/no-unused-expressions
6:55881  Warning: Expected an assignment or function call and instead saw an expression.  @typescript-eslint/no-unused-expressions
6:58024  Warning: Expected an assignment or function call and instead saw an expression.  @typescript-eslint/no-unused-expressions
6:58128  Warning: Expected an assignment or function call and instead saw an expression.  @typescript-eslint/no-unused-expressions
6:58302  Warning: Expected an assignment or function call and instead saw an expression.  @typescript-eslint/no-unused-expressions
6:58407  Warning: Expected an assignment or function call and instead saw an expression.  @typescript-eslint/no-unused-expressions
6:58435  Warning: Expected an assignment or function call and instead saw an expression.  @typescript-eslint/no-unused-expressions
6:58607  Warning: Expected an assignment or function call and instead saw an expression.  @typescript-eslint/no-unused-expressions
6:58834  Warning: Expected an assignment or function call and instead saw an expression.  @typescript-eslint/no-unused-expressions
6:58929  Warning: Expected an assignment or function call and instead saw an expression.  @typescript-eslint/no-unused-expressions
6:58995  Warning: Expected an assignment or function call and instead saw an expression.  @typescript-eslint/no-unused-expressions
6:59067  Warning: Expected an assignment or function call and instead saw an expression.  @typescript-eslint/no-unused-expressions
6:59141  Warning: Expected an assignment or function call and instead saw an expression.  @typescript-eslint/no-unused-expressions
6:59374  Warning: Expected an assignment or function call and instead saw an expression.  @typescript-eslint/no-unused-expressions
6:59898  Warning: Expected an assignment or function call and instead saw an expression.  @typescript-eslint/no-unused-expressions
6:59999  Warning: Expected an assignment or function call and instead saw an expression.  @typescript-eslint/no-unused-expressions
6:60381  Warning: 'SELECTOR_CONTENT' is assigned a value but never used.  @typescript-eslint/no-unused-vars
6:61421  Warning: 'DATA_API_KEY' is assigned a value but never used.  @typescript-eslint/no-unused-vars
6:61572  Warning: 'CLASS_NAME_DROPDOWN_ITEM' is assigned a value but never used.  @typescript-eslint/no-unused-vars
6:61613  Warning: 'CLASS_NAME_ACTIVE$1' is assigned a value but never used.  @typescript-eslint/no-unused-vars
6:61685  Warning: 'SELECTOR_TARGET_LINKS' is assigned a value but never used.  @typescript-eslint/no-unused-vars
6:61716  Warning: 'SELECTOR_NAV_LIST_GROUP' is assigned a value but never used.  @typescript-eslint/no-unused-vars
6:61760  Warning: 'SELECTOR_NAV_LINKS' is assigned a value but never used.  @typescript-eslint/no-unused-vars
6:61791  Warning: 'SELECTOR_NAV_ITEMS' is assigned a value but never used.  @typescript-eslint/no-unused-vars
6:61822  Warning: 'SELECTOR_LIST_ITEMS' is assigned a value but never used.  @typescript-eslint/no-unused-vars
6:61934  Warning: 'SELECTOR_DROPDOWN' is assigned a value but never used.  @typescript-eslint/no-unused-vars
6:61964  Warning: 'SELECTOR_DROPDOWN_TOGGLE$1' is assigned a value but never used.  @typescript-eslint/no-unused-vars
6:62280  Warning: Expected an assignment or function call and instead saw an expression.  @typescript-eslint/no-unused-expressions
6:62689  Warning: Expected an assignment or function call and instead saw an expression.  @typescript-eslint/no-unused-expressions
6:62927  Warning: Expected an assignment or function call and instead saw an expression.  @typescript-eslint/no-unused-expressions
6:63231  Warning: Expected an assignment or function call and instead saw an expression.  @typescript-eslint/no-unused-expressions
6:63867  Warning: Expected an assignment or function call and instead saw an expression.  @typescript-eslint/no-unused-expressions
6:64135  Warning: Expected an assignment or function call and instead saw an expression.  @typescript-eslint/no-unused-expressions
6:64298  Warning: Expected an assignment or function call and instead saw an expression.  @typescript-eslint/no-unused-expressions
6:64345  Warning: Expected an assignment or function call and instead saw an expression.  @typescript-eslint/no-unused-expressions
6:64579  Warning: Expected an assignment or function call and instead saw an expression.  @typescript-eslint/no-unused-expressions
6:64690  Warning: Expected an assignment or function call and instead saw an expression.  @typescript-eslint/no-unused-expressions
6:65582  Warning: Expected an assignment or function call and instead saw an expression.  @typescript-eslint/no-unused-expressions
6:65759  Warning: 'NAME$1' is assigned a value but never used.  @typescript-eslint/no-unused-vars
6:65772  Warning: 'DATA_KEY$1' is assigned a value but never used.  @typescript-eslint/no-unused-vars
6:65792  Warning: 'EVENT_KEY$1' is assigned a value but never used.  @typescript-eslint/no-unused-vars
6:65928  Warning: 'EVENT_CLICK_DATA_API' is assigned a value but never used.  @typescript-eslint/no-unused-vars
6:65995  Warning: 'EVENT_LOAD_DATA_API' is assigned a value but never used.  @typescript-eslint/no-unused-vars
6:66165  Warning: 'CLASS_NAME_ACTIVE' is assigned a value but never used.  @typescript-eslint/no-unused-vars
6:66192  Warning: 'CLASS_NAME_FADE$1' is assigned a value but never used.  @typescript-eslint/no-unused-vars
6:66217  Warning: 'CLASS_NAME_SHOW$1' is assigned a value but never used.  @typescript-eslint/no-unused-vars
6:66242  Warning: 'CLASS_DROPDOWN' is assigned a value but never used.  @typescript-eslint/no-unused-vars
6:66268  Warning: 'SELECTOR_DROPDOWN_TOGGLE' is assigned a value but never used.  @typescript-eslint/no-unused-vars
6:66312  Warning: 'SELECTOR_DROPDOWN_MENU' is assigned a value but never used.  @typescript-eslint/no-unused-vars
6:66352  Warning: 'NOT_SELECTOR_DROPDOWN_TOGGLE' is assigned a value but never used.  @typescript-eslint/no-unused-vars
6:66965  Warning: Expected an assignment or function call and instead saw an expression.  @typescript-eslint/no-unused-expressions
6:67358  Warning: Expected an assignment or function call and instead saw an expression.  @typescript-eslint/no-unused-expressions
6:67513  Warning: Expected an assignment or function call and instead saw an expression.  @typescript-eslint/no-unused-expressions
6:67626  Warning: Expected an assignment or function call and instead saw an expression.  @typescript-eslint/no-unused-expressions
6:67883  Warning: Expected an assignment or function call and instead saw an expression.  @typescript-eslint/no-unused-expressions
6:68010  Warning: Expected an assignment or function call and instead saw an expression.  @typescript-eslint/no-unused-expressions
6:68373  Warning: Expected an assignment or function call and instead saw an expression.  @typescript-eslint/no-unused-expressions
6:68649  Warning: Expected an assignment or function call and instead saw an expression.  @typescript-eslint/no-unused-expressions
6:69122  Warning: Expected an assignment or function call and instead saw an expression.  @typescript-eslint/no-unused-expressions
6:69429  Warning: Expected an assignment or function call and instead saw an expression.  @typescript-eslint/no-unused-expressions
6:69702  Warning: Expected an assignment or function call and instead saw an expression.  @typescript-eslint/no-unused-expressions
6:69730  Warning: Expected an assignment or function call and instead saw an expression.  @typescript-eslint/no-unused-expressions
6:69854  Warning: Expected an assignment or function call and instead saw an expression.  @typescript-eslint/no-unused-expressions
6:70339  Warning: Expected an assignment or function call and instead saw an expression.  @typescript-eslint/no-unused-expressions
6:70413  Warning: Expected an assignment or function call and instead saw an expression.  @typescript-eslint/no-unused-expressions
6:71030  Warning: 'CLASS_NAME_FADE' is assigned a value but never used.  @typescript-eslint/no-unused-vars
6:71053  Warning: 'CLASS_NAME_HIDE' is assigned a value but never used.  @typescript-eslint/no-unused-vars
6:71076  Warning: 'CLASS_NAME_SHOW' is assigned a value but never used.  @typescript-eslint/no-unused-vars
6:71099  Warning: 'CLASS_NAME_SHOWING' is assigned a value but never used.  @typescript-eslint/no-unused-vars
6:71292  Warning: Expected an assignment or function call and instead saw an expression.  @typescript-eslint/no-unused-expressions
6:71521  Warning: Expected an assignment or function call and instead saw an expression.  @typescript-eslint/no-unused-expressions
6:71801  Warning: Expected an assignment or function call and instead saw an expression.  @typescript-eslint/no-unused-expressions
6:71965  Warning: Expected an assignment or function call and instead saw an expression.  @typescript-eslint/no-unused-expressions
6:72113  Warning: Expected an assignment or function call and instead saw an expression.  @typescript-eslint/no-unused-expressions
6:72299  Warning: Expected an assignment or function call and instead saw an expression.  @typescript-eslint/no-unused-expressions
6:72470  Warning: Expected an assignment or function call and instead saw an expression.  @typescript-eslint/no-unused-expressions
6:72841  Warning: Expected an assignment or function call and instead saw an expression.  @typescript-eslint/no-unused-expressions
6:72929  Warning: Expected an assignment or function call and instead saw an expression.  @typescript-eslint/no-unused-expressions
6:73253  Warning: Expected an assignment or function call and instead saw an expression.  @typescript-eslint/no-unused-expressions
6:73499  Warning: Expected an assignment or function call and instead saw an expression.  @typescript-eslint/no-unused-expressions

./src/assets/vendor/bootstrap/js/bootstrap.js
7:3  Warning: Expected an assignment or function call and instead saw an expression.  @typescript-eslint/no-unused-expressions
7:91  Error: A `require()` style import is forbidden.  @typescript-eslint/no-require-imports
53:9  Warning: Unused eslint-disable directive (no problems were reported from 'no-console').
230:5  Warning: Expected an assignment or function call and instead saw an expression.  @typescript-eslint/no-unused-expressions
230:27  Warning: Unused eslint-disable directive (no problems were reported from 'no-unused-expressions').
535:16  Warning: '_unused' is defined but never used.  @typescript-eslint/no-unused-vars
572:14  Warning: '_unused' is defined but never used.  @typescript-eslint/no-unused-vars
2985:3  Error: Definition for rule 'unicorn/better-regex' was not found.  unicorn/better-regex

./src/assets/vendor/bootstrap/js/bootstrap.min.js
6:1  Warning: Expected an assignment or function call and instead saw an expression.  @typescript-eslint/no-unused-expressions
6:16  Warning: Expected an assignment or function call and instead saw an expression.  @typescript-eslint/no-unused-expressions
6:86  Error: A `require()` style import is forbidden.  @typescript-eslint/no-require-imports
6:592  Warning: Expected an assignment or function call and instead saw an expression.  @typescript-eslint/no-unused-expressions
6:636  Warning: Expected an assignment or function call and instead saw an expression.  @typescript-eslint/no-unused-expressions
6:882  Warning: Expected an assignment or function call and instead saw an expression.  @typescript-eslint/no-unused-expressions
6:1946  Warning: Expected an assignment or function call and instead saw an expression.  @typescript-eslint/no-unused-expressions
6:2111  Warning: Expected an assignment or function call and instead saw an expression.  @typescript-eslint/no-unused-expressions
6:2161  Warning: Expected an assignment or function call and instead saw an expression.  @typescript-eslint/no-unused-expressions
6:2773  Warning: Expected an assignment or function call and instead saw an expression.  @typescript-eslint/no-unused-expressions
6:2820  Warning: Expected an assignment or function call and instead saw an expression.  @typescript-eslint/no-unused-expressions
6:2861  Warning: Expected an assignment or function call and instead saw an expression.  @typescript-eslint/no-unused-expressions
6:4703  Warning: Expected an assignment or function call and instead saw an expression.  @typescript-eslint/no-unused-expressions
6:4845  Warning: Expected an assignment or function call and instead saw an expression.  @typescript-eslint/no-unused-expressions
6:4984  Warning: Expected an assignment or function call and instead saw an expression.  @typescript-eslint/no-unused-expressions
6:5395  Warning: Expected an assignment or function call and instead saw an expression.  @typescript-eslint/no-unused-expressions
6:5607  Warning: Expected an assignment or function call and instead saw an expression.  @typescript-eslint/no-unused-expressions
6:5963  Warning: 'e' is defined but never used.  @typescript-eslint/no-unused-vars
6:6252  Warning: 'e' is defined but never used.  @typescript-eslint/no-unused-vars
6:6641  Warning: Expected an assignment or function call and instead saw an expression.  @typescript-eslint/no-unused-expressions
6:7683  Warning: Expected an assignment or function call and instead saw an expression.  @typescript-eslint/no-unused-expressions
6:7813  Warning: Expected an assignment or function call and instead saw an expression.  @typescript-eslint/no-unused-expressions
6:8611  Warning: Expected an assignment or function call and instead saw an expression.  @typescript-eslint/no-unused-expressions
6:9064  Warning: Expected an assignment or function call and instead saw an expression.  @typescript-eslint/no-unused-expressions
6:10372  Warning: Expected an assignment or function call and instead saw an expression.  @typescript-eslint/no-unused-expressions
6:10668  Warning: Expected an assignment or function call and instead saw an expression.  @typescript-eslint/no-unused-expressions
6:10957  Warning: Expected an assignment or function call and instead saw an expression.  @typescript-eslint/no-unused-expressions
6:10982  Warning: Expected an assignment or function call and instead saw an expression.  @typescript-eslint/no-unused-expressions
6:11429  Warning: Expected an assignment or function call and instead saw an expression.  @typescript-eslint/no-unused-expressions
6:11739  Warning: Expected an assignment or function call and instead saw an expression.  @typescript-eslint/no-unused-expressions
6:11866  Warning: Expected an assignment or function call and instead saw an expression.  @typescript-eslint/no-unused-expressions
6:12158  Warning: Expected an assignment or function call and instead saw an expression.  @typescript-eslint/no-unused-expressions
6:12250  Warning: Expected an assignment or function call and instead saw an expression.  @typescript-eslint/no-unused-expressions
6:13314  Warning: Expected an assignment or function call and instead saw an expression.  @typescript-eslint/no-unused-expressions
6:13712  Warning: Expected an assignment or function call and instead saw an expression.  @typescript-eslint/no-unused-expressions
6:13791  Warning: Expected an assignment or function call and instead saw an expression.  @typescript-eslint/no-unused-expressions
6:13855  Warning: Expected an assignment or function call and instead saw an expression.  @typescript-eslint/no-unused-expressions
6:13999  Warning: Expected an assignment or function call and instead saw an expression.  @typescript-eslint/no-unused-expressions
6:14333  Warning: Expected an assignment or function call and instead saw an expression.  @typescript-eslint/no-unused-expressions
6:14476  Warning: Expected an assignment or function call and instead saw an expression.  @typescript-eslint/no-unused-expressions
6:15001  Warning: Expected an assignment or function call and instead saw an expression.  @typescript-eslint/no-unused-expressions
6:15309  Warning: Expected an assignment or function call and instead saw an expression.  @typescript-eslint/no-unused-expressions
6:15535  Warning: Expected an assignment or function call and instead saw an expression.  @typescript-eslint/no-unused-expressions
6:15663  Warning: Expected an assignment or function call and instead saw an expression.  @typescript-eslint/no-unused-expressions
6:16292  Warning: Expected an assignment or function call and instead saw an expression.  @typescript-eslint/no-unused-expressions
6:16479  Warning: Expected an assignment or function call and instead saw an expression.  @typescript-eslint/no-unused-expressions
6:16567  Warning: Expected an assignment or function call and instead saw an expression.  @typescript-eslint/no-unused-expressions
6:16875  Warning: Expected an assignment or function call and instead saw an expression.  @typescript-eslint/no-unused-expressions
6:17325  Warning: Expected an assignment or function call and instead saw an expression.  @typescript-eslint/no-unused-expressions
6:18169  Warning: Expected an assignment or function call and instead saw an expression.  @typescript-eslint/no-unused-expressions
6:18343  Warning: Expected an assignment or function call and instead saw an expression.  @typescript-eslint/no-unused-expressions
6:18390  Warning: Expected an assignment or function call and instead saw an expression.  @typescript-eslint/no-unused-expressions
6:18650  Warning: Expected an assignment or function call and instead saw an expression.  @typescript-eslint/no-unused-expressions
6:19079  Warning: Expected an assignment or function call and instead saw an expression.  @typescript-eslint/no-unused-expressions
6:19299  Warning: Expected an assignment or function call and instead saw an expression.  @typescript-eslint/no-unused-expressions
6:19325  Warning: Expected an assignment or function call and instead saw an expression.  @typescript-eslint/no-unused-expressions
6:19682  Warning: Expected an assignment or function call and instead saw an expression.  @typescript-eslint/no-unused-expressions
6:19911  Warning: Expected an assignment or function call and instead saw an expression.  @typescript-eslint/no-unused-expressions
6:19972  Warning: Expected an assignment or function call and instead saw an expression.  @typescript-eslint/no-unused-expressions
6:20049  Warning: Expected an assignment or function call and instead saw an expression.  @typescript-eslint/no-unused-expressions
6:20568  Warning: Expected an assignment or function call and instead saw an expression.  @typescript-eslint/no-unused-expressions
6:20815  Warning: Expected an assignment or function call and instead saw an expression.  @typescript-eslint/no-unused-expressions
6:21141  Warning: Expected an assignment or function call and instead saw an expression.  @typescript-eslint/no-unused-expressions
6:21174  Warning: Expected an assignment or function call and instead saw an expression.  @typescript-eslint/no-unused-expressions
6:22230  Warning: Expected an assignment or function call and instead saw an expression.  @typescript-eslint/no-unused-expressions
6:22897  Warning: Expected an assignment or function call and instead saw an expression.  @typescript-eslint/no-unused-expressions
6:23180  Warning: Expected an assignment or function call and instead saw an expression.  @typescript-eslint/no-unused-expressions
6:23242  Warning: Expected an assignment or function call and instead saw an expression.  @typescript-eslint/no-unused-expressions
6:23502  Warning: Expected an assignment or function call and instead saw an expression.  @typescript-eslint/no-unused-expressions
6:24150  Warning: Expected an assignment or function call and instead saw an expression.  @typescript-eslint/no-unused-expressions
6:25576  Warning: Expected an assignment or function call and instead saw an expression.  @typescript-eslint/no-unused-expressions
6:26319  Warning: Expected an assignment or function call and instead saw an expression.  @typescript-eslint/no-unused-expressions
6:26759  Warning: Expected an assignment or function call and instead saw an expression.  @typescript-eslint/no-unused-expressions
6:26815  Warning: Expected an assignment or function call and instead saw an expression.  @typescript-eslint/no-unused-expressions
6:27004  Warning: Expected an assignment or function call and instead saw an expression.  @typescript-eslint/no-unused-expressions
6:27383  Warning: Expected an assignment or function call and instead saw an expression.  @typescript-eslint/no-unused-expressions
6:27650  Warning: Expected an assignment or function call and instead saw an expression.  @typescript-eslint/no-unused-expressions
6:27745  Warning: Expected an assignment or function call and instead saw an expression.  @typescript-eslint/no-unused-expressions
6:27838  Warning: Expected an assignment or function call and instead saw an expression.  @typescript-eslint/no-unused-expressions
6:27877  Warning: Expected an assignment or function call and instead saw an expression.  @typescript-eslint/no-unused-expressions
6:28035  Warning: Expected an assignment or function call and instead saw an expression.  @typescript-eslint/no-unused-expressions
6:28281  Warning: Expected an assignment or function call and instead saw an expression.  @typescript-eslint/no-unused-expressions
6:28650  Warning: Expected an assignment or function call and instead saw an expression.  @typescript-eslint/no-unused-expressions
6:28852  Warning: Expected an assignment or function call and instead saw an expression.  @typescript-eslint/no-unused-expressions
6:29069  Warning: Expected an assignment or function call and instead saw an expression.  @typescript-eslint/no-unused-expressions
6:29273  Warning: Expected an assignment or function call and instead saw an expression.  @typescript-eslint/no-unused-expressions
6:29380  Warning: Expected an assignment or function call and instead saw an expression.  @typescript-eslint/no-unused-expressions
6:29738  Warning: Expected an assignment or function call and instead saw an expression.  @typescript-eslint/no-unused-expressions
6:29910  Warning: Expected an assignment or function call and instead saw an expression.  @typescript-eslint/no-unused-expressions
6:30144  Warning: Expected an assignment or function call and instead saw an expression.  @typescript-eslint/no-unused-expressions
6:30597  Warning: Expected an assignment or function call and instead saw an expression.  @typescript-eslint/no-unused-expressions
6:30726  Warning: Expected an assignment or function call and instead saw an expression.  @typescript-eslint/no-unused-expressions
6:31327  Warning: Expected an assignment or function call and instead saw an expression.  @typescript-eslint/no-unused-expressions
6:31731  Warning: Expected an assignment or function call and instead saw an expression.  @typescript-eslint/no-unused-expressions
6:32008  Warning: Expected an assignment or function call and instead saw an expression.  @typescript-eslint/no-unused-expressions
6:32291  Warning: Expected an assignment or function call and instead saw an expression.  @typescript-eslint/no-unused-expressions
6:32629  Warning: Expected an assignment or function call and instead saw an expression.  @typescript-eslint/no-unused-expressions
6:32945  Warning: Expected an assignment or function call and instead saw an expression.  @typescript-eslint/no-unused-expressions
6:33039  Warning: Expected an assignment or function call and instead saw an expression.  @typescript-eslint/no-unused-expressions
6:33213  Warning: Expected an assignment or function call and instead saw an expression.  @typescript-eslint/no-unused-expressions
6:33240  Warning: Expected an assignment or function call and instead saw an expression.  @typescript-eslint/no-unused-expressions
6:33352  Warning: Expected an assignment or function call and instead saw an expression.  @typescript-eslint/no-unused-expressions
6:33470  Warning: Expected an assignment or function call and instead saw an expression.  @typescript-eslint/no-unused-expressions
6:33645  Warning: Expected an assignment or function call and instead saw an expression.  @typescript-eslint/no-unused-expressions
6:33858  Warning: Expected an assignment or function call and instead saw an expression.  @typescript-eslint/no-unused-expressions
6:34224  Warning: Expected an assignment or function call and instead saw an expression.  @typescript-eslint/no-unused-expressions
6:34379  Warning: Expected an assignment or function call and instead saw an expression.  @typescript-eslint/no-unused-expressions
6:34838  Warning: Expected an assignment or function call and instead saw an expression.  @typescript-eslint/no-unused-expressions
6:35104  Warning: Expected an assignment or function call and instead saw an expression.  @typescript-eslint/no-unused-expressions
6:35200  Warning: Expected an assignment or function call and instead saw an expression.  @typescript-eslint/no-unused-expressions
6:35272  Warning: Expected an assignment or function call and instead saw an expression.  @typescript-eslint/no-unused-expressions
6:35309  Warning: Expected an assignment or function call and instead saw an expression.  @typescript-eslint/no-unused-expressions
6:35370  Warning: Expected an assignment or function call and instead saw an expression.  @typescript-eslint/no-unused-expressions
6:35863  Warning: Expected an assignment or function call and instead saw an expression.  @typescript-eslint/no-unused-expressions
6:36169  Warning: Expected an assignment or function call and instead saw an expression.  @typescript-eslint/no-unused-expressions
6:36471  Warning: Expected an assignment or function call and instead saw an expression.  @typescript-eslint/no-unused-expressions
6:36684  Warning: Expected an assignment or function call and instead saw an expression.  @typescript-eslint/no-unused-expressions
6:36894  Warning: Expected an assignment or function call and instead saw an expression.  @typescript-eslint/no-unused-expressions
6:37112  Warning: Expected an assignment or function call and instead saw an expression.  @typescript-eslint/no-unused-expressions
6:37373  Warning: Expected an assignment or function call and instead saw an expression.  @typescript-eslint/no-unused-expressions
6:37568  Warning: Expected an assignment or function call and instead saw an expression.  @typescript-eslint/no-unused-expressions
6:37887  Warning: Expected an assignment or function call and instead saw an expression.  @typescript-eslint/no-unused-expressions
6:38078  Warning: Expected an assignment or function call and instead saw an expression.  @typescript-eslint/no-unused-expressions
6:38125  Warning: Expected an assignment or function call and instead saw an expression.  @typescript-eslint/no-unused-expressions
6:38376  Warning: Expected an assignment or function call and instead saw an expression.  @typescript-eslint/no-unused-expressions
6:39487  Warning: Expected an assignment or function call and instead saw an expression.  @typescript-eslint/no-unused-expressions
6:40224  Warning: Expected an assignment or function call and instead saw an expression.  @typescript-eslint/no-unused-expressions
6:40422  Warning: Expected an assignment or function call and instead saw an expression.  @typescript-eslint/no-unused-expressions
6:41003  Warning: Expected an assignment or function call and instead saw an expression.  @typescript-eslint/no-unused-expressions
6:42480  Warning: Expected an assignment or function call and instead saw an expression.  @typescript-eslint/no-unused-expressions
6:42927  Warning: Expected an assignment or function call and instead saw an expression.  @typescript-eslint/no-unused-expressions
6:43053  Warning: Expected an assignment or function call and instead saw an expression.  @typescript-eslint/no-unused-expressions
6:44158  Warning: Expected an assignment or function call and instead saw an expression.  @typescript-eslint/no-unused-expressions
6:44573  Warning: Expected an assignment or function call and instead saw an expression.  @typescript-eslint/no-unused-expressions
6:44703  Warning: Expected an assignment or function call and instead saw an expression.  @typescript-eslint/no-unused-expressions
6:44926  Warning: Expected an assignment or function call and instead saw an expression.  @typescript-eslint/no-unused-expressions
6:45222  Warning: Expected an assignment or function call and instead saw an expression.  @typescript-eslint/no-unused-expressions
6:45514  Warning: Expected an assignment or function call and instead saw an expression.  @typescript-eslint/no-unused-expressions
6:47581  Warning: Expected an assignment or function call and instead saw an expression.  @typescript-eslint/no-unused-expressions
6:47674  Warning: Expected an assignment or function call and instead saw an expression.  @typescript-eslint/no-unused-expressions
6:47827  Warning: Expected an assignment or function call and instead saw an expression.  @typescript-eslint/no-unused-expressions
6:47922  Warning: Expected an assignment or function call and instead saw an expression.  @typescript-eslint/no-unused-expressions
6:47950  Warning: Expected an assignment or function call and instead saw an expression.  @typescript-eslint/no-unused-expressions
6:48092  Warning: Expected an assignment or function call and instead saw an expression.  @typescript-eslint/no-unused-expressions
6:48319  Warning: Expected an assignment or function call and instead saw an expression.  @typescript-eslint/no-unused-expressions
6:48414  Warning: Expected an assignment or function call and instead saw an expression.  @typescript-eslint/no-unused-expressions
6:48480  Warning: Expected an assignment or function call and instead saw an expression.  @typescript-eslint/no-unused-expressions
6:48552  Warning: Expected an assignment or function call and instead saw an expression.  @typescript-eslint/no-unused-expressions
6:48626  Warning: Expected an assignment or function call and instead saw an expression.  @typescript-eslint/no-unused-expressions
6:48849  Warning: Expected an assignment or function call and instead saw an expression.  @typescript-eslint/no-unused-expressions
6:49345  Warning: Expected an assignment or function call and instead saw an expression.  @typescript-eslint/no-unused-expressions
6:49446  Warning: Expected an assignment or function call and instead saw an expression.  @typescript-eslint/no-unused-expressions
6:51002  Warning: Expected an assignment or function call and instead saw an expression.  @typescript-eslint/no-unused-expressions
6:51397  Warning: Expected an assignment or function call and instead saw an expression.  @typescript-eslint/no-unused-expressions
6:51635  Warning: Expected an assignment or function call and instead saw an expression.  @typescript-eslint/no-unused-expressions
6:51930  Warning: Expected an assignment or function call and instead saw an expression.  @typescript-eslint/no-unused-expressions
6:52520  Warning: Expected an assignment or function call and instead saw an expression.  @typescript-eslint/no-unused-expressions
6:52788  Warning: Expected an assignment or function call and instead saw an expression.  @typescript-eslint/no-unused-expressions
6:52951  Warning: Expected an assignment or function call and instead saw an expression.  @typescript-eslint/no-unused-expressions
6:52998  Warning: Expected an assignment or function call and instead saw an expression.  @typescript-eslint/no-unused-expressions
6:53191  Warning: Expected an assignment or function call and instead saw an expression.  @typescript-eslint/no-unused-expressions
6:53294  Warning: Expected an assignment or function call and instead saw an expression.  @typescript-eslint/no-unused-expressions
6:54055  Warning: Expected an assignment or function call and instead saw an expression.  @typescript-eslint/no-unused-expressions
6:54716  Warning: Expected an assignment or function call and instead saw an expression.  @typescript-eslint/no-unused-expressions
6:55085  Warning: Expected an assignment or function call and instead saw an expression.  @typescript-eslint/no-unused-expressions
6:55219  Warning: Expected an assignment or function call and instead saw an expression.  @typescript-eslint/no-unused-expressions
6:55313  Warning: Expected an assignment or function call and instead saw an expression.  @typescript-eslint/no-unused-expressions
6:55540  Warning: Expected an assignment or function call and instead saw an expression.  @typescript-eslint/no-unused-expressions
6:55648  Warning: Expected an assignment or function call and instead saw an expression.  @typescript-eslint/no-unused-expressions
6:55922  Warning: Expected an assignment or function call and instead saw an expression.  @typescript-eslint/no-unused-expressions
6:56128  Warning: Expected an assignment or function call and instead saw an expression.  @typescript-eslint/no-unused-expressions
6:56570  Warning: Expected an assignment or function call and instead saw an expression.  @typescript-eslint/no-unused-expressions
6:56864  Warning: Expected an assignment or function call and instead saw an expression.  @typescript-eslint/no-unused-expressions
6:57124  Warning: Expected an assignment or function call and instead saw an expression.  @typescript-eslint/no-unused-expressions
6:57152  Warning: Expected an assignment or function call and instead saw an expression.  @typescript-eslint/no-unused-expressions
6:57250  Warning: Expected an assignment or function call and instead saw an expression.  @typescript-eslint/no-unused-expressions
6:57696  Warning: Expected an assignment or function call and instead saw an expression.  @typescript-eslint/no-unused-expressions
6:57729  Warning: Expected an assignment or function call and instead saw an expression.  @typescript-eslint/no-unused-expressions
6:58243  Warning: Expected an assignment or function call and instead saw an expression.  @typescript-eslint/no-unused-expressions
6:58460  Warning: Expected an assignment or function call and instead saw an expression.  @typescript-eslint/no-unused-expressions
6:58701  Warning: Expected an assignment or function call and instead saw an expression.  @typescript-eslint/no-unused-expressions
6:58838  Warning: Expected an assignment or function call and instead saw an expression.  @typescript-eslint/no-unused-expressions
6:58960  Warning: Expected an assignment or function call and instead saw an expression.  @typescript-eslint/no-unused-expressions
6:59110  Warning: Expected an assignment or function call and instead saw an expression.  @typescript-eslint/no-unused-expressions
6:59273  Warning: Expected an assignment or function call and instead saw an expression.  @typescript-eslint/no-unused-expressions
6:59644  Warning: Expected an assignment or function call and instead saw an expression.  @typescript-eslint/no-unused-expressions
6:59732  Warning: Expected an assignment or function call and instead saw an expression.  @typescript-eslint/no-unused-expressions
6:59964  Warning: Expected an assignment or function call and instead saw an expression.  @typescript-eslint/no-unused-expressions

./src/assets/vendor/glightbox/js/glightbox.js
2:3  Warning: Expected an assignment or function call and instead saw an expression.  @typescript-eslint/no-unused-expressions
507:50  Warning: 'target' is defined but never used.  @typescript-eslint/no-unused-vars
554:11  Error: Unexpected aliasing of 'this' to local variable.  @typescript-eslint/no-this-alias
581:52  Warning: 'e' is defined but never used.  @typescript-eslint/no-unused-vars
653:13  Error: Unexpected aliasing of 'this' to local variable.  @typescript-eslint/no-this-alias
708:11  Error: Unexpected aliasing of 'this' to local variable.  @typescript-eslint/no-this-alias
777:13  Error: Unexpected aliasing of 'this' to local variable.  @typescript-eslint/no-this-alias
778:9  Warning: Expected an assignment or function call and instead saw an expression.  @typescript-eslint/no-unused-expressions
790:11  Warning: Expected an assignment or function call and instead saw an expression.  @typescript-eslint/no-unused-expressions
791:11  Warning: Expected an assignment or function call and instead saw an expression.  @typescript-eslint/no-unused-expressions
846:15  Warning: Expected an assignment or function call and instead saw an expression.  @typescript-eslint/no-unused-expressions
847:15  Warning: Expected an assignment or function call and instead saw an expression.  @typescript-eslint/no-unused-expressions
939:9  Error: Unexpected aliasing of 'this' to local variable.  @typescript-eslint/no-this-alias
1005:9  Error: Unexpected aliasing of 'this' to local variable.  @typescript-eslint/no-this-alias
1126:13  Error: Unexpected aliasing of 'this' to local variable.  @typescript-eslint/no-this-alias
1263:13  Error: Unexpected aliasing of 'this' to local variable.  @typescript-eslint/no-this-alias
1400:13  Error: Unexpected aliasing of 'this' to local variable.  @typescript-eslint/no-this-alias
1418:58  Warning: 'target' is defined but never used.  @typescript-eslint/no-unused-vars
1683:13  Error: Unexpected aliasing of 'this' to local variable.  @typescript-eslint/no-this-alias
1815:43  Warning: 'event' is defined but never used.  @typescript-eslint/no-unused-vars
1815:50  Warning: 'target' is defined but never used.  @typescript-eslint/no-unused-vars
1996:37  Warning: 'e' is defined but never used.  @typescript-eslint/no-unused-vars
2151:13  Error: Unexpected aliasing of 'this' to local variable.  @typescript-eslint/no-this-alias
2239:13  Error: Unexpected aliasing of 'this' to local variable.  @typescript-eslint/no-this-alias
2285:13  Error: Unexpected aliasing of 'this' to local variable.  @typescript-eslint/no-this-alias
2428:13  Error: Unexpected aliasing of 'this' to local variable.  @typescript-eslint/no-this-alias
2636:13  Error: Unexpected aliasing of 'this' to local variable.  @typescript-eslint/no-this-alias
2677:13  Error: Unexpected aliasing of 'this' to local variable.  @typescript-eslint/no-this-alias
2757:13  Error: Unexpected aliasing of 'this' to local variable.  @typescript-eslint/no-this-alias
2792:52  Warning: 'target' is defined but never used.  @typescript-eslint/no-unused-vars
2804:52  Warning: 'target' is defined but never used.  @typescript-eslint/no-unused-vars
2813:52  Warning: 'target' is defined but never used.  @typescript-eslint/no-unused-vars
2822:52  Warning: 'target' is defined but never used.  @typescript-eslint/no-unused-vars
2874:17  Warning: 'imgNode' is assigned a value but never used.  @typescript-eslint/no-unused-vars
2964:13  Error: Unexpected aliasing of 'this' to local variable.  @typescript-eslint/no-this-alias
3050:13  Error: Unexpected aliasing of 'this' to local variable.  @typescript-eslint/no-this-alias

./src/assets/vendor/glightbox/js/glightbox.min.js
1:1  Warning: Expected an assignment or function call and instead saw an expression.  @typescript-eslint/no-unused-expressions
1:16  Warning: Expected an assignment or function call and instead saw an expression.  @typescript-eslint/no-unused-expressions
1:894  Warning: Expected an assignment or function call and instead saw an expression.  @typescript-eslint/no-unused-expressions
1:1183  Warning: Expected an assignment or function call and instead saw an expression.  @typescript-eslint/no-unused-expressions
1:1308  Warning: Expected an assignment or function call and instead saw an expression.  @typescript-eslint/no-unused-expressions
1:2297  Warning: Expected an assignment or function call and instead saw an expression.  @typescript-eslint/no-unused-expressions
1:2434  Warning: Expected an assignment or function call and instead saw an expression.  @typescript-eslint/no-unused-expressions
1:2553  Warning: Expected an assignment or function call and instead saw an expression.  @typescript-eslint/no-unused-expressions
1:3222  Warning: Expected an assignment or function call and instead saw an expression.  @typescript-eslint/no-unused-expressions
1:3323  Warning: Expected an assignment or function call and instead saw an expression.  @typescript-eslint/no-unused-expressions
1:3582  Warning: Expected an assignment or function call and instead saw an expression.  @typescript-eslint/no-unused-expressions
1:4395  Warning: Expected an assignment or function call and instead saw an expression.  @typescript-eslint/no-unused-expressions
1:4436  Warning: Expected an assignment or function call and instead saw an expression.  @typescript-eslint/no-unused-expressions
1:4488  Warning: Expected an assignment or function call and instead saw an expression.  @typescript-eslint/no-unused-expressions
1:4647  Warning: Expected an assignment or function call and instead saw an expression.  @typescript-eslint/no-unused-expressions
1:5243  Warning: Expected an assignment or function call and instead saw an expression.  @typescript-eslint/no-unused-expressions
1:6053  Warning: Expected an assignment or function call and instead saw an expression.  @typescript-eslint/no-unused-expressions
1:6338  Warning: Expected an assignment or function call and instead saw an expression.  @typescript-eslint/no-unused-expressions
1:6523  Warning: Expected an assignment or function call and instead saw an expression.  @typescript-eslint/no-unused-expressions
1:6807  Warning: 'i' is defined but never used.  @typescript-eslint/no-unused-vars
1:7277  Warning: Expected an assignment or function call and instead saw an expression.  @typescript-eslint/no-unused-expressions
1:7322  Warning: Expected an assignment or function call and instead saw an expression.  @typescript-eslint/no-unused-expressions
1:7413  Error: Unexpected aliasing of 'this' to local variable.  @typescript-eslint/no-this-alias
1:7566  Warning: Expected an assignment or function call and instead saw an expression.  @typescript-eslint/no-unused-expressions
1:7993  Warning: 'e' is defined but never used.  @typescript-eslint/no-unused-vars
1:8482  Warning: Expected an assignment or function call and instead saw an expression.  @typescript-eslint/no-unused-expressions
1:8569  Warning: Expected an assignment or function call and instead saw an expression.  @typescript-eslint/no-unused-expressions
1:8941  Warning: Expected an assignment or function call and instead saw an expression.  @typescript-eslint/no-unused-expressions
1:9299  Error: Unexpected aliasing of 'this' to local variable.  @typescript-eslint/no-this-alias
1:9306  Warning: Expected an assignment or function call and instead saw an expression.  @typescript-eslint/no-unused-expressions
1:9419  Warning: Expected an assignment or function call and instead saw an expression.  @typescript-eslint/no-unused-expressions
1:9527  Warning: Expected an assignment or function call and instead saw an expression.  @typescript-eslint/no-unused-expressions
1:10322  Error: Unexpected aliasing of 'this' to local variable.  @typescript-eslint/no-this-alias
1:10543  Warning: Expected an assignment or function call and instead saw an expression.  @typescript-eslint/no-unused-expressions
1:11178  Warning: Expected an assignment or function call and instead saw an expression.  @typescript-eslint/no-unused-expressions
1:11412  Warning: Expected an assignment or function call and instead saw an expression.  @typescript-eslint/no-unused-expressions
1:11774  Error: Unexpected aliasing of 'this' to local variable.  @typescript-eslint/no-this-alias
1:11781  Warning: Expected an assignment or function call and instead saw an expression.  @typescript-eslint/no-unused-expressions
1:12256  Warning: Expected an assignment or function call and instead saw an expression.  @typescript-eslint/no-unused-expressions
1:12567  Warning: Expected an assignment or function call and instead saw an expression.  @typescript-eslint/no-unused-expressions
1:13102  Warning: Expected an assignment or function call and instead saw an expression.  @typescript-eslint/no-unused-expressions
1:13628  Warning: Expected an assignment or function call and instead saw an expression.  @typescript-eslint/no-unused-expressions
1:14015  Warning: Expected an assignment or function call and instead saw an expression.  @typescript-eslint/no-unused-expressions
1:14359  Warning: Expected an assignment or function call and instead saw an expression.  @typescript-eslint/no-unused-expressions
1:14579  Warning: Expected an assignment or function call and instead saw an expression.  @typescript-eslint/no-unused-expressions
1:14617  Warning: Expected an assignment or function call and instead saw an expression.  @typescript-eslint/no-unused-expressions
1:15080  Error: Unexpected aliasing of 'this' to local variable.  @typescript-eslint/no-this-alias
1:15197  Warning: Expected an assignment or function call and instead saw an expression.  @typescript-eslint/no-unused-expressions
1:15415  Warning: Expected an assignment or function call and instead saw an expression.  @typescript-eslint/no-unused-expressions
1:15878  Warning: Expected an assignment or function call and instead saw an expression.  @typescript-eslint/no-unused-expressions
1:16225  Warning: Expected an assignment or function call and instead saw an expression.  @typescript-eslint/no-unused-expressions
1:16415  Warning: Expected an assignment or function call and instead saw an expression.  @typescript-eslint/no-unused-expressions
1:16441  Warning: Expected an assignment or function call and instead saw an expression.  @typescript-eslint/no-unused-expressions
1:16700  Warning: Expected an assignment or function call and instead saw an expression.  @typescript-eslint/no-unused-expressions
1:16817  Error: Unexpected aliasing of 'this' to local variable.  @typescript-eslint/no-this-alias
1:17041  Warning: Expected an assignment or function call and instead saw an expression.  @typescript-eslint/no-unused-expressions
1:17128  Warning: Expected an assignment or function call and instead saw an expression.  @typescript-eslint/no-unused-expressions
1:17256  Warning: Expected an assignment or function call and instead saw an expression.  @typescript-eslint/no-unused-expressions
1:17406  Warning: Expected an assignment or function call and instead saw an expression.  @typescript-eslint/no-unused-expressions
1:17582  Warning: Expected an assignment or function call and instead saw an expression.  @typescript-eslint/no-unused-expressions
1:17920  Warning: Expected an assignment or function call and instead saw an expression.  @typescript-eslint/no-unused-expressions
1:18011  Warning: Expected an assignment or function call and instead saw an expression.  @typescript-eslint/no-unused-expressions
1:18185  Warning: Expected an assignment or function call and instead saw an expression.  @typescript-eslint/no-unused-expressions
1:19112  Error: Unexpected aliasing of 'this' to local variable.  @typescript-eslint/no-this-alias
1:19184  Warning: Expected an assignment or function call and instead saw an expression.  @typescript-eslint/no-unused-expressions
1:19482  Warning: Expected an assignment or function call and instead saw an expression.  @typescript-eslint/no-unused-expressions
1:19534  Warning: Expected an assignment or function call and instead saw an expression.  @typescript-eslint/no-unused-expressions
1:19679  Warning: Expected an assignment or function call and instead saw an expression.  @typescript-eslint/no-unused-expressions
1:19740  Warning: Expected an assignment or function call and instead saw an expression.  @typescript-eslint/no-unused-expressions
1:19781  Warning: Expected an assignment or function call and instead saw an expression.  @typescript-eslint/no-unused-expressions
1:20192  Warning: Expected an assignment or function call and instead saw an expression.  @typescript-eslint/no-unused-expressions
1:20273  Warning: Expected an assignment or function call and instead saw an expression.  @typescript-eslint/no-unused-expressions
1:20965  Warning: Expected an assignment or function call and instead saw an expression.  @typescript-eslint/no-unused-expressions
1:21061  Error: Unexpected aliasing of 'this' to local variable.  @typescript-eslint/no-this-alias
1:21268  Warning: Expected an assignment or function call and instead saw an expression.  @typescript-eslint/no-unused-expressions
1:21611  Warning: Expected an assignment or function call and instead saw an expression.  @typescript-eslint/no-unused-expressions
1:22565  Warning: Expected an assignment or function call and instead saw an expression.  @typescript-eslint/no-unused-expressions
1:23287  Error: Unexpected aliasing of 'this' to local variable.  @typescript-eslint/no-this-alias
1:23467  Warning: Expected an assignment or function call and instead saw an expression.  @typescript-eslint/no-unused-expressions
1:23593  Warning: 'n' is defined but never used.  @typescript-eslint/no-unused-vars
1:23596  Warning: Expected an assignment or function call and instead saw an expression.  @typescript-eslint/no-unused-expressions
1:23911  Warning: Expected an assignment or function call and instead saw an expression.  @typescript-eslint/no-unused-expressions
1:24485  Warning: Expected an assignment or function call and instead saw an expression.  @typescript-eslint/no-unused-expressions
1:24607  Warning: Expected an assignment or function call and instead saw an expression.  @typescript-eslint/no-unused-expressions
1:24669  Warning: Expected an assignment or function call and instead saw an expression.  @typescript-eslint/no-unused-expressions
1:24819  Warning: Expected an assignment or function call and instead saw an expression.  @typescript-eslint/no-unused-expressions
1:24947  Warning: Expected an assignment or function call and instead saw an expression.  @typescript-eslint/no-unused-expressions
1:25474  Warning: Expected an assignment or function call and instead saw an expression.  @typescript-eslint/no-unused-expressions
1:26760  Warning: Expected an assignment or function call and instead saw an expression.  @typescript-eslint/no-unused-expressions
1:27256  Warning: Expected an assignment or function call and instead saw an expression.  @typescript-eslint/no-unused-expressions
1:27368  Warning: Expected an assignment or function call and instead saw an expression.  @typescript-eslint/no-unused-expressions
1:27454  Warning: Expected an assignment or function call and instead saw an expression.  @typescript-eslint/no-unused-expressions
1:27516  Warning: Expected an assignment or function call and instead saw an expression.  @typescript-eslint/no-unused-expressions
1:27839  Warning: Expected an assignment or function call and instead saw an expression.  @typescript-eslint/no-unused-expressions
1:28233  Warning: Expected an assignment or function call and instead saw an expression.  @typescript-eslint/no-unused-expressions
1:28331  Warning: Expected an assignment or function call and instead saw an expression.  @typescript-eslint/no-unused-expressions
1:28372  Warning: Expected an assignment or function call and instead saw an expression.  @typescript-eslint/no-unused-expressions
1:28434  Warning: Expected an assignment or function call and instead saw an expression.  @typescript-eslint/no-unused-expressions
1:28619  Error: Unexpected aliasing of 'this' to local variable.  @typescript-eslint/no-this-alias
1:28626  Warning: Expected an assignment or function call and instead saw an expression.  @typescript-eslint/no-unused-expressions
1:28976  Warning: Expected an assignment or function call and instead saw an expression.  @typescript-eslint/no-unused-expressions
1:29370  Warning: Expected an assignment or function call and instead saw an expression.  @typescript-eslint/no-unused-expressions
1:29556  Warning: Expected an assignment or function call and instead saw an expression.  @typescript-eslint/no-unused-expressions
1:29925  Warning: Expected an assignment or function call and instead saw an expression.  @typescript-eslint/no-unused-expressions
1:29982  Warning: Expected an assignment or function call and instead saw an expression.  @typescript-eslint/no-unused-expressions
1:31784  Warning: Expected an assignment or function call and instead saw an expression.  @typescript-eslint/no-unused-expressions
1:31886  Warning: 'e' is defined but never used.  @typescript-eslint/no-unused-vars
1:31888  Warning: 't' is defined but never used.  @typescript-eslint/no-unused-vars
1:33933  Warning: Expected an assignment or function call and instead saw an expression.  @typescript-eslint/no-unused-expressions
1:33982  Warning: Expected an assignment or function call and instead saw an expression.  @typescript-eslint/no-unused-expressions
1:34118  Warning: Expected an assignment or function call and instead saw an expression.  @typescript-eslint/no-unused-expressions
1:34218  Warning: 'e' is defined but never used.  @typescript-eslint/no-unused-vars
1:34271  Warning: Expected an assignment or function call and instead saw an expression.  @typescript-eslint/no-unused-expressions
1:34356  Warning: Expected an assignment or function call and instead saw an expression.  @typescript-eslint/no-unused-expressions
1:38491  Warning: Expected an assignment or function call and instead saw an expression.  @typescript-eslint/no-unused-expressions
1:38691  Error: Unexpected aliasing of 'this' to local variable.  @typescript-eslint/no-this-alias
1:38719  Warning: Expected an assignment or function call and instead saw an expression.  @typescript-eslint/no-unused-expressions
1:38789  Warning: Expected an assignment or function call and instead saw an expression.  @typescript-eslint/no-unused-expressions
1:39051  Warning: Expected an assignment or function call and instead saw an expression.  @typescript-eslint/no-unused-expressions
1:39211  Warning: Expected an assignment or function call and instead saw an expression.  @typescript-eslint/no-unused-expressions
1:39350  Warning: Expected an assignment or function call and instead saw an expression.  @typescript-eslint/no-unused-expressions
1:39587  Warning: Expected an assignment or function call and instead saw an expression.  @typescript-eslint/no-unused-expressions
1:39748  Warning: Expected an assignment or function call and instead saw an expression.  @typescript-eslint/no-unused-expressions
1:40426  Error: Unexpected aliasing of 'this' to local variable.  @typescript-eslint/no-this-alias
1:40550  Warning: Expected an assignment or function call and instead saw an expression.  @typescript-eslint/no-unused-expressions
1:40641  Warning: Expected an assignment or function call and instead saw an expression.  @typescript-eslint/no-unused-expressions
1:40757  Warning: Expected an assignment or function call and instead saw an expression.  @typescript-eslint/no-unused-expressions
1:40956  Warning: Expected an assignment or function call and instead saw an expression.  @typescript-eslint/no-unused-expressions
1:41028  Warning: Expected an assignment or function call and instead saw an expression.  @typescript-eslint/no-unused-expressions
1:41108  Warning: Expected an assignment or function call and instead saw an expression.  @typescript-eslint/no-unused-expressions
1:41439  Error: Unexpected aliasing of 'this' to local variable.  @typescript-eslint/no-this-alias
1:41734  Warning: Expected an assignment or function call and instead saw an expression.  @typescript-eslint/no-unused-expressions
1:42331  Warning: Expected an assignment or function call and instead saw an expression.  @typescript-eslint/no-unused-expressions
1:42571  Warning: Expected an assignment or function call and instead saw an expression.  @typescript-eslint/no-unused-expressions
1:42687  Warning: Expected an assignment or function call and instead saw an expression.  @typescript-eslint/no-unused-expressions
1:42952  Warning: Expected an assignment or function call and instead saw an expression.  @typescript-eslint/no-unused-expressions
1:43223  Warning: Expected an assignment or function call and instead saw an expression.  @typescript-eslint/no-unused-expressions
1:43645  Warning: Expected an assignment or function call and instead saw an expression.  @typescript-eslint/no-unused-expressions
1:43938  Error: Unexpected aliasing of 'this' to local variable.  @typescript-eslint/no-this-alias
1:44770  Warning: Expected an assignment or function call and instead saw an expression.  @typescript-eslint/no-unused-expressions
1:45024  Warning: Expected an assignment or function call and instead saw an expression.  @typescript-eslint/no-unused-expressions
1:45157  Warning: Expected an assignment or function call and instead saw an expression.  @typescript-eslint/no-unused-expressions
1:45329  Warning: Expected an assignment or function call and instead saw an expression.  @typescript-eslint/no-unused-expressions
1:45489  Warning: Expected an assignment or function call and instead saw an expression.  @typescript-eslint/no-unused-expressions
1:45604  Warning: Expected an assignment or function call and instead saw an expression.  @typescript-eslint/no-unused-expressions
1:46832  Warning: Expected an assignment or function call and instead saw an expression.  @typescript-eslint/no-unused-expressions
1:47223  Warning: Expected an assignment or function call and instead saw an expression.  @typescript-eslint/no-unused-expressions
1:47362  Warning: Expected an assignment or function call and instead saw an expression.  @typescript-eslint/no-unused-expressions
1:47480  Warning: Expected an assignment or function call and instead saw an expression.  @typescript-eslint/no-unused-expressions
1:47553  Warning: Expected an assignment or function call and instead saw an expression.  @typescript-eslint/no-unused-expressions
1:47669  Warning: Expected an assignment or function call and instead saw an expression.  @typescript-eslint/no-unused-expressions
1:47807  Warning: Expected an assignment or function call and instead saw an expression.  @typescript-eslint/no-unused-expressions
1:47996  Warning: Expected an assignment or function call and instead saw an expression.  @typescript-eslint/no-unused-expressions
1:48069  Warning: Expected an assignment or function call and instead saw an expression.  @typescript-eslint/no-unused-expressions
1:48199  Error: Unexpected aliasing of 'this' to local variable.  @typescript-eslint/no-this-alias
1:48241  Warning: Expected an assignment or function call and instead saw an expression.  @typescript-eslint/no-unused-expressions
1:48318  Warning: Expected an assignment or function call and instead saw an expression.  @typescript-eslint/no-unused-expressions
1:48757  Error: Unexpected aliasing of 'this' to local variable.  @typescript-eslint/no-this-alias
1:48769  Warning: Expected an assignment or function call and instead saw an expression.  @typescript-eslint/no-unused-expressions
1:48985  Warning: Expected an assignment or function call and instead saw an expression.  @typescript-eslint/no-unused-expressions
1:49200  Warning: Expected an assignment or function call and instead saw an expression.  @typescript-eslint/no-unused-expressions
1:49956  Warning: Expected an assignment or function call and instead saw an expression.  @typescript-eslint/no-unused-expressions
1:50062  Error: Unexpected aliasing of 'this' to local variable.  @typescript-eslint/no-this-alias
1:50145  Warning: Expected an assignment or function call and instead saw an expression.  @typescript-eslint/no-unused-expressions
1:50505  Warning: Expected an assignment or function call and instead saw an expression.  @typescript-eslint/no-unused-expressions
1:50718  Warning: Expected an assignment or function call and instead saw an expression.  @typescript-eslint/no-unused-expressions
1:51133  Warning: 'i' is defined but never used.  @typescript-eslint/no-unused-vars
1:51136  Warning: Expected an assignment or function call and instead saw an expression.  @typescript-eslint/no-unused-expressions
1:51324  Warning: 'i' is defined but never used.  @typescript-eslint/no-unused-vars
1:51327  Warning: Expected an assignment or function call and instead saw an expression.  @typescript-eslint/no-unused-expressions
1:51460  Warning: 'i' is defined but never used.  @typescript-eslint/no-unused-vars
1:51463  Warning: Expected an assignment or function call and instead saw an expression.  @typescript-eslint/no-unused-expressions
1:51604  Warning: 'i' is defined but never used.  @typescript-eslint/no-unused-vars
1:51607  Warning: Expected an assignment or function call and instead saw an expression.  @typescript-eslint/no-unused-expressions
1:51808  Warning: Expected an assignment or function call and instead saw an expression.  @typescript-eslint/no-unused-expressions
1:52705  Warning: Expected an assignment or function call and instead saw an expression.  @typescript-eslint/no-unused-expressions
1:53436  Warning: Expected an assignment or function call and instead saw an expression.  @typescript-eslint/no-unused-expressions
1:53574  Warning: Expected an assignment or function call and instead saw an expression.  @typescript-eslint/no-unused-expressions
1:53786  Warning: Expected an assignment or function call and instead saw an expression.  @typescript-eslint/no-unused-expressions
1:54254  Error: Unexpected aliasing of 'this' to local variable.  @typescript-eslint/no-this-alias
1:54325  Warning: Expected an assignment or function call and instead saw an expression.  @typescript-eslint/no-unused-expressions
1:54432  Warning: Expected an assignment or function call and instead saw an expression.  @typescript-eslint/no-unused-expressions
1:54983  Warning: Expected an assignment or function call and instead saw an expression.  @typescript-eslint/no-unused-expressions
1:55067  Warning: Expected an assignment or function call and instead saw an expression.  @typescript-eslint/no-unused-expressions
1:55330  Warning: Expected an assignment or function call and instead saw an expression.  @typescript-eslint/no-unused-expressions
1:55431  Warning: Expected an assignment or function call and instead saw an expression.  @typescript-eslint/no-unused-expressions
1:55815  Error: Unexpected aliasing of 'this' to local variable.  @typescript-eslint/no-this-alias
1:55889  Warning: Expected an assignment or function call and instead saw an expression.  @typescript-eslint/no-unused-expressions
1:55955  Warning: Expected an assignment or function call and instead saw an expression.  @typescript-eslint/no-unused-expressions

./src/assets/vendor/isotope-layout/isotope.pkgd.js
31:7  Error: A `require()` style import is forbidden.  @typescript-eslint/no-require-imports
552:7  Error: A `require()` style import is forbidden.  @typescript-eslint/no-require-imports
695:9  Error: Unexpected aliasing of 'this' to local variable.  @typescript-eslint/no-this-alias
790:7  Error: A `require()` style import is forbidden.  @typescript-eslint/no-require-imports
791:7  Error: A `require()` style import is forbidden.  @typescript-eslint/no-require-imports
1079:5  Warning: 'h' is assigned a value but never used.  @typescript-eslint/no-unused-vars
1353:7  Error: A `require()` style import is forbidden.  @typescript-eslint/no-require-imports
1354:7  Error: A `require()` style import is forbidden.  @typescript-eslint/no-require-imports
1355:7  Error: A `require()` style import is forbidden.  @typescript-eslint/no-require-imports
1356:7  Error: A `require()` style import is forbidden.  @typescript-eslint/no-require-imports
1767:7  Error: Unexpected aliasing of 'this' to local variable.  @typescript-eslint/no-this-alias
2283:7  Error: A `require()` style import is forbidden.  @typescript-eslint/no-require-imports
2362:7  Error: A `require()` style import is forbidden.  @typescript-eslint/no-require-imports
2363:7  Error: A `require()` style import is forbidden.  @typescript-eslint/no-require-imports
2524:7  Error: A `require()` style import is forbidden.  @typescript-eslint/no-require-imports
2525:7  Error: A `require()` style import is forbidden.  @typescript-eslint/no-require-imports
2762:7  Error: A `require()` style import is forbidden.  @typescript-eslint/no-require-imports
2763:7  Error: A `require()` style import is forbidden.  @typescript-eslint/no-require-imports
2834:7  Error: A `require()` style import is forbidden.  @typescript-eslint/no-require-imports
2903:7  Error: A `require()` style import is forbidden.  @typescript-eslint/no-require-imports
2976:7  Error: A `require()` style import is forbidden.  @typescript-eslint/no-require-imports
2977:7  Error: A `require()` style import is forbidden.  @typescript-eslint/no-require-imports
2978:7  Error: A `require()` style import is forbidden.  @typescript-eslint/no-require-imports
2979:7  Error: A `require()` style import is forbidden.  @typescript-eslint/no-require-imports
2980:7  Error: A `require()` style import is forbidden.  @typescript-eslint/no-require-imports
2981:7  Error: A `require()` style import is forbidden.  @typescript-eslint/no-require-imports
2983:7  Error: A `require()` style import is forbidden.  @typescript-eslint/no-require-imports
2984:7  Error: A `require()` style import is forbidden.  @typescript-eslint/no-require-imports
2985:7  Error: A `require()` style import is forbidden.  @typescript-eslint/no-require-imports
3154:9  Error: Unexpected aliasing of 'this' to local variable.  @typescript-eslint/no-this-alias

./src/assets/vendor/isotope-layout/isotope.pkgd.min.js
11:1  Warning: Expected an assignment or function call and instead saw an expression.  @typescript-eslint/no-unused-expressions
11:16  Warning: Expected an assignment or function call and instead saw an expression.  @typescript-eslint/no-unused-expressions
11:191  Error: A `require()` style import is forbidden.  @typescript-eslint/no-require-imports
11:643  Warning: Expected an assignment or function call and instead saw an expression.  @typescript-eslint/no-unused-expressions
11:700  Warning: Expected an assignment or function call and instead saw an expression.  @typescript-eslint/no-unused-expressions
11:773  Warning: Expected an assignment or function call and instead saw an expression.  @typescript-eslint/no-unused-expressions
11:969  Warning: Expected an assignment or function call and instead saw an expression.  @typescript-eslint/no-unused-expressions
11:1142  Warning: Expected an assignment or function call and instead saw an expression.  @typescript-eslint/no-unused-expressions
11:1830  Warning: Expected an assignment or function call and instead saw an expression.  @typescript-eslint/no-unused-expressions
11:1940  Warning: Expected an assignment or function call and instead saw an expression.  @typescript-eslint/no-unused-expressions
11:2021  Warning: Expected an assignment or function call and instead saw an expression.  @typescript-eslint/no-unused-expressions
11:2084  Warning: Expected an assignment or function call and instead saw an expression.  @typescript-eslint/no-unused-expressions
11:2713  Warning: Expected an assignment or function call and instead saw an expression.  @typescript-eslint/no-unused-expressions
11:2940  Warning: Expected an assignment or function call and instead saw an expression.  @typescript-eslint/no-unused-expressions
11:3165  Warning: Expected an assignment or function call and instead saw an expression.  @typescript-eslint/no-unused-expressions
11:3548  Warning: Expected an assignment or function call and instead saw an expression.  @typescript-eslint/no-unused-expressions
11:4053  Warning: Expected an assignment or function call and instead saw an expression.  @typescript-eslint/no-unused-expressions
11:4544  Warning: Expected an assignment or function call and instead saw an expression.  @typescript-eslint/no-unused-expressions
11:4746  Error: A `require()` style import is forbidden.  @typescript-eslint/no-require-imports
11:4853  Warning: Expected an assignment or function call and instead saw an expression.  @typescript-eslint/no-unused-expressions
11:4979  Warning: Expected an assignment or function call and instead saw an expression.  @typescript-eslint/no-unused-expressions
11:5187  Warning: Expected an assignment or function call and instead saw an expression.  @typescript-eslint/no-unused-expressions
11:5435  Warning: Expected an assignment or function call and instead saw an expression.  @typescript-eslint/no-unused-expressions
11:5603  Warning: Expected an assignment or function call and instead saw an expression.  @typescript-eslint/no-unused-expressions
11:5840  Error: Unexpected aliasing of 'this' to local variable.  @typescript-eslint/no-this-alias
11:5877  Warning: Expected an assignment or function call and instead saw an expression.  @typescript-eslint/no-unused-expressions
11:5957  Warning: Expected an assignment or function call and instead saw an expression.  @typescript-eslint/no-unused-expressions
11:6585  Warning: Expected an assignment or function call and instead saw an expression.  @typescript-eslint/no-unused-expressions
11:6625  Warning: Expected an assignment or function call and instead saw an expression.  @typescript-eslint/no-unused-expressions
11:6792  Error: A `require()` style import is forbidden.  @typescript-eslint/no-require-imports
11:6814  Error: A `require()` style import is forbidden.  @typescript-eslint/no-require-imports
11:6998  Warning: Expected an assignment or function call and instead saw an expression.  @typescript-eslint/no-unused-expressions
11:7548  Warning: Expected an assignment or function call and instead saw an expression.  @typescript-eslint/no-unused-expressions
11:7585  Warning: Expected an assignment or function call and instead saw an expression.  @typescript-eslint/no-unused-expressions
11:7712  Warning: Expected an assignment or function call and instead saw an expression.  @typescript-eslint/no-unused-expressions
11:8100  Warning: Expected an assignment or function call and instead saw an expression.  @typescript-eslint/no-unused-expressions
11:8539  Warning: Expected an assignment or function call and instead saw an expression.  @typescript-eslint/no-unused-expressions
11:8668  Warning: Expected an assignment or function call and instead saw an expression.  @typescript-eslint/no-unused-expressions
11:9289  Warning: Expected an assignment or function call and instead saw an expression.  @typescript-eslint/no-unused-expressions
11:9603  Warning: Expected an assignment or function call and instead saw an expression.  @typescript-eslint/no-unused-expressions
11:9701  Warning: Expected an assignment or function call and instead saw an expression.  @typescript-eslint/no-unused-expressions
11:9791  Warning: Expected an assignment or function call and instead saw an expression.  @typescript-eslint/no-unused-expressions
11:10120  Warning: Expected an assignment or function call and instead saw an expression.  @typescript-eslint/no-unused-expressions
11:10232  Warning: 'o' is assigned a value but never used.  @typescript-eslint/no-unused-vars
11:10239  Warning: Expected an assignment or function call and instead saw an expression.  @typescript-eslint/no-unused-expressions
11:10329  Warning: Expected an assignment or function call and instead saw an expression.  @typescript-eslint/no-unused-expressions
11:10430  Warning: Expected an assignment or function call and instead saw an expression.  @typescript-eslint/no-unused-expressions
11:10751  Warning: Expected an assignment or function call and instead saw an expression.  @typescript-eslint/no-unused-expressions
11:11041  Warning: Expected an assignment or function call and instead saw an expression.  @typescript-eslint/no-unused-expressions
11:11144  Warning: Expected an assignment or function call and instead saw an expression.  @typescript-eslint/no-unused-expressions
11:11465  Warning: Expected an assignment or function call and instead saw an expression.  @typescript-eslint/no-unused-expressions
11:11530  Warning: Expected an assignment or function call and instead saw an expression.  @typescript-eslint/no-unused-expressions
11:11837  Warning: Expected an assignment or function call and instead saw an expression.  @typescript-eslint/no-unused-expressions
11:11970  Warning: Expected an assignment or function call and instead saw an expression.  @typescript-eslint/no-unused-expressions
11:12126  Warning: Expected an assignment or function call and instead saw an expression.  @typescript-eslint/no-unused-expressions
11:12317  Warning: Expected an assignment or function call and instead saw an expression.  @typescript-eslint/no-unused-expressions
11:12445  Warning: Expected an assignment or function call and instead saw an expression.  @typescript-eslint/no-unused-expressions
11:12597  Warning: Expected an assignment or function call and instead saw an expression.  @typescript-eslint/no-unused-expressions
11:12803  Warning: Expected an assignment or function call and instead saw an expression.  @typescript-eslint/no-unused-expressions
11:13045  Error: A `require()` style import is forbidden.  @typescript-eslint/no-require-imports
11:13067  Error: A `require()` style import is forbidden.  @typescript-eslint/no-require-imports
11:13087  Error: A `require()` style import is forbidden.  @typescript-eslint/no-require-imports
11:13113  Error: A `require()` style import is forbidden.  @typescript-eslint/no-require-imports
11:13374  Warning: Expected an assignment or function call and instead saw an expression.  @typescript-eslint/no-unused-expressions
11:13501  Warning: Expected an assignment or function call and instead saw an expression.  @typescript-eslint/no-unused-expressions
11:13590  Warning: Expected an assignment or function call and instead saw an expression.  @typescript-eslint/no-unused-expressions
11:13946  Warning: Expected an assignment or function call and instead saw an expression.  @typescript-eslint/no-unused-expressions
11:14237  Warning: Expected an assignment or function call and instead saw an expression.  @typescript-eslint/no-unused-expressions
11:14675  Warning: Expected an assignment or function call and instead saw an expression.  @typescript-eslint/no-unused-expressions
11:14829  Warning: Expected an assignment or function call and instead saw an expression.  @typescript-eslint/no-unused-expressions
11:15285  Warning: Expected an assignment or function call and instead saw an expression.  @typescript-eslint/no-unused-expressions
11:15402  Warning: Expected an assignment or function call and instead saw an expression.  @typescript-eslint/no-unused-expressions
11:15621  Warning: Expected an assignment or function call and instead saw an expression.  @typescript-eslint/no-unused-expressions
11:15767  Warning: Expected an assignment or function call and instead saw an expression.  @typescript-eslint/no-unused-expressions
11:16014  Warning: Expected an assignment or function call and instead saw an expression.  @typescript-eslint/no-unused-expressions
11:16073  Warning: Expected an assignment or function call and instead saw an expression.  @typescript-eslint/no-unused-expressions
11:16249  Warning: Expected an assignment or function call and instead saw an expression.  @typescript-eslint/no-unused-expressions
11:16524  Warning: Expected an assignment or function call and instead saw an expression.  @typescript-eslint/no-unused-expressions
11:16737  Warning: Expected an assignment or function call and instead saw an expression.  @typescript-eslint/no-unused-expressions
11:16911  Warning: Expected an assignment or function call and instead saw an expression.  @typescript-eslint/no-unused-expressions
11:17231  Warning: Expected an assignment or function call and instead saw an expression.  @typescript-eslint/no-unused-expressions
11:17249  Error: Unexpected aliasing of 'this' to local variable.  @typescript-eslint/no-this-alias
11:17487  Warning: Expected an assignment or function call and instead saw an expression.  @typescript-eslint/no-unused-expressions
11:17599  Warning: Expected an assignment or function call and instead saw an expression.  @typescript-eslint/no-unused-expressions
11:17665  Warning: Expected an assignment or function call and instead saw an expression.  @typescript-eslint/no-unused-expressions
11:17708  Warning: Expected an assignment or function call and instead saw an expression.  @typescript-eslint/no-unused-expressions
11:17814  Warning: Expected an assignment or function call and instead saw an expression.  @typescript-eslint/no-unused-expressions
11:17855  Warning: Expected an assignment or function call and instead saw an expression.  @typescript-eslint/no-unused-expressions
11:18041  Warning: Expected an assignment or function call and instead saw an expression.  @typescript-eslint/no-unused-expressions
11:18751  Warning: Expected an assignment or function call and instead saw an expression.  @typescript-eslint/no-unused-expressions
11:18834  Warning: Expected an assignment or function call and instead saw an expression.  @typescript-eslint/no-unused-expressions
11:18986  Warning: Expected an assignment or function call and instead saw an expression.  @typescript-eslint/no-unused-expressions
11:19308  Warning: Expected an assignment or function call and instead saw an expression.  @typescript-eslint/no-unused-expressions
11:19445  Warning: Expected an assignment or function call and instead saw an expression.  @typescript-eslint/no-unused-expressions
11:19695  Warning: Expected an assignment or function call and instead saw an expression.  @typescript-eslint/no-unused-expressions
11:19847  Warning: Expected an assignment or function call and instead saw an expression.  @typescript-eslint/no-unused-expressions
11:20221  Warning: Expected an assignment or function call and instead saw an expression.  @typescript-eslint/no-unused-expressions
11:20288  Warning: Expected an assignment or function call and instead saw an expression.  @typescript-eslint/no-unused-expressions
11:20361  Warning: Expected an assignment or function call and instead saw an expression.  @typescript-eslint/no-unused-expressions
11:20453  Warning: Expected an assignment or function call and instead saw an expression.  @typescript-eslint/no-unused-expressions
11:20587  Warning: Expected an assignment or function call and instead saw an expression.  @typescript-eslint/no-unused-expressions
11:21057  Warning: Expected an assignment or function call and instead saw an expression.  @typescript-eslint/no-unused-expressions
11:21209  Error: A `require()` style import is forbidden.  @typescript-eslint/no-require-imports
11:21422  Warning: Expected an assignment or function call and instead saw an expression.  @typescript-eslint/no-unused-expressions
11:21443  Warning: Expected an assignment or function call and instead saw an expression.  @typescript-eslint/no-unused-expressions
11:21553  Warning: Expected an assignment or function call and instead saw an expression.  @typescript-eslint/no-unused-expressions
11:21826  Warning: Expected an assignment or function call and instead saw an expression.  @typescript-eslint/no-unused-expressions
11:21892  Warning: Expected an assignment or function call and instead saw an expression.  @typescript-eslint/no-unused-expressions
11:22071  Error: A `require()` style import is forbidden.  @typescript-eslint/no-require-imports
11:22091  Error: A `require()` style import is forbidden.  @typescript-eslint/no-require-imports
11:22232  Warning: Expected an assignment or function call and instead saw an expression.  @typescript-eslint/no-unused-expressions
11:23330  Warning: Expected an assignment or function call and instead saw an expression.  @typescript-eslint/no-unused-expressions
11:23590  Warning: Expected an assignment or function call and instead saw an expression.  @typescript-eslint/no-unused-expressions
11:23762  Error: A `require()` style import is forbidden.  @typescript-eslint/no-require-imports
11:23782  Error: A `require()` style import is forbidden.  @typescript-eslint/no-require-imports
11:23974  Warning: Expected an assignment or function call and instead saw an expression.  @typescript-eslint/no-unused-expressions
11:24165  Warning: Expected an assignment or function call and instead saw an expression.  @typescript-eslint/no-unused-expressions
11:24480  Warning: Expected an assignment or function call and instead saw an expression.  @typescript-eslint/no-unused-expressions
11:25910  Warning: Expected an assignment or function call and instead saw an expression.  @typescript-eslint/no-unused-expressions
11:26534  Warning: Expected an assignment or function call and instead saw an expression.  @typescript-eslint/no-unused-expressions
11:26724  Error: A `require()` style import is forbidden.  @typescript-eslint/no-require-imports
11:26750  Error: A `require()` style import is forbidden.  @typescript-eslint/no-require-imports
11:26965  Warning: Expected an assignment or function call and instead saw an expression.  @typescript-eslint/no-unused-expressions
11:27044  Warning: Expected an assignment or function call and instead saw an expression.  @typescript-eslint/no-unused-expressions
11:27297  Warning: Expected an assignment or function call and instead saw an expression.  @typescript-eslint/no-unused-expressions
11:27448  Error: A `require()` style import is forbidden.  @typescript-eslint/no-require-imports
11:27605  Warning: Expected an assignment or function call and instead saw an expression.  @typescript-eslint/no-unused-expressions
11:27808  Warning: Expected an assignment or function call and instead saw an expression.  @typescript-eslint/no-unused-expressions
11:28037  Warning: Expected an assignment or function call and instead saw an expression.  @typescript-eslint/no-unused-expressions
11:28203  Error: A `require()` style import is forbidden.  @typescript-eslint/no-require-imports
11:28658  Warning: Expected an assignment or function call and instead saw an expression.  @typescript-eslint/no-unused-expressions
11:29102  Error: A `require()` style import is forbidden.  @typescript-eslint/no-require-imports
11:29122  Error: A `require()` style import is forbidden.  @typescript-eslint/no-require-imports
11:29142  Error: A `require()` style import is forbidden.  @typescript-eslint/no-require-imports
11:29179  Error: A `require()` style import is forbidden.  @typescript-eslint/no-require-imports
11:29205  Error: A `require()` style import is forbidden.  @typescript-eslint/no-require-imports
11:29239  Error: A `require()` style import is forbidden.  @typescript-eslint/no-require-imports
11:29280  Error: A `require()` style import is forbidden.  @typescript-eslint/no-require-imports
11:29330  Error: A `require()` style import is forbidden.  @typescript-eslint/no-require-imports
11:29381  Error: A `require()` style import is forbidden.  @typescript-eslint/no-require-imports
11:29955  Warning: Expected an assignment or function call and instead saw an expression.  @typescript-eslint/no-unused-expressions
11:29997  Warning: Expected an assignment or function call and instead saw an expression.  @typescript-eslint/no-unused-expressions
11:30018  Warning: Expected an assignment or function call and instead saw an expression.  @typescript-eslint/no-unused-expressions
11:30252  Warning: Expected an assignment or function call and instead saw an expression.  @typescript-eslint/no-unused-expressions
11:30539  Warning: Expected an assignment or function call and instead saw an expression.  @typescript-eslint/no-unused-expressions
11:30784  Warning: Expected an assignment or function call and instead saw an expression.  @typescript-eslint/no-unused-expressions
11:30911  Warning: Expected an assignment or function call and instead saw an expression.  @typescript-eslint/no-unused-expressions
11:30978  Warning: Expected an assignment or function call and instead saw an expression.  @typescript-eslint/no-unused-expressions
11:31185  Warning: Expected an assignment or function call and instead saw an expression.  @typescript-eslint/no-unused-expressions
11:31412  Warning: Expected an assignment or function call and instead saw an expression.  @typescript-eslint/no-unused-expressions
11:31489  Error: Unexpected aliasing of 'this' to local variable.  @typescript-eslint/no-this-alias
11:31496  Warning: Expected an assignment or function call and instead saw an expression.  @typescript-eslint/no-unused-expressions
11:31534  Warning: Expected an assignment or function call and instead saw an expression.  @typescript-eslint/no-unused-expressions
11:31581  Warning: Expected an assignment or function call and instead saw an expression.  @typescript-eslint/no-unused-expressions
11:31630  Warning: Expected an assignment or function call and instead saw an expression.  @typescript-eslint/no-unused-expressions
11:31806  Warning: Expected an assignment or function call and instead saw an expression.  @typescript-eslint/no-unused-expressions
12:128  Warning: Expected an assignment or function call and instead saw an expression.  @typescript-eslint/no-unused-expressions
12:809  Warning: Expected an assignment or function call and instead saw an expression.  @typescript-eslint/no-unused-expressions
12:1000  Warning: Expected an assignment or function call and instead saw an expression.  @typescript-eslint/no-unused-expressions
12:1431  Warning: Expected an assignment or function call and instead saw an expression.  @typescript-eslint/no-unused-expressions
12:1983  Warning: Expected an assignment or function call and instead saw an expression.  @typescript-eslint/no-unused-expressions
12:2057  Warning: Expected an assignment or function call and instead saw an expression.  @typescript-eslint/no-unused-expressions
12:2417  Warning: Expected an assignment or function call and instead saw an expression.  @typescript-eslint/no-unused-expressions
12:2900  Warning: Expected an assignment or function call and instead saw an expression.  @typescript-eslint/no-unused-expressions

./src/assets/vendor/php-email-form/validate.js
15:11  Error: Unexpected aliasing of 'this' to local variable.  @typescript-eslint/no-this-alias

./src/assets/vendor/swiper/swiper-bundle.min.js
13:5  Warning: 'Swiper' is assigned a value but never used.  @typescript-eslint/no-unused-vars
13:145  Warning: Expected an assignment or function call and instead saw an expression.  @typescript-eslint/no-unused-expressions
13:211  Warning: Expected an assignment or function call and instead saw an expression.  @typescript-eslint/no-unused-expressions
13:1329  Warning: Expected an assignment or function call and instead saw an expression.  @typescript-eslint/no-unused-expressions
13:1641  Warning: Expected an assignment or function call and instead saw an expression.  @typescript-eslint/no-unused-expressions
13:2983  Warning: Expected an assignment or function call and instead saw an expression.  @typescript-eslint/no-unused-expressions
13:3321  Warning: Expected an assignment or function call and instead saw an expression.  @typescript-eslint/no-unused-expressions
13:3479  Warning: Expected an assignment or function call and instead saw an expression.  @typescript-eslint/no-unused-expressions
13:3751  Warning: Expected an assignment or function call and instead saw an expression.  @typescript-eslint/no-unused-expressions
13:4181  Warning: 'e' is defined but never used.  @typescript-eslint/no-unused-vars
13:4202  Warning: Expected an assignment or function call and instead saw an expression.  @typescript-eslint/no-unused-expressions
13:4678  Warning: Expected an assignment or function call and instead saw an expression.  @typescript-eslint/no-unused-expressions
13:4768  Warning: Expected an assignment or function call and instead saw an expression.  @typescript-eslint/no-unused-expressions
13:4847  Warning: Expected an assignment or function call and instead saw an expression.  @typescript-eslint/no-unused-expressions
13:4900  Warning: Expected an assignment or function call and instead saw an expression.  @typescript-eslint/no-unused-expressions
13:6889  Error: Unexpected aliasing of 'this' to local variable.  @typescript-eslint/no-this-alias
13:7033  Warning: Expected an assignment or function call and instead saw an expression.  @typescript-eslint/no-unused-expressions
13:7132  Error: Unexpected aliasing of 'this' to local variable.  @typescript-eslint/no-this-alias
13:7229  Warning: Expected an assignment or function call and instead saw an expression.  @typescript-eslint/no-unused-expressions
13:7423  Error: Unexpected aliasing of 'this' to local variable.  @typescript-eslint/no-this-alias
13:7622  Error: Unexpected aliasing of 'this' to local variable.  @typescript-eslint/no-this-alias
13:7811  Error: Unexpected aliasing of 'this' to local variable.  @typescript-eslint/no-this-alias
13:7903  Warning: Expected an assignment or function call and instead saw an expression.  @typescript-eslint/no-unused-expressions
13:7998  Warning: Expected an assignment or function call and instead saw an expression.  @typescript-eslint/no-unused-expressions
13:8105  Error: Unexpected aliasing of 'this' to local variable.  @typescript-eslint/no-this-alias
13:8269  Warning: Expected an assignment or function call and instead saw an expression.  @typescript-eslint/no-unused-expressions
13:8459  Warning: Expected an assignment or function call and instead saw an expression.  @typescript-eslint/no-unused-expressions
13:8683  Warning: Expected an assignment or function call and instead saw an expression.  @typescript-eslint/no-unused-expressions
13:8970  Warning: Expected an assignment or function call and instead saw an expression.  @typescript-eslint/no-unused-expressions
13:9093  Warning: Expected an assignment or function call and instead saw an expression.  @typescript-eslint/no-unused-expressions
13:9294  Warning: Expected an assignment or function call and instead saw an expression.  @typescript-eslint/no-unused-expressions
13:9732  Warning: Expected an assignment or function call and instead saw an expression.  @typescript-eslint/no-unused-expressions
13:9857  Warning: Expected an assignment or function call and instead saw an expression.  @typescript-eslint/no-unused-expressions
13:9933  Warning: Expected an assignment or function call and instead saw an expression.  @typescript-eslint/no-unused-expressions
13:9995  Error: Unexpected aliasing of 'this' to local variable.  @typescript-eslint/no-this-alias
13:10023  Warning: Expected an assignment or function call and instead saw an expression.  @typescript-eslint/no-unused-expressions
13:10526  Error: Unexpected aliasing of 'this' to local variable.  @typescript-eslint/no-this-alias
13:10902  Warning: Expected an assignment or function call and instead saw an expression.  @typescript-eslint/no-unused-expressions
13:10983  Warning: Expected an assignment or function call and instead saw an expression.  @typescript-eslint/no-unused-expressions
13:11140  Warning: Expected an assignment or function call and instead saw an expression.  @typescript-eslint/no-unused-expressions
13:11286  Warning: Expected an assignment or function call and instead saw an expression.  @typescript-eslint/no-unused-expressions
13:11539  Warning: Expected an assignment or function call and instead saw an expression.  @typescript-eslint/no-unused-expressions
13:11869  Warning: Expected an assignment or function call and instead saw an expression.  @typescript-eslint/no-unused-expressions
13:12369  Warning: Expected an assignment or function call and instead saw an expression.  @typescript-eslint/no-unused-expressions
13:12464  Warning: Expected an assignment or function call and instead saw an expression.  @typescript-eslint/no-unused-expressions
13:12600  Warning: Expected an assignment or function call and instead saw an expression.  @typescript-eslint/no-unused-expressions
13:13305  Warning: Expected an assignment or function call and instead saw an expression.  @typescript-eslint/no-unused-expressions
13:13372  Warning: Expected an assignment or function call and instead saw an expression.  @typescript-eslint/no-unused-expressions
13:13722  Warning: Expected an assignment or function call and instead saw an expression.  @typescript-eslint/no-unused-expressions
13:14063  Warning: Expected an assignment or function call and instead saw an expression.  @typescript-eslint/no-unused-expressions
13:14240  Warning: Expected an assignment or function call and instead saw an expression.  @typescript-eslint/no-unused-expressions
13:14430  Warning: Expected an assignment or function call and instead saw an expression.  @typescript-eslint/no-unused-expressions
13:14590  Warning: Expected an assignment or function call and instead saw an expression.  @typescript-eslint/no-unused-expressions
13:15049  Warning: Expected an assignment or function call and instead saw an expression.  @typescript-eslint/no-unused-expressions
13:15168  Error: Unexpected aliasing of 'this' to local variable.  @typescript-eslint/no-this-alias
13:15228  Warning: Expected an assignment or function call and instead saw an expression.  @typescript-eslint/no-unused-expressions
13:15733  Warning: Expected an assignment or function call and instead saw an expression.  @typescript-eslint/no-unused-expressions
13:15818  Error: Unexpected aliasing of 'this' to local variable.  @typescript-eslint/no-this-alias
13:16077  Warning: Expected an assignment or function call and instead saw an expression.  @typescript-eslint/no-unused-expressions
13:16123  Error: Unexpected aliasing of 'this' to local variable.  @typescript-eslint/no-this-alias
13:16203  Warning: Expected an assignment or function call and instead saw an expression.  @typescript-eslint/no-unused-expressions
13:16268  Warning: Expected an assignment or function call and instead saw an expression.  @typescript-eslint/no-unused-expressions
13:16426  Warning: Expected an assignment or function call and instead saw an expression.  @typescript-eslint/no-unused-expressions
13:16613  Warning: Expected an assignment or function call and instead saw an expression.  @typescript-eslint/no-unused-expressions
13:16890  Warning: Expected an assignment or function call and instead saw an expression.  @typescript-eslint/no-unused-expressions
13:17167  Error: Unexpected aliasing of 'this' to local variable.  @typescript-eslint/no-this-alias
13:17383  Warning: Expected an assignment or function call and instead saw an expression.  @typescript-eslint/no-unused-expressions
13:17499  Warning: Expected an assignment or function call and instead saw an expression.  @typescript-eslint/no-unused-expressions
13:17712  Warning: Expected an assignment or function call and instead saw an expression.  @typescript-eslint/no-unused-expressions
13:17749  Warning: Expected an assignment or function call and instead saw an expression.  @typescript-eslint/no-unused-expressions
13:18065  Error: Unexpected aliasing of 'this' to local variable.  @typescript-eslint/no-this-alias
13:18293  Warning: Expected an assignment or function call and instead saw an expression.  @typescript-eslint/no-unused-expressions
13:18475  Warning: Expected an assignment or function call and instead saw an expression.  @typescript-eslint/no-unused-expressions
13:18589  Warning: Expected an assignment or function call and instead saw an expression.  @typescript-eslint/no-unused-expressions
13:18681  Warning: Expected an assignment or function call and instead saw an expression.  @typescript-eslint/no-unused-expressions
13:18883  Warning: Expected an assignment or function call and instead saw an expression.  @typescript-eslint/no-unused-expressions
13:19023  Warning: Expected an assignment or function call and instead saw an expression.  @typescript-eslint/no-unused-expressions
13:19171  Error: Unexpected aliasing of 'this' to local variable.  @typescript-eslint/no-this-alias
13:19574  Warning: Expected an assignment or function call and instead saw an expression.  @typescript-eslint/no-unused-expressions
13:20263  Warning: Expected an assignment or function call and instead saw an expression.  @typescript-eslint/no-unused-expressions
13:20455  Warning: Expected an assignment or function call and instead saw an expression.  @typescript-eslint/no-unused-expressions
13:20785  Error: Unexpected aliasing of 'this' to local variable.  @typescript-eslint/no-this-alias
13:20853  Warning: Expected an assignment or function call and instead saw an expression.  @typescript-eslint/no-unused-expressions
13:20951  Warning: Expected an assignment or function call and instead saw an expression.  @typescript-eslint/no-unused-expressions
13:21091  Warning: Expected an assignment or function call and instead saw an expression.  @typescript-eslint/no-unused-expressions
13:21173  Warning: Expected an assignment or function call and instead saw an expression.  @typescript-eslint/no-unused-expressions
13:21451  Warning: Expected an assignment or function call and instead saw an expression.  @typescript-eslint/no-unused-expressions
13:21714  Error: Unexpected aliasing of 'this' to local variable.  @typescript-eslint/no-this-alias
13:21786  Warning: Expected an assignment or function call and instead saw an expression.  @typescript-eslint/no-unused-expressions
13:22201  Warning: Expected an assignment or function call and instead saw an expression.  @typescript-eslint/no-unused-expressions
13:22450  Warning: Expected an assignment or function call and instead saw an expression.  @typescript-eslint/no-unused-expressions
13:22546  Error: Unexpected aliasing of 'this' to local variable.  @typescript-eslint/no-this-alias
13:23301  Warning: Expected an assignment or function call and instead saw an expression.  @typescript-eslint/no-unused-expressions
13:23887  Warning: Expected an assignment or function call and instead saw an expression.  @typescript-eslint/no-unused-expressions
13:24038  Warning: Expected an assignment or function call and instead saw an expression.  @typescript-eslint/no-unused-expressions
13:24120  Error: Unexpected aliasing of 'this' to local variable.  @typescript-eslint/no-this-alias
13:24135  Warning: Expected an assignment or function call and instead saw an expression.  @typescript-eslint/no-unused-expressions
13:24338  Warning: Expected an assignment or function call and instead saw an expression.  @typescript-eslint/no-unused-expressions
13:24467  Warning: Expected an assignment or function call and instead saw an expression.  @typescript-eslint/no-unused-expressions
13:24638  Warning: Expected an assignment or function call and instead saw an expression.  @typescript-eslint/no-unused-expressions
13:25353  Warning: Expected an assignment or function call and instead saw an expression.  @typescript-eslint/no-unused-expressions
13:25637  Warning: Expected an assignment or function call and instead saw an expression.  @typescript-eslint/no-unused-expressions
13:26136  Warning: Expected an assignment or function call and instead saw an expression.  @typescript-eslint/no-unused-expressions
13:26548  Error: Unexpected aliasing of 'this' to local variable.  @typescript-eslint/no-this-alias
13:26577  Warning: Expected an assignment or function call and instead saw an expression.  @typescript-eslint/no-unused-expressions
13:27039  Warning: Expected an assignment or function call and instead saw an expression.  @typescript-eslint/no-unused-expressions
13:27692  Warning: Expected an assignment or function call and instead saw an expression.  @typescript-eslint/no-unused-expressions
13:27717  Error: Unexpected aliasing of 'this' to local variable.  @typescript-eslint/no-this-alias
13:27787  Warning: Expected an assignment or function call and instead saw an expression.  @typescript-eslint/no-unused-expressions
13:27841  Warning: Expected an assignment or function call and instead saw an expression.  @typescript-eslint/no-unused-expressions
13:28387  Warning: Expected an assignment or function call and instead saw an expression.  @typescript-eslint/no-unused-expressions
13:28412  Error: Unexpected aliasing of 'this' to local variable.  @typescript-eslint/no-this-alias
13:28521  Warning: Expected an assignment or function call and instead saw an expression.  @typescript-eslint/no-unused-expressions
13:28641  Warning: Expected an assignment or function call and instead saw an expression.  @typescript-eslint/no-unused-expressions
13:28885  Warning: Expected an assignment or function call and instead saw an expression.  @typescript-eslint/no-unused-expressions
13:28904  Warning: Expected an assignment or function call and instead saw an expression.  @typescript-eslint/no-unused-expressions
13:29448  Warning: Expected an assignment or function call and instead saw an expression.  @typescript-eslint/no-unused-expressions
13:29473  Error: Unexpected aliasing of 'this' to local variable.  @typescript-eslint/no-this-alias
13:29599  Warning: Expected an assignment or function call and instead saw an expression.  @typescript-eslint/no-unused-expressions
13:29643  Error: Unexpected aliasing of 'this' to local variable.  @typescript-eslint/no-this-alias
13:29672  Warning: Expected an assignment or function call and instead saw an expression.  @typescript-eslint/no-unused-expressions
13:29902  Warning: Expected an assignment or function call and instead saw an expression.  @typescript-eslint/no-unused-expressions
13:29987  Warning: Expected an assignment or function call and instead saw an expression.  @typescript-eslint/no-unused-expressions
13:30158  Error: Unexpected aliasing of 'this' to local variable.  @typescript-eslint/no-this-alias
13:30394  Warning: Expected an assignment or function call and instead saw an expression.  @typescript-eslint/no-unused-expressions
13:30850  Error: Unexpected aliasing of 'this' to local variable.  @typescript-eslint/no-this-alias
13:31362  Warning: Expected an assignment or function call and instead saw an expression.  @typescript-eslint/no-unused-expressions
13:31645  Warning: Expected an assignment or function call and instead saw an expression.  @typescript-eslint/no-unused-expressions
13:32141  Error: Unexpected aliasing of 'this' to local variable.  @typescript-eslint/no-this-alias
13:32712  Warning: Expected an assignment or function call and instead saw an expression.  @typescript-eslint/no-unused-expressions
13:32870  Warning: Expected an assignment or function call and instead saw an expression.  @typescript-eslint/no-unused-expressions
13:32970  Warning: Expected an assignment or function call and instead saw an expression.  @typescript-eslint/no-unused-expressions
13:33359  Warning: Expected an assignment or function call and instead saw an expression.  @typescript-eslint/no-unused-expressions
13:33730  Warning: Expected an assignment or function call and instead saw an expression.  @typescript-eslint/no-unused-expressions
13:33868  Warning: Expected an assignment or function call and instead saw an expression.  @typescript-eslint/no-unused-expressions
13:33889  Warning: Expected an assignment or function call and instead saw an expression.  @typescript-eslint/no-unused-expressions
13:34029  Warning: Expected an assignment or function call and instead saw an expression.  @typescript-eslint/no-unused-expressions
13:34118  Warning: Expected an assignment or function call and instead saw an expression.  @typescript-eslint/no-unused-expressions
13:34471  Warning: Expected an assignment or function call and instead saw an expression.  @typescript-eslint/no-unused-expressions
13:34735  Warning: Expected an assignment or function call and instead saw an expression.  @typescript-eslint/no-unused-expressions
13:34901  Warning: Expected an assignment or function call and instead saw an expression.  @typescript-eslint/no-unused-expressions
13:35353  Warning: Expected an assignment or function call and instead saw an expression.  @typescript-eslint/no-unused-expressions
13:35423  Warning: Expected an assignment or function call and instead saw an expression.  @typescript-eslint/no-unused-expressions
13:35762  Error: Unexpected aliasing of 'this' to local variable.  @typescript-eslint/no-this-alias
13:35876  Warning: Expected an assignment or function call and instead saw an expression.  @typescript-eslint/no-unused-expressions
13:36337  Error: Unexpected aliasing of 'this' to local variable.  @typescript-eslint/no-this-alias
13:36358  Warning: Expected an assignment or function call and instead saw an expression.  @typescript-eslint/no-unused-expressions
13:36532  Warning: Expected an assignment or function call and instead saw an expression.  @typescript-eslint/no-unused-expressions
13:36853  Warning: Expected an assignment or function call and instead saw an expression.  @typescript-eslint/no-unused-expressions
13:37175  Warning: Expected an assignment or function call and instead saw an expression.  @typescript-eslint/no-unused-expressions
13:37382  Error: Unexpected aliasing of 'this' to local variable.  @typescript-eslint/no-this-alias
13:37440  Warning: Expected an assignment or function call and instead saw an expression.  @typescript-eslint/no-unused-expressions
13:37658  Warning: Expected an assignment or function call and instead saw an expression.  @typescript-eslint/no-unused-expressions
13:37748  Warning: Expected an assignment or function call and instead saw an expression.  @typescript-eslint/no-unused-expressions
13:38000  Warning: Expected an assignment or function call and instead saw an expression.  @typescript-eslint/no-unused-expressions
13:38242  Warning: Expected an assignment or function call and instead saw an expression.  @typescript-eslint/no-unused-expressions
13:38464  Error: Unexpected aliasing of 'this' to local variable.  @typescript-eslint/no-this-alias
13:39654  Warning: Expected an assignment or function call and instead saw an expression.  @typescript-eslint/no-unused-expressions
13:39924  Warning: Expected an assignment or function call and instead saw an expression.  @typescript-eslint/no-unused-expressions
13:40412  Warning: Expected an assignment or function call and instead saw an expression.  @typescript-eslint/no-unused-expressions
13:40624  Warning: Expected an assignment or function call and instead saw an expression.  @typescript-eslint/no-unused-expressions
13:40757  Warning: Expected an assignment or function call and instead saw an expression.  @typescript-eslint/no-unused-expressions
13:41192  Warning: Expected an assignment or function call and instead saw an expression.  @typescript-eslint/no-unused-expressions
13:41589  Warning: Expected an assignment or function call and instead saw an expression.  @typescript-eslint/no-unused-expressions
13:43205  Warning: Expected an assignment or function call and instead saw an expression.  @typescript-eslint/no-unused-expressions
13:43513  Error: Unexpected aliasing of 'this' to local variable.  @typescript-eslint/no-this-alias
13:43550  Warning: Expected an assignment or function call and instead saw an expression.  @typescript-eslint/no-unused-expressions
13:43997  Warning: Expected an assignment or function call and instead saw an expression.  @typescript-eslint/no-unused-expressions
13:44333  Warning: Expected an assignment or function call and instead saw an expression.  @typescript-eslint/no-unused-expressions
13:44538  Warning: Expected an assignment or function call and instead saw an expression.  @typescript-eslint/no-unused-expressions
13:44697  Warning: Expected an assignment or function call and instead saw an expression.  @typescript-eslint/no-unused-expressions
13:45336  Warning: Expected an assignment or function call and instead saw an expression.  @typescript-eslint/no-unused-expressions
13:45464  Warning: Expected an assignment or function call and instead saw an expression.  @typescript-eslint/no-unused-expressions
13:45731  Warning: Expected an assignment or function call and instead saw an expression.  @typescript-eslint/no-unused-expressions
13:46026  Warning: Expected an assignment or function call and instead saw an expression.  @typescript-eslint/no-unused-expressions
13:46290  Error: Unexpected aliasing of 'this' to local variable.  @typescript-eslint/no-this-alias
13:46346  Warning: Expected an assignment or function call and instead saw an expression.  @typescript-eslint/no-unused-expressions
13:46471  Warning: Expected an assignment or function call and instead saw an expression.  @typescript-eslint/no-unused-expressions
13:46585  Warning: Expected an assignment or function call and instead saw an expression.  @typescript-eslint/no-unused-expressions
13:46941  Warning: Expected an assignment or function call and instead saw an expression.  @typescript-eslint/no-unused-expressions
13:47136  Error: Unexpected aliasing of 'this' to local variable.  @typescript-eslint/no-this-alias
13:47143  Warning: Expected an assignment or function call and instead saw an expression.  @typescript-eslint/no-unused-expressions
13:47333  Error: Unexpected aliasing of 'this' to local variable.  @typescript-eslint/no-this-alias
13:47400  Warning: Expected an assignment or function call and instead saw an expression.  @typescript-eslint/no-unused-expressions
13:47621  Warning: Expected an assignment or function call and instead saw an expression.  @typescript-eslint/no-unused-expressions
13:47783  Error: Unexpected aliasing of 'this' to local variable.  @typescript-eslint/no-this-alias
13:47790  Warning: Expected an assignment or function call and instead saw an expression.  @typescript-eslint/no-unused-expressions
13:47907  Error: Unexpected aliasing of 'this' to local variable.  @typescript-eslint/no-this-alias
13:47914  Warning: Expected an assignment or function call and instead saw an expression.  @typescript-eslint/no-unused-expressions
13:48182  Warning: Expected an assignment or function call and instead saw an expression.  @typescript-eslint/no-unused-expressions
13:51094  Warning: Expected an assignment or function call and instead saw an expression.  @typescript-eslint/no-unused-expressions
13:51146  Warning: Expected an assignment or function call and instead saw an expression.  @typescript-eslint/no-unused-expressions
13:51600  Error: Unexpected aliasing of 'this' to local variable.  @typescript-eslint/no-this-alias
13:51607  Warning: Expected an assignment or function call and instead saw an expression.  @typescript-eslint/no-unused-expressions
13:51781  Warning: Expected an assignment or function call and instead saw an expression.  @typescript-eslint/no-unused-expressions
13:51806  Error: Unexpected aliasing of 'this' to local variable.  @typescript-eslint/no-this-alias
13:51826  Warning: Expected an assignment or function call and instead saw an expression.  @typescript-eslint/no-unused-expressions
13:51957  Warning: Expected an assignment or function call and instead saw an expression.  @typescript-eslint/no-unused-expressions
13:51982  Error: Unexpected aliasing of 'this' to local variable.  @typescript-eslint/no-this-alias
13:52002  Warning: Expected an assignment or function call and instead saw an expression.  @typescript-eslint/no-unused-expressions
13:52162  Error: Unexpected aliasing of 'this' to local variable.  @typescript-eslint/no-this-alias
13:52323  Warning: Expected an assignment or function call and instead saw an expression.  @typescript-eslint/no-unused-expressions
13:52523  Error: Unexpected aliasing of 'this' to local variable.  @typescript-eslint/no-this-alias
13:52530  Warning: Expected an assignment or function call and instead saw an expression.  @typescript-eslint/no-unused-expressions
13:52812  Error: Unexpected aliasing of 'this' to local variable.  @typescript-eslint/no-this-alias
13:52832  Warning: Expected an assignment or function call and instead saw an expression.  @typescript-eslint/no-unused-expressions
13:53105  Error: Unexpected aliasing of 'this' to local variable.  @typescript-eslint/no-this-alias
13:53424  Warning: Expected an assignment or function call and instead saw an expression.  @typescript-eslint/no-unused-expressions
13:53948  Warning: Expected an assignment or function call and instead saw an expression.  @typescript-eslint/no-unused-expressions
13:54099  Warning: Expected an assignment or function call and instead saw an expression.  @typescript-eslint/no-unused-expressions
13:54180  Warning: Expected an assignment or function call and instead saw an expression.  @typescript-eslint/no-unused-expressions
13:54974  Warning: Expected an assignment or function call and instead saw an expression.  @typescript-eslint/no-unused-expressions
13:55126  Error: Unexpected aliasing of 'this' to local variable.  @typescript-eslint/no-this-alias
13:55315  Warning: Expected an assignment or function call and instead saw an expression.  @typescript-eslint/no-unused-expressions
13:55545  Error: Unexpected aliasing of 'this' to local variable.  @typescript-eslint/no-this-alias
13:55647  Warning: Expected an assignment or function call and instead saw an expression.  @typescript-eslint/no-unused-expressions
13:55694  Warning: Expected an assignment or function call and instead saw an expression.  @typescript-eslint/no-unused-expressions
13:56119  Warning: Expected an assignment or function call and instead saw an expression.  @typescript-eslint/no-unused-expressions
13:56235  Warning: Expected an assignment or function call and instead saw an expression.  @typescript-eslint/no-unused-expressions
13:56400  Warning: Expected an assignment or function call and instead saw an expression.  @typescript-eslint/no-unused-expressions
13:56733  Error: Unexpected aliasing of 'this' to local variable.  @typescript-eslint/no-this-alias
13:56740  Warning: Expected an assignment or function call and instead saw an expression.  @typescript-eslint/no-unused-expressions
13:59002  Error: Unexpected aliasing of 'this' to local variable.  @typescript-eslint/no-this-alias
13:59009  Warning: Expected an assignment or function call and instead saw an expression.  @typescript-eslint/no-unused-expressions
13:59107  Error: Unexpected aliasing of 'this' to local variable.  @typescript-eslint/no-this-alias
13:59114  Warning: Expected an assignment or function call and instead saw an expression.  @typescript-eslint/no-unused-expressions
13:59222  Error: Unexpected aliasing of 'this' to local variable.  @typescript-eslint/no-this-alias
13:59309  Warning: Expected an assignment or function call and instead saw an expression.  @typescript-eslint/no-unused-expressions
13:59416  Error: Unexpected aliasing of 'this' to local variable.  @typescript-eslint/no-this-alias
13:59647  Error: Unexpected aliasing of 'this' to local variable.  @typescript-eslint/no-this-alias
13:59814  Error: Unexpected aliasing of 'this' to local variable.  @typescript-eslint/no-this-alias
13:59872  Warning: Expected an assignment or function call and instead saw an expression.  @typescript-eslint/no-unused-expressions
13:59923  Warning: Expected an assignment or function call and instead saw an expression.  @typescript-eslint/no-unused-expressions
13:60037  Warning: Expected an assignment or function call and instead saw an expression.  @typescript-eslint/no-unused-expressions
13:60329  Warning: Expected an assignment or function call and instead saw an expression.  @typescript-eslint/no-unused-expressions
13:60417  Warning: Expected an assignment or function call and instead saw an expression.  @typescript-eslint/no-unused-expressions
13:60523  Warning: Expected an assignment or function call and instead saw an expression.  @typescript-eslint/no-unused-expressions
13:60594  Warning: Expected an assignment or function call and instead saw an expression.  @typescript-eslint/no-unused-expressions
13:60638  Error: Unexpected aliasing of 'this' to local variable.  @typescript-eslint/no-this-alias
13:60821  Warning: Expected an assignment or function call and instead saw an expression.  @typescript-eslint/no-unused-expressions
13:60987  Warning: Expected an assignment or function call and instead saw an expression.  @typescript-eslint/no-unused-expressions
13:61127  Warning: Expected an assignment or function call and instead saw an expression.  @typescript-eslint/no-unused-expressions
13:61384  Warning: Expected an assignment or function call and instead saw an expression.  @typescript-eslint/no-unused-expressions
13:61391  Warning: Expected an assignment or function call and instead saw an expression.  @typescript-eslint/no-unused-expressions
13:61480  Warning: Expected an assignment or function call and instead saw an expression.  @typescript-eslint/no-unused-expressions
13:61505  Error: Unexpected aliasing of 'this' to local variable.  @typescript-eslint/no-this-alias
13:61823  Warning: Expected an assignment or function call and instead saw an expression.  @typescript-eslint/no-unused-expressions
13:61952  Error: Unexpected aliasing of 'this' to local variable.  @typescript-eslint/no-this-alias
13:61959  Warning: Expected an assignment or function call and instead saw an expression.  @typescript-eslint/no-unused-expressions
13:62259  Error: Unexpected aliasing of 'this' to local variable.  @typescript-eslint/no-this-alias
13:62374  Warning: Expected an assignment or function call and instead saw an expression.  @typescript-eslint/no-unused-expressions
13:63224  Error: Unexpected aliasing of 'this' to local variable.  @typescript-eslint/no-this-alias
13:63285  Warning: Expected an assignment or function call and instead saw an expression.  @typescript-eslint/no-unused-expressions
13:63891  Warning: Expected an assignment or function call and instead saw an expression.  @typescript-eslint/no-unused-expressions
13:64037  Warning: Expected an assignment or function call and instead saw an expression.  @typescript-eslint/no-unused-expressions
13:64081  Error: Unexpected aliasing of 'this' to local variable.  @typescript-eslint/no-this-alias
13:64353  Warning: Expected an assignment or function call and instead saw an expression.  @typescript-eslint/no-unused-expressions
13:64717  Warning: 'e' is defined but never used.  @typescript-eslint/no-unused-vars
13:64743  Warning: 'e' is defined but never used.  @typescript-eslint/no-unused-vars
13:64905  Warning: Expected an assignment or function call and instead saw an expression.  @typescript-eslint/no-unused-expressions
13:64994  Warning: Expected an assignment or function call and instead saw an expression.  @typescript-eslint/no-unused-expressions
13:65279  Warning: Expected an assignment or function call and instead saw an expression.  @typescript-eslint/no-unused-expressions
13:65478  Error: Unexpected aliasing of 'this' to local variable.  @typescript-eslint/no-this-alias
13:65509  Warning: Expected an assignment or function call and instead saw an expression.  @typescript-eslint/no-unused-expressions
13:65606  Warning: Expected an assignment or function call and instead saw an expression.  @typescript-eslint/no-unused-expressions
13:65741  Warning: Expected an assignment or function call and instead saw an expression.  @typescript-eslint/no-unused-expressions
13:65765  Warning: Expected an assignment or function call and instead saw an expression.  @typescript-eslint/no-unused-expressions
13:65863  Error: Unexpected aliasing of 'this' to local variable.  @typescript-eslint/no-this-alias
13:65908  Warning: Expected an assignment or function call and instead saw an expression.  @typescript-eslint/no-unused-expressions
13:66015  Warning: Expected an assignment or function call and instead saw an expression.  @typescript-eslint/no-unused-expressions
13:66153  Warning: Expected an assignment or function call and instead saw an expression.  @typescript-eslint/no-unused-expressions
13:66190  Warning: Expected an assignment or function call and instead saw an expression.  @typescript-eslint/no-unused-expressions
13:66308  Error: Unexpected aliasing of 'this' to local variable.  @typescript-eslint/no-this-alias
13:66361  Warning: Expected an assignment or function call and instead saw an expression.  @typescript-eslint/no-unused-expressions
13:66593  Warning: Expected an assignment or function call and instead saw an expression.  @typescript-eslint/no-unused-expressions
13:66682  Warning: Expected an assignment or function call and instead saw an expression.  @typescript-eslint/no-unused-expressions
13:66782  Warning: Expected an assignment or function call and instead saw an expression.  @typescript-eslint/no-unused-expressions
13:66938  Error: Unexpected aliasing of 'this' to local variable.  @typescript-eslint/no-this-alias
13:66980  Warning: Expected an assignment or function call and instead saw an expression.  @typescript-eslint/no-unused-expressions
13:67099  Warning: Expected an assignment or function call and instead saw an expression.  @typescript-eslint/no-unused-expressions
13:67173  Warning: Expected an assignment or function call and instead saw an expression.  @typescript-eslint/no-unused-expressions
13:67239  Warning: Expected an assignment or function call and instead saw an expression.  @typescript-eslint/no-unused-expressions
13:67394  Error: Unexpected aliasing of 'this' to local variable.  @typescript-eslint/no-this-alias
13:67620  Warning: Expected an assignment or function call and instead saw an expression.  @typescript-eslint/no-unused-expressions
13:67671  Warning: Expected an assignment or function call and instead saw an expression.  @typescript-eslint/no-unused-expressions
13:67814  Warning: Expected an assignment or function call and instead saw an expression.  @typescript-eslint/no-unused-expressions
13:67900  Warning: Expected an assignment or function call and instead saw an expression.  @typescript-eslint/no-unused-expressions
13:67955  Warning: Expected an assignment or function call and instead saw an expression.  @typescript-eslint/no-unused-expressions
13:68067  Warning: Expected an assignment or function call and instead saw an expression.  @typescript-eslint/no-unused-expressions
13:68280  Warning: Expected an assignment or function call and instead saw an expression.  @typescript-eslint/no-unused-expressions
13:68354  Warning: Expected an assignment or function call and instead saw an expression.  @typescript-eslint/no-unused-expressions
13:68679  Warning: Expected an assignment or function call and instead saw an expression.  @typescript-eslint/no-unused-expressions
13:68979  Warning: Expected an assignment or function call and instead saw an expression.  @typescript-eslint/no-unused-expressions
13:69318  Warning: Expected an assignment or function call and instead saw an expression.  @typescript-eslint/no-unused-expressions
13:69501  Warning: Expected an assignment or function call and instead saw an expression.  @typescript-eslint/no-unused-expressions
13:69573  Warning: Expected an assignment or function call and instead saw an expression.  @typescript-eslint/no-unused-expressions
13:69629  Warning: Expected an assignment or function call and instead saw an expression.  @typescript-eslint/no-unused-expressions
13:69644  Warning: Expected an assignment or function call and instead saw an expression.  @typescript-eslint/no-unused-expressions
13:69824  Warning: Expected an assignment or function call and instead saw an expression.  @typescript-eslint/no-unused-expressions
13:69886  Warning: Expected an assignment or function call and instead saw an expression.  @typescript-eslint/no-unused-expressions
13:70107  Warning: Expected an assignment or function call and instead saw an expression.  @typescript-eslint/no-unused-expressions
13:70356  Warning: Expected an assignment or function call and instead saw an expression.  @typescript-eslint/no-unused-expressions
13:70568  Warning: Expected an assignment or function call and instead saw an expression.  @typescript-eslint/no-unused-expressions
13:70640  Warning: Expected an assignment or function call and instead saw an expression.  @typescript-eslint/no-unused-expressions
13:70813  Warning: Expected an assignment or function call and instead saw an expression.  @typescript-eslint/no-unused-expressions
13:70993  Warning: Expected an assignment or function call and instead saw an expression.  @typescript-eslint/no-unused-expressions
13:71100  Warning: Expected an assignment or function call and instead saw an expression.  @typescript-eslint/no-unused-expressions
13:72104  Warning: Expected an assignment or function call and instead saw an expression.  @typescript-eslint/no-unused-expressions
13:72179  Warning: Expected an assignment or function call and instead saw an expression.  @typescript-eslint/no-unused-expressions
13:72324  Warning: Expected an assignment or function call and instead saw an expression.  @typescript-eslint/no-unused-expressions
13:72431  Warning: Expected an assignment or function call and instead saw an expression.  @typescript-eslint/no-unused-expressions
13:73612  Warning: Expected an assignment or function call and instead saw an expression.  @typescript-eslint/no-unused-expressions
13:73800  Warning: Expected an assignment or function call and instead saw an expression.  @typescript-eslint/no-unused-expressions
13:73869  Warning: Expected an assignment or function call and instead saw an expression.  @typescript-eslint/no-unused-expressions
13:73987  Warning: Expected an assignment or function call and instead saw an expression.  @typescript-eslint/no-unused-expressions
13:74190  Warning: Expected an assignment or function call and instead saw an expression.  @typescript-eslint/no-unused-expressions
13:74252  Warning: Expected an assignment or function call and instead saw an expression.  @typescript-eslint/no-unused-expressions
13:74332  Warning: Expected an assignment or function call and instead saw an expression.  @typescript-eslint/no-unused-expressions
13:74548  Warning: Expected an assignment or function call and instead saw an expression.  @typescript-eslint/no-unused-expressions
13:74699  Warning: Expected an assignment or function call and instead saw an expression.  @typescript-eslint/no-unused-expressions
13:74919  Warning: Expected an assignment or function call and instead saw an expression.  @typescript-eslint/no-unused-expressions
13:75100  Warning: Expected an assignment or function call and instead saw an expression.  @typescript-eslint/no-unused-expressions
13:75137  Warning: Expected an assignment or function call and instead saw an expression.  @typescript-eslint/no-unused-expressions
13:75250  Warning: Expected an assignment or function call and instead saw an expression.  @typescript-eslint/no-unused-expressions
13:75335  Warning: Expected an assignment or function call and instead saw an expression.  @typescript-eslint/no-unused-expressions
13:75440  Warning: Expected an assignment or function call and instead saw an expression.  @typescript-eslint/no-unused-expressions
13:75575  Warning: Expected an assignment or function call and instead saw an expression.  @typescript-eslint/no-unused-expressions
13:75671  Warning: Expected an assignment or function call and instead saw an expression.  @typescript-eslint/no-unused-expressions
13:75881  Warning: Expected an assignment or function call and instead saw an expression.  @typescript-eslint/no-unused-expressions
13:75974  Warning: Expected an assignment or function call and instead saw an expression.  @typescript-eslint/no-unused-expressions
13:76173  Warning: Expected an assignment or function call and instead saw an expression.  @typescript-eslint/no-unused-expressions
13:76222  Warning: Expected an assignment or function call and instead saw an expression.  @typescript-eslint/no-unused-expressions
13:76461  Warning: Expected an assignment or function call and instead saw an expression.  @typescript-eslint/no-unused-expressions
13:77236  Warning: Expected an assignment or function call and instead saw an expression.  @typescript-eslint/no-unused-expressions
13:77471  Warning: Expected an assignment or function call and instead saw an expression.  @typescript-eslint/no-unused-expressions
13:77782  Warning: Expected an assignment or function call and instead saw an expression.  @typescript-eslint/no-unused-expressions
13:77871  Warning: Expected an assignment or function call and instead saw an expression.  @typescript-eslint/no-unused-expressions
13:77950  Warning: Expected an assignment or function call and instead saw an expression.  @typescript-eslint/no-unused-expressions
13:78048  Warning: Expected an assignment or function call and instead saw an expression.  @typescript-eslint/no-unused-expressions
13:78100  Warning: Expected an assignment or function call and instead saw an expression.  @typescript-eslint/no-unused-expressions
13:78248  Warning: Expected an assignment or function call and instead saw an expression.  @typescript-eslint/no-unused-expressions
13:78501  Warning: Expected an assignment or function call and instead saw an expression.  @typescript-eslint/no-unused-expressions
13:78545  Warning: Expected an assignment or function call and instead saw an expression.  @typescript-eslint/no-unused-expressions
13:79126  Warning: Expected an assignment or function call and instead saw an expression.  @typescript-eslint/no-unused-expressions
13:79174  Warning: Expected an assignment or function call and instead saw an expression.  @typescript-eslint/no-unused-expressions
13:79366  Warning: Expected an assignment or function call and instead saw an expression.  @typescript-eslint/no-unused-expressions
13:80183  Warning: Expected an assignment or function call and instead saw an expression.  @typescript-eslint/no-unused-expressions
13:81047  Warning: Expected an assignment or function call and instead saw an expression.  @typescript-eslint/no-unused-expressions
13:81305  Warning: Expected an assignment or function call and instead saw an expression.  @typescript-eslint/no-unused-expressions
13:81381  Warning: Expected an assignment or function call and instead saw an expression.  @typescript-eslint/no-unused-expressions
13:81395  Warning: Expected an assignment or function call and instead saw an expression.  @typescript-eslint/no-unused-expressions
13:81705  Warning: Expected an assignment or function call and instead saw an expression.  @typescript-eslint/no-unused-expressions
13:82143  Warning: Expected an assignment or function call and instead saw an expression.  @typescript-eslint/no-unused-expressions
13:82627  Warning: Expected an assignment or function call and instead saw an expression.  @typescript-eslint/no-unused-expressions
13:82642  Warning: Expected an assignment or function call and instead saw an expression.  @typescript-eslint/no-unused-expressions
13:82748  Warning: Expected an assignment or function call and instead saw an expression.  @typescript-eslint/no-unused-expressions
13:83287  Warning: Expected an assignment or function call and instead saw an expression.  @typescript-eslint/no-unused-expressions
13:83576  Warning: Expected an assignment or function call and instead saw an expression.  @typescript-eslint/no-unused-expressions
13:83658  Warning: Expected an assignment or function call and instead saw an expression.  @typescript-eslint/no-unused-expressions
13:83777  Warning: Expected an assignment or function call and instead saw an expression.  @typescript-eslint/no-unused-expressions
13:84112  Warning: Expected an assignment or function call and instead saw an expression.  @typescript-eslint/no-unused-expressions
13:84190  Warning: Expected an assignment or function call and instead saw an expression.  @typescript-eslint/no-unused-expressions
13:84295  Warning: Expected an assignment or function call and instead saw an expression.  @typescript-eslint/no-unused-expressions
13:84400  Warning: Expected an assignment or function call and instead saw an expression.  @typescript-eslint/no-unused-expressions
13:84430  Warning: Expected an assignment or function call and instead saw an expression.  @typescript-eslint/no-unused-expressions
13:84545  Warning: Expected an assignment or function call and instead saw an expression.  @typescript-eslint/no-unused-expressions
13:84601  Warning: Expected an assignment or function call and instead saw an expression.  @typescript-eslint/no-unused-expressions
13:84870  Warning: Expected an assignment or function call and instead saw an expression.  @typescript-eslint/no-unused-expressions
13:85051  Warning: Expected an assignment or function call and instead saw an expression.  @typescript-eslint/no-unused-expressions
13:85227  Warning: Expected an assignment or function call and instead saw an expression.  @typescript-eslint/no-unused-expressions
13:85459  Warning: Expected an assignment or function call and instead saw an expression.  @typescript-eslint/no-unused-expressions
13:85754  Warning: Expected an assignment or function call and instead saw an expression.  @typescript-eslint/no-unused-expressions
13:85877  Warning: Expected an assignment or function call and instead saw an expression.  @typescript-eslint/no-unused-expressions
13:86095  Warning: Expected an assignment or function call and instead saw an expression.  @typescript-eslint/no-unused-expressions
13:87025  Warning: Expected an assignment or function call and instead saw an expression.  @typescript-eslint/no-unused-expressions
13:88632  Warning: Expected an assignment or function call and instead saw an expression.  @typescript-eslint/no-unused-expressions
13:89092  Warning: Expected an assignment or function call and instead saw an expression.  @typescript-eslint/no-unused-expressions
13:89162  Warning: Expected an assignment or function call and instead saw an expression.  @typescript-eslint/no-unused-expressions
13:89754  Warning: Expected an assignment or function call and instead saw an expression.  @typescript-eslint/no-unused-expressions
13:89839  Warning: Expected an assignment or function call and instead saw an expression.  @typescript-eslint/no-unused-expressions
13:89956  Warning: Expected an assignment or function call and instead saw an expression.  @typescript-eslint/no-unused-expressions
13:90556  Warning: Expected an assignment or function call and instead saw an expression.  @typescript-eslint/no-unused-expressions
13:90634  Warning: Expected an assignment or function call and instead saw an expression.  @typescript-eslint/no-unused-expressions
13:90797  Warning: Expected an assignment or function call and instead saw an expression.  @typescript-eslint/no-unused-expressions
13:91162  Warning: Expected an assignment or function call and instead saw an expression.  @typescript-eslint/no-unused-expressions
13:91500  Warning: Expected an assignment or function call and instead saw an expression.  @typescript-eslint/no-unused-expressions
13:91937  Warning: Expected an assignment or function call and instead saw an expression.  @typescript-eslint/no-unused-expressions
13:92535  Warning: Expected an assignment or function call and instead saw an expression.  @typescript-eslint/no-unused-expressions
13:92561  Warning: Expected an assignment or function call and instead saw an expression.  @typescript-eslint/no-unused-expressions
13:92929  Warning: Expected an assignment or function call and instead saw an expression.  @typescript-eslint/no-unused-expressions
13:93048  Warning: Expected an assignment or function call and instead saw an expression.  @typescript-eslint/no-unused-expressions
13:93070  Warning: Expected an assignment or function call and instead saw an expression.  @typescript-eslint/no-unused-expressions
13:93213  Warning: Expected an assignment or function call and instead saw an expression.  @typescript-eslint/no-unused-expressions
13:93295  Warning: Expected an assignment or function call and instead saw an expression.  @typescript-eslint/no-unused-expressions
13:93388  Warning: Expected an assignment or function call and instead saw an expression.  @typescript-eslint/no-unused-expressions
13:93472  Warning: Expected an assignment or function call and instead saw an expression.  @typescript-eslint/no-unused-expressions
13:93971  Warning: Expected an assignment or function call and instead saw an expression.  @typescript-eslint/no-unused-expressions
13:94187  Warning: Expected an assignment or function call and instead saw an expression.  @typescript-eslint/no-unused-expressions
13:94411  Warning: Expected an assignment or function call and instead saw an expression.  @typescript-eslint/no-unused-expressions
13:94860  Warning: Expected an assignment or function call and instead saw an expression.  @typescript-eslint/no-unused-expressions
13:95156  Warning: Expected an assignment or function call and instead saw an expression.  @typescript-eslint/no-unused-expressions
13:95319  Warning: Expected an assignment or function call and instead saw an expression.  @typescript-eslint/no-unused-expressions
13:95951  Warning: Expected an assignment or function call and instead saw an expression.  @typescript-eslint/no-unused-expressions
13:96121  Warning: Expected an assignment or function call and instead saw an expression.  @typescript-eslint/no-unused-expressions
13:96292  Warning: Expected an assignment or function call and instead saw an expression.  @typescript-eslint/no-unused-expressions
13:96733  Warning: Expected an assignment or function call and instead saw an expression.  @typescript-eslint/no-unused-expressions
13:97012  Warning: Expected an assignment or function call and instead saw an expression.  @typescript-eslint/no-unused-expressions
13:97147  Warning: Expected an assignment or function call and instead saw an expression.  @typescript-eslint/no-unused-expressions
13:97510  Warning: Expected an assignment or function call and instead saw an expression.  @typescript-eslint/no-unused-expressions
13:97858  Warning: Expected an assignment or function call and instead saw an expression.  @typescript-eslint/no-unused-expressions
13:97922  Warning: Expected an assignment or function call and instead saw an expression.  @typescript-eslint/no-unused-expressions
13:98478  Warning: Expected an assignment or function call and instead saw an expression.  @typescript-eslint/no-unused-expressions
13:98606  Warning: Expected an assignment or function call and instead saw an expression.  @typescript-eslint/no-unused-expressions
13:99041  Warning: Expected an assignment or function call and instead saw an expression.  @typescript-eslint/no-unused-expressions
13:99063  Warning: Expected an assignment or function call and instead saw an expression.  @typescript-eslint/no-unused-expressions
13:99206  Warning: Expected an assignment or function call and instead saw an expression.  @typescript-eslint/no-unused-expressions
13:99390  Warning: Expected an assignment or function call and instead saw an expression.  @typescript-eslint/no-unused-expressions
13:99403  Warning: Expected an assignment or function call and instead saw an expression.  @typescript-eslint/no-unused-expressions
13:99553  Warning: Expected an assignment or function call and instead saw an expression.  @typescript-eslint/no-unused-expressions
13:99671  Warning: Expected an assignment or function call and instead saw an expression.  @typescript-eslint/no-unused-expressions
13:99877  Warning: Expected an assignment or function call and instead saw an expression.  @typescript-eslint/no-unused-expressions
13:101101  Warning: 'l' is assigned a value but never used.  @typescript-eslint/no-unused-vars
13:101115  Warning: Expected an assignment or function call and instead saw an expression.  @typescript-eslint/no-unused-expressions
13:101214  Warning: Expected an assignment or function call and instead saw an expression.  @typescript-eslint/no-unused-expressions
13:101423  Warning: Expected an assignment or function call and instead saw an expression.  @typescript-eslint/no-unused-expressions
13:101444  Warning: Expected an assignment or function call and instead saw an expression.  @typescript-eslint/no-unused-expressions
13:101563  Warning: Expected an assignment or function call and instead saw an expression.  @typescript-eslint/no-unused-expressions
13:101620  Warning: Expected an assignment or function call and instead saw an expression.  @typescript-eslint/no-unused-expressions
13:101681  Warning: Expected an assignment or function call and instead saw an expression.  @typescript-eslint/no-unused-expressions
13:101720  Warning: Expected an assignment or function call and instead saw an expression.  @typescript-eslint/no-unused-expressions
13:101803  Warning: Expected an assignment or function call and instead saw an expression.  @typescript-eslint/no-unused-expressions
13:101934  Warning: Expected an assignment or function call and instead saw an expression.  @typescript-eslint/no-unused-expressions
13:102061  Warning: Expected an assignment or function call and instead saw an expression.  @typescript-eslint/no-unused-expressions
13:103380  Warning: Expected an assignment or function call and instead saw an expression.  @typescript-eslint/no-unused-expressions
13:104000  Warning: Expected an assignment or function call and instead saw an expression.  @typescript-eslint/no-unused-expressions
13:104178  Warning: Expected an assignment or function call and instead saw an expression.  @typescript-eslint/no-unused-expressions
13:104645  Warning: Expected an assignment or function call and instead saw an expression.  @typescript-eslint/no-unused-expressions
13:105426  Warning: Expected an assignment or function call and instead saw an expression.  @typescript-eslint/no-unused-expressions
13:105825  Warning: Expected an assignment or function call and instead saw an expression.  @typescript-eslint/no-unused-expressions
13:106599  Warning: Expected an assignment or function call and instead saw an expression.  @typescript-eslint/no-unused-expressions
13:106840  Warning: Expected an assignment or function call and instead saw an expression.  @typescript-eslint/no-unused-expressions
13:107843  Warning: Expected an assignment or function call and instead saw an expression.  @typescript-eslint/no-unused-expressions
13:108255  Warning: Expected an assignment or function call and instead saw an expression.  @typescript-eslint/no-unused-expressions
13:108552  Warning: Expected an assignment or function call and instead saw an expression.  @typescript-eslint/no-unused-expressions
13:108782  Warning: Expected an assignment or function call and instead saw an expression.  @typescript-eslint/no-unused-expressions
13:109049  Warning: Expected an assignment or function call and instead saw an expression.  @typescript-eslint/no-unused-expressions
13:109091  Warning: Expected an assignment or function call and instead saw an expression.  @typescript-eslint/no-unused-expressions
13:109824  Warning: Expected an assignment or function call and instead saw an expression.  @typescript-eslint/no-unused-expressions
13:110025  Warning: Expected an assignment or function call and instead saw an expression.  @typescript-eslint/no-unused-expressions
13:110178  Warning: Expected an assignment or function call and instead saw an expression.  @typescript-eslint/no-unused-expressions
13:110622  Warning: Expected an assignment or function call and instead saw an expression.  @typescript-eslint/no-unused-expressions
13:110938  Warning: Expected an assignment or function call and instead saw an expression.  @typescript-eslint/no-unused-expressions
13:111296  Warning: Expected an assignment or function call and instead saw an expression.  @typescript-eslint/no-unused-expressions
13:111547  Warning: Expected an assignment or function call and instead saw an expression.  @typescript-eslint/no-unused-expressions
13:111686  Warning: Expected an assignment or function call and instead saw an expression.  @typescript-eslint/no-unused-expressions
13:111765  Warning: Expected an assignment or function call and instead saw an expression.  @typescript-eslint/no-unused-expressions
13:111853  Warning: Expected an assignment or function call and instead saw an expression.  @typescript-eslint/no-unused-expressions
13:111938  Warning: Expected an assignment or function call and instead saw an expression.  @typescript-eslint/no-unused-expressions
13:112010  Warning: 'e' is defined but never used.  @typescript-eslint/no-unused-vars
13:112012  Warning: 's' is defined but never used.  @typescript-eslint/no-unused-vars
13:112017  Warning: Expected an assignment or function call and instead saw an expression.  @typescript-eslint/no-unused-expressions
13:112149  Warning: Expected an assignment or function call and instead saw an expression.  @typescript-eslint/no-unused-expressions
13:112245  Warning: Expected an assignment or function call and instead saw an expression.  @typescript-eslint/no-unused-expressions
13:112351  Warning: Expected an assignment or function call and instead saw an expression.  @typescript-eslint/no-unused-expressions
13:112420  Warning: Expected an assignment or function call and instead saw an expression.  @typescript-eslint/no-unused-expressions
13:112796  Warning: Expected an assignment or function call and instead saw an expression.  @typescript-eslint/no-unused-expressions
13:112903  Warning: Expected an assignment or function call and instead saw an expression.  @typescript-eslint/no-unused-expressions
13:112971  Warning: Expected an assignment or function call and instead saw an expression.  @typescript-eslint/no-unused-expressions
13:113233  Warning: Expected an assignment or function call and instead saw an expression.  @typescript-eslint/no-unused-expressions
13:113479  Warning: Expected an assignment or function call and instead saw an expression.  @typescript-eslint/no-unused-expressions
13:113578  Warning: Expected an assignment or function call and instead saw an expression.  @typescript-eslint/no-unused-expressions
13:113943  Warning: Expected an assignment or function call and instead saw an expression.  @typescript-eslint/no-unused-expressions
13:114215  Warning: Expected an assignment or function call and instead saw an expression.  @typescript-eslint/no-unused-expressions
13:114333  Warning: Expected an assignment or function call and instead saw an expression.  @typescript-eslint/no-unused-expressions
13:114621  Warning: Expected an assignment or function call and instead saw an expression.  @typescript-eslint/no-unused-expressions
13:115198  Warning: Expected an assignment or function call and instead saw an expression.  @typescript-eslint/no-unused-expressions
13:115239  Warning: Expected an assignment or function call and instead saw an expression.  @typescript-eslint/no-unused-expressions
13:115361  Warning: Expected an assignment or function call and instead saw an expression.  @typescript-eslint/no-unused-expressions
13:115497  Warning: Expected an assignment or function call and instead saw an expression.  @typescript-eslint/no-unused-expressions
13:115567  Warning: Expected an assignment or function call and instead saw an expression.  @typescript-eslint/no-unused-expressions
13:115608  Warning: Expected an assignment or function call and instead saw an expression.  @typescript-eslint/no-unused-expressions
13:115688  Warning: Expected an assignment or function call and instead saw an expression.  @typescript-eslint/no-unused-expressions
13:116197  Warning: Expected an assignment or function call and instead saw an expression.  @typescript-eslint/no-unused-expressions
13:117078  Warning: Expected an assignment or function call and instead saw an expression.  @typescript-eslint/no-unused-expressions
13:117328  Warning: Expected an assignment or function call and instead saw an expression.  @typescript-eslint/no-unused-expressions
13:117558  Warning: Expected an assignment or function call and instead saw an expression.  @typescript-eslint/no-unused-expressions
13:117726  Warning: Expected an assignment or function call and instead saw an expression.  @typescript-eslint/no-unused-expressions
13:117799  Warning: Expected an assignment or function call and instead saw an expression.  @typescript-eslint/no-unused-expressions
13:117860  Warning: Expected an assignment or function call and instead saw an expression.  @typescript-eslint/no-unused-expressions
13:117902  Warning: 'e' is defined but never used.  @typescript-eslint/no-unused-vars
13:118225  Warning: Expected an assignment or function call and instead saw an expression.  @typescript-eslint/no-unused-expressions
13:118373  Warning: Expected an assignment or function call and instead saw an expression.  @typescript-eslint/no-unused-expressions
13:118450  Warning: Expected an assignment or function call and instead saw an expression.  @typescript-eslint/no-unused-expressions
13:118582  Warning: Expected an assignment or function call and instead saw an expression.  @typescript-eslint/no-unused-expressions
13:118857  Warning: Expected an assignment or function call and instead saw an expression.  @typescript-eslint/no-unused-expressions
13:119225  Warning: Expected an assignment or function call and instead saw an expression.  @typescript-eslint/no-unused-expressions
13:119583  Warning: Expected an assignment or function call and instead saw an expression.  @typescript-eslint/no-unused-expressions
13:119781  Warning: Expected an assignment or function call and instead saw an expression.  @typescript-eslint/no-unused-expressions
13:119802  Warning: Expected an assignment or function call and instead saw an expression.  @typescript-eslint/no-unused-expressions
13:119946  Warning: Expected an assignment or function call and instead saw an expression.  @typescript-eslint/no-unused-expressions
13:120049  Warning: Expected an assignment or function call and instead saw an expression.  @typescript-eslint/no-unused-expressions
13:120127  Warning: Expected an assignment or function call and instead saw an expression.  @typescript-eslint/no-unused-expressions
13:120255  Warning: Expected an assignment or function call and instead saw an expression.  @typescript-eslint/no-unused-expressions
13:120368  Warning: Expected an assignment or function call and instead saw an expression.  @typescript-eslint/no-unused-expressions
13:120424  Warning: Expected an assignment or function call and instead saw an expression.  @typescript-eslint/no-unused-expressions
13:120463  Warning: Expected an assignment or function call and instead saw an expression.  @typescript-eslint/no-unused-expressions
13:120766  Warning: Expected an assignment or function call and instead saw an expression.  @typescript-eslint/no-unused-expressions
13:120800  Warning: Expected an assignment or function call and instead saw an expression.  @typescript-eslint/no-unused-expressions
13:120866  Warning: Expected an assignment or function call and instead saw an expression.  @typescript-eslint/no-unused-expressions
13:121063  Warning: Expected an assignment or function call and instead saw an expression.  @typescript-eslint/no-unused-expressions
13:121993  Warning: Expected an assignment or function call and instead saw an expression.  @typescript-eslint/no-unused-expressions
13:122074  Warning: Expected an assignment or function call and instead saw an expression.  @typescript-eslint/no-unused-expressions
13:122124  Warning: Expected an assignment or function call and instead saw an expression.  @typescript-eslint/no-unused-expressions
13:122190  Warning: Expected an assignment or function call and instead saw an expression.  @typescript-eslint/no-unused-expressions
13:122512  Warning: Expected an assignment or function call and instead saw an expression.  @typescript-eslint/no-unused-expressions
13:122560  Warning: Expected an assignment or function call and instead saw an expression.  @typescript-eslint/no-unused-expressions
13:122575  Warning: Expected an assignment or function call and instead saw an expression.  @typescript-eslint/no-unused-expressions
13:122752  Warning: Expected an assignment or function call and instead saw an expression.  @typescript-eslint/no-unused-expressions
13:122987  Warning: Expected an assignment or function call and instead saw an expression.  @typescript-eslint/no-unused-expressions
13:123031  Warning: Expected an assignment or function call and instead saw an expression.  @typescript-eslint/no-unused-expressions
13:123156  Warning: Expected an assignment or function call and instead saw an expression.  @typescript-eslint/no-unused-expressions
13:123222  Warning: Expected an assignment or function call and instead saw an expression.  @typescript-eslint/no-unused-expressions
13:124358  Warning: Expected an assignment or function call and instead saw an expression.  @typescript-eslint/no-unused-expressions
13:124529  Warning: Expected an assignment or function call and instead saw an expression.  @typescript-eslint/no-unused-expressions
13:124544  Warning: Expected an assignment or function call and instead saw an expression.  @typescript-eslint/no-unused-expressions
13:124825  Warning: Expected an assignment or function call and instead saw an expression.  @typescript-eslint/no-unused-expressions
13:124921  Warning: Expected an assignment or function call and instead saw an expression.  @typescript-eslint/no-unused-expressions
13:125082  Warning: Expected an assignment or function call and instead saw an expression.  @typescript-eslint/no-unused-expressions
13:125114  Warning: Expected an assignment or function call and instead saw an expression.  @typescript-eslint/no-unused-expressions
13:125212  Warning: Expected an assignment or function call and instead saw an expression.  @typescript-eslint/no-unused-expressions
13:125530  Warning: Expected an assignment or function call and instead saw an expression.  @typescript-eslint/no-unused-expressions
13:125700  Warning: Expected an assignment or function call and instead saw an expression.  @typescript-eslint/no-unused-expressions
13:125790  Warning: Expected an assignment or function call and instead saw an expression.  @typescript-eslint/no-unused-expressions
13:125927  Warning: Expected an assignment or function call and instead saw an expression.  @typescript-eslint/no-unused-expressions
13:125998  Warning: Expected an assignment or function call and instead saw an expression.  @typescript-eslint/no-unused-expressions
13:126277  Warning: Expected an assignment or function call and instead saw an expression.  @typescript-eslint/no-unused-expressions
13:126360  Warning: Expected an assignment or function call and instead saw an expression.  @typescript-eslint/no-unused-expressions
13:126917  Warning: Expected an assignment or function call and instead saw an expression.  @typescript-eslint/no-unused-expressions
13:126993  Warning: Expected an assignment or function call and instead saw an expression.  @typescript-eslint/no-unused-expressions
13:127127  Warning: Expected an assignment or function call and instead saw an expression.  @typescript-eslint/no-unused-expressions
13:127166  Warning: Expected an assignment or function call and instead saw an expression.  @typescript-eslint/no-unused-expressions
13:127387  Warning: Expected an assignment or function call and instead saw an expression.  @typescript-eslint/no-unused-expressions
13:127471  Warning: Expected an assignment or function call and instead saw an expression.  @typescript-eslint/no-unused-expressions
13:127682  Warning: Expected an assignment or function call and instead saw an expression.  @typescript-eslint/no-unused-expressions
13:127767  Warning: Expected an assignment or function call and instead saw an expression.  @typescript-eslint/no-unused-expressions
13:127849  Warning: Expected an assignment or function call and instead saw an expression.  @typescript-eslint/no-unused-expressions
13:127905  Warning: Expected an assignment or function call and instead saw an expression.  @typescript-eslint/no-unused-expressions
13:127920  Warning: Expected an assignment or function call and instead saw an expression.  @typescript-eslint/no-unused-expressions
13:128136  Warning: Expected an assignment or function call and instead saw an expression.  @typescript-eslint/no-unused-expressions
13:128328  Warning: Expected an assignment or function call and instead saw an expression.  @typescript-eslint/no-unused-expressions
13:128380  Warning: Expected an assignment or function call and instead saw an expression.  @typescript-eslint/no-unused-expressions
13:128472  Warning: Expected an assignment or function call and instead saw an expression.  @typescript-eslint/no-unused-expressions
13:128593  Warning: Expected an assignment or function call and instead saw an expression.  @typescript-eslint/no-unused-expressions
13:128706  Warning: Expected an assignment or function call and instead saw an expression.  @typescript-eslint/no-unused-expressions
13:128890  Warning: Expected an assignment or function call and instead saw an expression.  @typescript-eslint/no-unused-expressions
13:128951  Warning: Expected an assignment or function call and instead saw an expression.  @typescript-eslint/no-unused-expressions
13:129474  Warning: Expected an assignment or function call and instead saw an expression.  @typescript-eslint/no-unused-expressions
13:129708  Warning: Expected an assignment or function call and instead saw an expression.  @typescript-eslint/no-unused-expressions
13:129994  Warning: Expected an assignment or function call and instead saw an expression.  @typescript-eslint/no-unused-expressions
13:130792  Warning: Expected an assignment or function call and instead saw an expression.  @typescript-eslint/no-unused-expressions
13:131094  Warning: Expected an assignment or function call and instead saw an expression.  @typescript-eslint/no-unused-expressions
13:131167  Warning: Expected an assignment or function call and instead saw an expression.  @typescript-eslint/no-unused-expressions
13:131215  Warning: Expected an assignment or function call and instead saw an expression.  @typescript-eslint/no-unused-expressions
13:131428  Warning: Expected an assignment or function call and instead saw an expression.  @typescript-eslint/no-unused-expressions
13:131678  Warning: Expected an assignment or function call and instead saw an expression.  @typescript-eslint/no-unused-expressions
13:131729  Warning: Expected an assignment or function call and instead saw an expression.  @typescript-eslint/no-unused-expressions
13:131890  Warning: Expected an assignment or function call and instead saw an expression.  @typescript-eslint/no-unused-expressions
13:131951  Warning: Expected an assignment or function call and instead saw an expression.  @typescript-eslint/no-unused-expressions
13:132073  Warning: Expected an assignment or function call and instead saw an expression.  @typescript-eslint/no-unused-expressions
13:132160  Warning: Expected an assignment or function call and instead saw an expression.  @typescript-eslint/no-unused-expressions
13:132295  Warning: Expected an assignment or function call and instead saw an expression.  @typescript-eslint/no-unused-expressions
13:132547  Warning: Expected an assignment or function call and instead saw an expression.  @typescript-eslint/no-unused-expressions
13:132777  Warning: Expected an assignment or function call and instead saw an expression.  @typescript-eslint/no-unused-expressions
13:133217  Warning: Expected an assignment or function call and instead saw an expression.  @typescript-eslint/no-unused-expressions
13:133436  Warning: Expected an assignment or function call and instead saw an expression.  @typescript-eslint/no-unused-expressions
13:133587  Warning: Expected an assignment or function call and instead saw an expression.  @typescript-eslint/no-unused-expressions
13:133730  Warning: Expected an assignment or function call and instead saw an expression.  @typescript-eslint/no-unused-expressions
13:133842  Warning: Expected an assignment or function call and instead saw an expression.  @typescript-eslint/no-unused-expressions
13:134044  Warning: Expected an assignment or function call and instead saw an expression.  @typescript-eslint/no-unused-expressions
13:134301  Warning: Expected an assignment or function call and instead saw an expression.  @typescript-eslint/no-unused-expressions
13:134721  Warning: Expected an assignment or function call and instead saw an expression.  @typescript-eslint/no-unused-expressions
13:134872  Warning: Expected an assignment or function call and instead saw an expression.  @typescript-eslint/no-unused-expressions
13:134975  Warning: Expected an assignment or function call and instead saw an expression.  @typescript-eslint/no-unused-expressions
13:135003  Warning: Expected an assignment or function call and instead saw an expression.  @typescript-eslint/no-unused-expressions
13:135230  Warning: Expected an assignment or function call and instead saw an expression.  @typescript-eslint/no-unused-expressions
13:135393  Warning: Expected an assignment or function call and instead saw an expression.  @typescript-eslint/no-unused-expressions
13:135437  Warning: Expected an assignment or function call and instead saw an expression.  @typescript-eslint/no-unused-expressions
13:135840  Warning: Expected an assignment or function call and instead saw an expression.  @typescript-eslint/no-unused-expressions
13:135960  Warning: Expected an assignment or function call and instead saw an expression.  @typescript-eslint/no-unused-expressions
13:136422  Warning: Expected an assignment or function call and instead saw an expression.  @typescript-eslint/no-unused-expressions
13:136550  Warning: Expected an assignment or function call and instead saw an expression.  @typescript-eslint/no-unused-expressions
13:136582  Warning: Expected an assignment or function call and instead saw an expression.  @typescript-eslint/no-unused-expressions
13:136948  Warning: Expected an assignment or function call and instead saw an expression.  @typescript-eslint/no-unused-expressions
13:137008  Warning: Expected an assignment or function call and instead saw an expression.  @typescript-eslint/no-unused-expressions
13:137124  Warning: Expected an assignment or function call and instead saw an expression.  @typescript-eslint/no-unused-expressions
13:137600  Warning: Expected an assignment or function call and instead saw an expression.  @typescript-eslint/no-unused-expressions
13:137656  Warning: Expected an assignment or function call and instead saw an expression.  @typescript-eslint/no-unused-expressions
13:137907  Warning: Expected an assignment or function call and instead saw an expression.  @typescript-eslint/no-unused-expressions
13:138006  Warning: Expected an assignment or function call and instead saw an expression.  @typescript-eslint/no-unused-expressions
13:138102  Warning: Expected an assignment or function call and instead saw an expression.  @typescript-eslint/no-unused-expressions
13:138154  Warning: Expected an assignment or function call and instead saw an expression.  @typescript-eslint/no-unused-expressions
13:138303  Warning: Expected an assignment or function call and instead saw an expression.  @typescript-eslint/no-unused-expressions
13:138426  Warning: Expected an assignment or function call and instead saw an expression.  @typescript-eslint/no-unused-expressions
13:139009  Warning: Expected an assignment or function call and instead saw an expression.  @typescript-eslint/no-unused-expressions
13:139520  Warning: Expected an assignment or function call and instead saw an expression.  @typescript-eslint/no-unused-expressions
13:139812  Warning: Expected an assignment or function call and instead saw an expression.  @typescript-eslint/no-unused-expressions
13:139905  Warning: Expected an assignment or function call and instead saw an expression.  @typescript-eslint/no-unused-expressions
13:139996  Warning: Expected an assignment or function call and instead saw an expression.  @typescript-eslint/no-unused-expressions
13:140214  Warning: Expected an assignment or function call and instead saw an expression.  @typescript-eslint/no-unused-expressions
13:140949  Warning: Expected an assignment or function call and instead saw an expression.  @typescript-eslint/no-unused-expressions
13:141186  Warning: Expected an assignment or function call and instead saw an expression.  @typescript-eslint/no-unused-expressions
13:141502  Warning: Expected an assignment or function call and instead saw an expression.  @typescript-eslint/no-unused-expressions
13:142222  Warning: Expected an assignment or function call and instead saw an expression.  @typescript-eslint/no-unused-expressions
13:142562  Warning: Expected an assignment or function call and instead saw an expression.  @typescript-eslint/no-unused-expressions
13:142723  Warning: Expected an assignment or function call and instead saw an expression.  @typescript-eslint/no-unused-expressions
13:143092  Warning: Expected an assignment or function call and instead saw an expression.  @typescript-eslint/no-unused-expressions
13:143107  Warning: Expected an assignment or function call and instead saw an expression.  @typescript-eslint/no-unused-expressions
13:143397  Warning: Expected an assignment or function call and instead saw an expression.  @typescript-eslint/no-unused-expressions
13:143456  Warning: Expected an assignment or function call and instead saw an expression.  @typescript-eslint/no-unused-expressions
13:143782  Warning: Expected an assignment or function call and instead saw an expression.  @typescript-eslint/no-unused-expressions
13:144284  Warning: Expected an assignment or function call and instead saw an expression.  @typescript-eslint/no-unused-expressions
13:144409  Warning: Expected an assignment or function call and instead saw an expression.  @typescript-eslint/no-unused-expressions
13:145020  Warning: Expected an assignment or function call and instead saw an expression.  @typescript-eslint/no-unused-expressions
13:145222  Warning: Expected an assignment or function call and instead saw an expression.  @typescript-eslint/no-unused-expressions
13:146225  Warning: Expected an assignment or function call and instead saw an expression.  @typescript-eslint/no-unused-expressions
13:146394  Warning: Expected an assignment or function call and instead saw an expression.  @typescript-eslint/no-unused-expressions
13:146490  Warning: Expected an assignment or function call and instead saw an expression.  @typescript-eslint/no-unused-expressions
13:146668  Warning: Expected an assignment or function call and instead saw an expression.  @typescript-eslint/no-unused-expressions
13:147247  Warning: Expected an assignment or function call and instead saw an expression.  @typescript-eslint/no-unused-expressions
13:147382  Warning: Expected an assignment or function call and instead saw an expression.  @typescript-eslint/no-unused-expressions
13:147397  Warning: Expected an assignment or function call and instead saw an expression.  @typescript-eslint/no-unused-expressions
13:147776  Warning: Expected an assignment or function call and instead saw an expression.  @typescript-eslint/no-unused-expressions
13:148164  Warning: Expected an assignment or function call and instead saw an expression.  @typescript-eslint/no-unused-expressions
13:148713  Warning: Expected an assignment or function call and instead saw an expression.  @typescript-eslint/no-unused-expressions
13:148913  Warning: Expected an assignment or function call and instead saw an expression.  @typescript-eslint/no-unused-expressions
13:149145  Warning: Expected an assignment or function call and instead saw an expression.  @typescript-eslint/no-unused-expressions
13:149358  Warning: Expected an assignment or function call and instead saw an expression.  @typescript-eslint/no-unused-expressions
13:149373  Warning: Expected an assignment or function call and instead saw an expression.  @typescript-eslint/no-unused-expressions

./src/components/3d/ScanViewer.tsx
1:1  Error: Do not use "@ts-nocheck" because it alters compilation errors.  @typescript-eslint/ban-ts-comment
6:1  Error: Use "@ts-expect-error" instead of "@ts-ignore", as "@ts-ignore" will do nothing if the following line is error-free.  @typescript-eslint/ban-ts-comment
8:1  Error: Use "@ts-expect-error" instead of "@ts-ignore", as "@ts-ignore" will do nothing if the following line is error-free.  @typescript-eslint/ban-ts-comment
47:9  Error: Use "@ts-expect-error" instead of "@ts-ignore", as "@ts-ignore" will do nothing if the following line is error-free.  @typescript-eslint/ban-ts-comment
82:24  Error: Unexpected any. Specify a different type.  @typescript-eslint/no-explicit-any
107:21  Error: 'cameraZ' is never reassigned. Use 'const' instead.  prefer-const
121:14  Warning: 'xhr' is defined but never used.  @typescript-eslint/no-unused-vars
154:26  Warning: The ref value 'mountRef.current' will likely have changed by the time this effect cleanup function runs. If this ref points to a node rendered by React, copy 'mountRef.current' to a variable inside the effect, and use that variable in the cleanup function.  react-hooks/exhaustive-deps

./src/components/HeadingTitle-examples.tsx
62:59  Error: `'` can be escaped with `&apos;`, `&lsquo;`, `&#39;`, `&rsquo;`.  react/no-unescaped-entities
130:51  Error: `'` can be escaped with `&apos;`, `&lsquo;`, `&#39;`, `&rsquo;`.  react/no-unescaped-entities

./src/components/TreatmentPlanViewer3D.tsx
29:62  Error: `'` can be escaped with `&apos;`, `&lsquo;`, `&#39;`, `&rsquo;`.  react/no-unescaped-entities

./src/components/charts/PatientsEvolutionChart.tsx
43:11  Warning: 'AnimationProgressContext' is defined but never used.  @typescript-eslint/no-unused-vars

./src/components/dashboard-sidebar.tsx
34:3  Warning: 'PuzzleIcon' is defined but never used.  @typescript-eslint/no-unused-vars
35:3  Warning: 'GraduationCapIcon' is defined but never used.  @typescript-eslint/no-unused-vars
36:3  Warning: 'StoreIcon' is defined but never used.  @typescript-eslint/no-unused-vars
37:3  Warning: 'ShoppingBagIcon' is defined but never used.  @typescript-eslint/no-unused-vars
39:3  Warning: 'ShoppingCartIcon' is defined but never used.  @typescript-eslint/no-unused-vars
40:3  Warning: 'CalendarIcon' is defined but never used.  @typescript-eslint/no-unused-vars
291:60  Error: Unexpected any. Specify a different type.  @typescript-eslint/no-explicit-any

./src/components/dental-chart/index.tsx
3:79  Warning: 'useLayoutEffect' is defined but never used.  @typescript-eslint/no-unused-vars
63:32  Error: Unexpected any. Specify a different type.  @typescript-eslint/no-explicit-any
188:11  Warning: Using `<img>` could result in slower LCP and higher bandwidth. Consider using `<Image />` from `next/image` or a custom image loader to automatically optimize images. This may incur additional usage or cost from your provider. See: https://nextjs.org/docs/messages/no-img-element  @next/next/no-img-element
257:21  Error: Use "@ts-expect-error" instead of "@ts-ignore", as "@ts-ignore" will do nothing if the following line is error-free.  @typescript-eslint/ban-ts-comment

./src/components/preferences-cliniques/Sidebar.tsx
1:10  Warning: 'Info' is defined but never used.  @typescript-eslint/no-unused-vars
10:7  Warning: 'menuItems' is assigned a value but never used.  @typescript-eslint/no-unused-vars

./src/components/preferences-cliniques/ui/RadioGroup.tsx
21:3  Warning: 'name' is defined but never used.  @typescript-eslint/no-unused-vars
23:3  Warning: 'showInfo' is defined but never used.  @typescript-eslint/no-unused-vars

./src/components/prescription/prescription.tsx
3:1  Error: Use "@ts-expect-error" instead of "@ts-ignore", as "@ts-ignore" will do nothing if the following line is error-free.  @typescript-eslint/ban-ts-comment
5:1  Error: Use "@ts-expect-error" instead of "@ts-ignore", as "@ts-ignore" will do nothing if the following line is error-free.  @typescript-eslint/ban-ts-comment
7:1  Error: Use "@ts-expect-error" instead of "@ts-ignore", as "@ts-ignore" will do nothing if the following line is error-free.  @typescript-eslint/ban-ts-comment
8:8  Warning: 'anamnese' is defined but never used.  @typescript-eslint/no-unused-vars
9:1  Error: Use "@ts-expect-error" instead of "@ts-ignore", as "@ts-ignore" will do nothing if the following line is error-free.  @typescript-eslint/ban-ts-comment
11:10  Warning: 'doc' is defined but never used.  @typescript-eslint/no-unused-vars
11:15  Warning: 'getDoc' is defined but never used.  @typescript-eslint/no-unused-vars
11:23  Warning: 'collection' is defined but never used.  @typescript-eslint/no-unused-vars
11:35  Warning: 'where' is defined but never used.  @typescript-eslint/no-unused-vars
11:42  Warning: 'getDocs' is defined but never used.  @typescript-eslint/no-unused-vars
11:51  Warning: 'query' is defined but never used.  @typescript-eslint/no-unused-vars
13:10  Warning: 'db' is defined but never used.  @typescript-eslint/no-unused-vars
13:14  Warning: 'storage' is defined but never used.  @typescript-eslint/no-unused-vars
26:10  Warning: 'Badge' is defined but never used.  @typescript-eslint/no-unused-vars
30:22  Error: Unexpected any. Specify a different type.  @typescript-eslint/no-explicit-any
31:20  Error: Unexpected any. Specify a different type.  @typescript-eslint/no-explicit-any
32:21  Error: Unexpected any. Specify a different type.  @typescript-eslint/no-explicit-any
32:35  Error: Unexpected any. Specify a different type.  @typescript-eslint/no-explicit-any
33:21  Error: Unexpected any. Specify a different type.  @typescript-eslint/no-explicit-any
103:22  Error: Component definition is missing display name  react/display-name
105:10  Warning: 'modifications' is assigned a value but never used.  @typescript-eslint/no-unused-vars
111:10  Warning: 'showTextualGrid' is assigned a value but never used.  @typescript-eslint/no-unused-vars
112:10  Warning: 'showChartPreview' is assigned a value but never used.  @typescript-eslint/no-unused-vars
113:10  Warning: 'chartImage' is assigned a value but never used.  @typescript-eslint/no-unused-vars
114:33  Error: Unexpected any. Specify a different type.  @typescript-eslint/no-explicit-any
120:9  Warning: 'getTeethTypeCode' is assigned a value but never used.  @typescript-eslint/no-unused-vars
224:38  Error: Unexpected any. Specify a different type.  @typescript-eslint/no-explicit-any
225:9  Warning: 'userId' is assigned a value but never used.  @typescript-eslint/no-unused-vars
226:9  Warning: 'router' is assigned a value but never used.  @typescript-eslint/no-unused-vars
264:9  Warning: 'convertToothNumberToNotation' is assigned a value but never used.  @typescript-eslint/no-unused-vars
279:48  Error: Unexpected any. Specify a different type.  @typescript-eslint/no-explicit-any
351:6  Warning: React Hook useEffect has a missing dependency: 'formState'. Either include it or remove the dependency array.  react-hooks/exhaustive-deps
381:9  Warning: 'handleNestedRadioChange' is assigned a value but never used.  @typescript-eslint/no-unused-vars
397:13  Error: Use "@ts-expect-error" instead of "@ts-ignore", as "@ts-ignore" will do nothing if the following line is error-free.  @typescript-eslint/ban-ts-comment
399:39  Error: Unexpected any. Specify a different type.  @typescript-eslint/no-explicit-any
400:57  Error: Unexpected any. Specify a different type.  @typescript-eslint/no-explicit-any
421:13  Error: Use "@ts-expect-error" instead of "@ts-ignore", as "@ts-ignore" will do nothing if the following line is error-free.  @typescript-eslint/ban-ts-comment
423:39  Error: Unexpected any. Specify a different type.  @typescript-eslint/no-explicit-any
504:9  Warning: 'handleRestrictionsChange' is assigned a value but never used.  @typescript-eslint/no-unused-vars
573:54  Warning: 'value' is defined but never used.  @typescript-eslint/no-unused-vars
595:9  Warning: 'handleEspecesSpecifiquesChange' is assigned a value but never used.  @typescript-eslint/no-unused-vars
603:9  Warning: 'validateForm' is assigned a value but never used.  @typescript-eslint/no-unused-vars
717:9  Warning: 'handleSectionModification' is assigned a value but never used.  @typescript-eslint/no-unused-vars
717:44  Error: Unexpected any. Specify a different type.  @typescript-eslint/no-explicit-any
730:11  Warning: Using `<img>` could result in slower LCP and higher bandwidth. Consider using `<Image />` from `next/image` or a custom image loader to automatically optimize images. This may incur additional usage or cost from your provider. See: https://nextjs.org/docs/messages/no-img-element  @next/next/no-img-element
830:41  Warning: 'doc' is defined but never used.  @typescript-eslint/no-unused-vars
830:46  Warning: 'element' is defined but never used.  @typescript-eslint/no-unused-vars
1219:62  Error: `'` can be escaped with `&apos;`, `&lsquo;`, `&#39;`, `&rsquo;`.  react/no-unescaped-entities
1219:117  Error: `'` can be escaped with `&apos;`, `&lsquo;`, `&#39;`, `&rsquo;`.  react/no-unescaped-entities
1246:58  Error: `'` can be escaped with `&apos;`, `&lsquo;`, `&#39;`, `&rsquo;`.  react/no-unescaped-entities
1285:58  Error: `'` can be escaped with `&apos;`, `&lsquo;`, `&#39;`, `&rsquo;`.  react/no-unescaped-entities
1323:57  Error: `'` can be escaped with `&apos;`, `&lsquo;`, `&#39;`, `&rsquo;`.  react/no-unescaped-entities
1323:128  Error: `'` can be escaped with `&apos;`, `&lsquo;`, `&#39;`, `&rsquo;`.  react/no-unescaped-entities
1343:61  Error: `'` can be escaped with `&apos;`, `&lsquo;`, `&#39;`, `&rsquo;`.  react/no-unescaped-entities
1353:50  Error: `'` can be escaped with `&apos;`, `&lsquo;`, `&#39;`, `&rsquo;`.  react/no-unescaped-entities
1382:61  Error: `'` can be escaped with `&apos;`, `&lsquo;`, `&#39;`, `&rsquo;`.  react/no-unescaped-entities
1392:54  Error: `'` can be escaped with `&apos;`, `&lsquo;`, `&#39;`, `&rsquo;`.  react/no-unescaped-entities
1566:62  Error: `'` can be escaped with `&apos;`, `&lsquo;`, `&#39;`, `&rsquo;`.  react/no-unescaped-entities
1566:90  Error: `'` can be escaped with `&apos;`, `&lsquo;`, `&#39;`, `&rsquo;`.  react/no-unescaped-entities
1576:46  Error: `'` can be escaped with `&apos;`, `&lsquo;`, `&#39;`, `&rsquo;`.  react/no-unescaped-entities
1589:63  Error: `'` can be escaped with `&apos;`, `&lsquo;`, `&#39;`, `&rsquo;`.  react/no-unescaped-entities
1589:106  Error: `'` can be escaped with `&apos;`, `&lsquo;`, `&#39;`, `&rsquo;`.  react/no-unescaped-entities
1632:82  Error: `'` can be escaped with `&apos;`, `&lsquo;`, `&#39;`, `&rsquo;`.  react/no-unescaped-entities
1632:99  Error: `'` can be escaped with `&apos;`, `&lsquo;`, `&#39;`, `&rsquo;`.  react/no-unescaped-entities
1633:22  Error: `'` can be escaped with `&apos;`, `&lsquo;`, `&#39;`, `&rsquo;`.  react/no-unescaped-entities
1654:57  Error: `'` can be escaped with `&apos;`, `&lsquo;`, `&#39;`, `&rsquo;`.  react/no-unescaped-entities
1664:61  Error: `'` can be escaped with `&apos;`, `&lsquo;`, `&#39;`, `&rsquo;`.  react/no-unescaped-entities

./src/components/ui/calendar.tsx
3:10  Warning: 'ChevronLeft' is defined but never used.  @typescript-eslint/no-unused-vars
3:23  Warning: 'ChevronRight' is defined but never used.  @typescript-eslint/no-unused-vars

./src/components/ui/chart.tsx
278:27  Error: Unexpected any. Specify a different type.  @typescript-eslint/no-explicit-any

./src/components/ui/diamond-card-examples.tsx
22:70  Error: `'` can be escaped with `&apos;`, `&lsquo;`, `&#39;`, `&rsquo;`.  react/no-unescaped-entities
87:14  Error: `'` can be escaped with `&apos;`, `&lsquo;`, `&#39;`, `&rsquo;`.  react/no-unescaped-entities

./src/components/ui/radio-group.tsx
5:10  Warning: 'CircleIcon' is defined but never used.  @typescript-eslint/no-unused-vars

./src/firebase/firebase.js
38:3  Warning: 'analytics' is assigned a value but never used.  @typescript-eslint/no-unused-vars

./src/hooks/use-patient-step.ts
63:29  Warning: 'step' is defined but never used.  @typescript-eslint/no-unused-vars

./src/hooks/useTranslation.ts
8:36  Error: Unexpected any. Specify a different type.  @typescript-eslint/no-explicit-any

./src/lib/trpc/routers/_app.ts
13:25  Error: Unexpected any. Specify a different type.  @typescript-eslint/no-explicit-any

./src/lib/trpc/routers/patients.ts
109:71  Error: Unexpected any. Specify a different type.  @typescript-eslint/no-explicit-any

./src/types/index.ts
60:13  Error: Unexpected any. Specify a different type.  @typescript-eslint/no-explicit-any
61:12  Error: Unexpected any. Specify a different type.  @typescript-eslint/no-explicit-any
208:14  Error: Unexpected any. Specify a different type.  @typescript-eslint/no-explicit-any
209:21  Error: Unexpected any. Specify a different type.  @typescript-eslint/no-explicit-any
210:13  Error: Unexpected any. Specify a different type.  @typescript-eslint/no-explicit-any
211:15  Error: Unexpected any. Specify a different type.  @typescript-eslint/no-explicit-any
325:35  Error: Unexpected any. Specify a different type.  @typescript-eslint/no-explicit-any
326:33  Error: Unexpected any. Specify a different type.  @typescript-eslint/no-explicit-any
327:26  Error: Unexpected any. Specify a different type.  @typescript-eslint/no-explicit-any
328:31  Error: Unexpected any. Specify a different type.  @typescript-eslint/no-explicit-any
329:34  Error: Unexpected any. Specify a different type.  @typescript-eslint/no-explicit-any
330:35  Error: Unexpected any. Specify a different type.  @typescript-eslint/no-explicit-any
331:38  Error: Unexpected any. Specify a different type.  @typescript-eslint/no-explicit-any
332:36  Error: Unexpected any. Specify a different type.  @typescript-eslint/no-explicit-any
333:32  Error: Unexpected any. Specify a different type.  @typescript-eslint/no-explicit-any
339:12  Error: Unexpected any. Specify a different type.  @typescript-eslint/no-explicit-any
358:12  Error: Unexpected any. Specify a different type.  @typescript-eslint/no-explicit-any
388:12  Error: Unexpected any. Specify a different type.  @typescript-eslint/no-explicit-any
444:11  Error: Unexpected any. Specify a different type.  @typescript-eslint/no-explicit-any
457:11  Error: Unexpected any. Specify a different type.  @typescript-eslint/no-explicit-any

./src/utils/pdfInvoice.js
23:72  Warning: 'invoiceNumber' is assigned a value but never used.  @typescript-eslint/no-unused-vars

info  - Need to disable some ESLint rules? Learn more here: https://nextjs.org/docs/app/api-reference/config/eslint#disabling-rules
